Archive member included to satisfy reference by file (symbol)

c:/progra~1/raspbe~1/picosd~1.1/gcc-ar~1/bin/../lib/gcc/arm-none-eabi/10.3.1/thumb/v6-m/nofp\libgcc.a(_dvmd_tls.o)
                              CMakeFiles/practica_3.dir/C_/Program_Files/Raspberry_Pi/Pico_SDK_v1.5.1/pico-sdk/src/rp2_common/pico_divider/divider.S.obj (__aeabi_idiv0)
c:/progra~1/raspbe~1/picosd~1.1/gcc-ar~1/bin/../lib/gcc/arm-none-eabi/10.3.1/../../../../arm-none-eabi/lib/thumb/v6-m/nofp\libg.a(lib_a-calloc.o)
                              CMakeFiles/practica_3.dir/C_/Program_Files/Raspberry_Pi/Pico_SDK_v1.5.1/pico-sdk/src/rp2_common/pico_malloc/pico_malloc.c.obj (calloc)
c:/progra~1/raspbe~1/picosd~1.1/gcc-ar~1/bin/../lib/gcc/arm-none-eabi/10.3.1/../../../../arm-none-eabi/lib/thumb/v6-m/nofp\libg.a(lib_a-callocr.o)
                              c:/progra~1/raspbe~1/picosd~1.1/gcc-ar~1/bin/../lib/gcc/arm-none-eabi/10.3.1/../../../../arm-none-eabi/lib/thumb/v6-m/nofp\libg.a(lib_a-calloc.o) (_calloc_r)
c:/progra~1/raspbe~1/picosd~1.1/gcc-ar~1/bin/../lib/gcc/arm-none-eabi/10.3.1/../../../../arm-none-eabi/lib/thumb/v6-m/nofp\libg.a(lib_a-errno.o)
                              c:/progra~1/raspbe~1/picosd~1.1/gcc-ar~1/bin/../lib/gcc/arm-none-eabi/10.3.1/../../../../arm-none-eabi/lib/thumb/v6-m/nofp\libg.a(lib_a-callocr.o) (__errno)
c:/progra~1/raspbe~1/picosd~1.1/gcc-ar~1/bin/../lib/gcc/arm-none-eabi/10.3.1/../../../../arm-none-eabi/lib/thumb/v6-m/nofp\libg.a(lib_a-fclose.o)
                              CMakeFiles/practica_3.dir/tcl.c.obj (fclose)
c:/progra~1/raspbe~1/picosd~1.1/gcc-ar~1/bin/../lib/gcc/arm-none-eabi/10.3.1/../../../../arm-none-eabi/lib/thumb/v6-m/nofp\libg.a(lib_a-fflush.o)
                              c:/progra~1/raspbe~1/picosd~1.1/gcc-ar~1/bin/../lib/gcc/arm-none-eabi/10.3.1/../../../../arm-none-eabi/lib/thumb/v6-m/nofp\libg.a(lib_a-fclose.o) (__sflush_r)
c:/progra~1/raspbe~1/picosd~1.1/gcc-ar~1/bin/../lib/gcc/arm-none-eabi/10.3.1/../../../../arm-none-eabi/lib/thumb/v6-m/nofp\libg.a(lib_a-findfp.o)
                              c:/progra~1/raspbe~1/picosd~1.1/gcc-ar~1/bin/../lib/gcc/arm-none-eabi/10.3.1/../../../../arm-none-eabi/lib/thumb/v6-m/nofp\libg.a(lib_a-fclose.o) (__sinit)
c:/progra~1/raspbe~1/picosd~1.1/gcc-ar~1/bin/../lib/gcc/arm-none-eabi/10.3.1/../../../../arm-none-eabi/lib/thumb/v6-m/nofp\libg.a(lib_a-fopen.o)
                              CMakeFiles/practica_3.dir/tcl.c.obj (fopen)
c:/progra~1/raspbe~1/picosd~1.1/gcc-ar~1/bin/../lib/gcc/arm-none-eabi/10.3.1/../../../../arm-none-eabi/lib/thumb/v6-m/nofp\libg.a(lib_a-fprintf.o)
                              CMakeFiles/practica_3.dir/tcl.c.obj (fprintf)
c:/progra~1/raspbe~1/picosd~1.1/gcc-ar~1/bin/../lib/gcc/arm-none-eabi/10.3.1/../../../../arm-none-eabi/lib/thumb/v6-m/nofp\libg.a(lib_a-freer.o)
                              c:/progra~1/raspbe~1/picosd~1.1/gcc-ar~1/bin/../lib/gcc/arm-none-eabi/10.3.1/../../../../arm-none-eabi/lib/thumb/v6-m/nofp\libg.a(lib_a-fclose.o) (_free_r)
c:/progra~1/raspbe~1/picosd~1.1/gcc-ar~1/bin/../lib/gcc/arm-none-eabi/10.3.1/../../../../arm-none-eabi/lib/thumb/v6-m/nofp\libg.a(lib_a-fscanf.o)
                              CMakeFiles/practica_3.dir/tcl.c.obj (fscanf)
c:/progra~1/raspbe~1/picosd~1.1/gcc-ar~1/bin/../lib/gcc/arm-none-eabi/10.3.1/../../../../arm-none-eabi/lib/thumb/v6-m/nofp\libg.a(lib_a-fseek.o)
                              c:/progra~1/raspbe~1/picosd~1.1/gcc-ar~1/bin/../lib/gcc/arm-none-eabi/10.3.1/../../../../arm-none-eabi/lib/thumb/v6-m/nofp\libg.a(lib_a-fopen.o) (_fseek_r)
c:/progra~1/raspbe~1/picosd~1.1/gcc-ar~1/bin/../lib/gcc/arm-none-eabi/10.3.1/../../../../arm-none-eabi/lib/thumb/v6-m/nofp\libg.a(lib_a-fseeko.o)
                              c:/progra~1/raspbe~1/picosd~1.1/gcc-ar~1/bin/../lib/gcc/arm-none-eabi/10.3.1/../../../../arm-none-eabi/lib/thumb/v6-m/nofp\libg.a(lib_a-fseek.o) (_fseeko_r)
c:/progra~1/raspbe~1/picosd~1.1/gcc-ar~1/bin/../lib/gcc/arm-none-eabi/10.3.1/../../../../arm-none-eabi/lib/thumb/v6-m/nofp\libg.a(lib_a-fstatr.o)
                              c:/progra~1/raspbe~1/picosd~1.1/gcc-ar~1/bin/../lib/gcc/arm-none-eabi/10.3.1/../../../../arm-none-eabi/lib/thumb/v6-m/nofp\libg.a(lib_a-fseeko.o) (_fstat_r)
c:/progra~1/raspbe~1/picosd~1.1/gcc-ar~1/bin/../lib/gcc/arm-none-eabi/10.3.1/../../../../arm-none-eabi/lib/thumb/v6-m/nofp\libg.a(lib_a-fwalk.o)
                              c:/progra~1/raspbe~1/picosd~1.1/gcc-ar~1/bin/../lib/gcc/arm-none-eabi/10.3.1/../../../../arm-none-eabi/lib/thumb/v6-m/nofp\libg.a(lib_a-findfp.o) (_fwalk)
c:/progra~1/raspbe~1/picosd~1.1/gcc-ar~1/bin/../lib/gcc/arm-none-eabi/10.3.1/../../../../arm-none-eabi/lib/thumb/v6-m/nofp\libg.a(lib_a-impure.o)
                              c:/progra~1/raspbe~1/picosd~1.1/gcc-ar~1/bin/../lib/gcc/arm-none-eabi/10.3.1/../../../../arm-none-eabi/lib/thumb/v6-m/nofp\libg.a(lib_a-fflush.o) (_global_impure_ptr)
[...]
Memory Configuration

Name             Origin             Length             Attributes
FLASH            0x10000000         0x00200000         xr
RAM              0x20000000         0x00040000         xrw
SCRATCH_X        0x20040000         0x00001000         xrw
SCRATCH_Y        0x20041000         0x00001000         xrw
*default*        0x00000000         0xffffffff

Linker script and memory map

LOAD c:/progra~1/raspbe~1/picosd~1.1/gcc-ar~1/bin/../lib/gcc/arm-none-eabi/10.3.1/thumb/v6-m/nofp/crti.o
LOAD c:/progra~1/raspbe~1/picosd~1.1/gcc-ar~1/bin/../lib/gcc/arm-none-eabi/10.3.1/thumb/v6-m/nofp/crtbegin.o
LOAD c:/progra~1/raspbe~1/picosd~1.1/gcc-ar~1/bin/../lib/gcc/arm-none-eabi/10.3.1/../../../../arm-none-eabi/lib/thumb/v6-m/nofp/crt0.o

.flash_begin    0x10000000        0x0
                0x10000000                __flash_binary_start = .

.boot2          0x10000000      0x100
                0x10000000                __boot2_start__ = .
 *(.boot2)
 .boot2         0x10000000      0x100 C:\Users\57321\AppData\Local\Temp\ccoh5RoY.o
                0x10000100                __boot2_end__ = .
                0x00000001                ASSERT (((__boot2_end__ - __boot2_start__) == 0x100), ERROR: Pico second stage bootloader must be 256 bytes in size)

.text           0x10000100    0x113d8
                0x10000100                __logical_binary_start = .
 *(.vectors)
 .vectors       0x10000100       0xd4 CMakeFiles/practica_3.dir/C_/Program_Files/Raspberry_Pi/Pico_SDK_v1.5.1/pico-sdk/src/rp2_common/pico_standard_link/crt0.S.obj
                0x10000100                __VECTOR_TABLE
                0x10000100                __vectors
                0x100001c0                isr_invalid
                0x100001c0                __default_isrs_start
                0x100001c2                isr_nmi
                0x100001c4                isr_hardfault
                0x100001c6                isr_svcall
                0x100001c8                isr_pendsv
                0x100001ca                isr_systick
                0x100001cc                isr_irq23
                0x100001cc                isr_irq18
                0x100001cc                isr_irq11
                0x100001cc                isr_irq28
                0x100001cc                isr_irq19
                0x100001cc                isr_irq0
                0x100001cc                isr_irq6
                0x100001cc                isr_irq5
                0x100001cc                isr_irq12
                0x100001cc                isr_irq22
                0x100001cc                isr_irq31
                0x100001cc                isr_irq17
                0x100001cc                isr_irq27
                0x100001cc                isr_irq30
                0x100001cc                isr_irq2
                0x100001cc                isr_irq10
                0x100001cc                isr_irq8
                0x100001cc                isr_irq24
                0x100001cc                isr_irq1
                0x100001cc                isr_irq7
                0x100001cc                isr_irq21
                0x100001cc                isr_irq20
                0x100001cc                isr_irq15
                0x100001cc                isr_irq25
                0x100001cc                isr_irq13
                0x100001cc                __unhandled_user_irq
                0x100001cc                isr_irq4
                0x100001cc                isr_irq16
                0x100001cc                isr_irq29
                0x100001cc                isr_irq26
                0x100001cc                __default_isrs_end
                0x100001cc                isr_irq3
                0x100001cc                isr_irq14
                0x100001cc                isr_irq9
                0x100001d2                unhandled_user_irq_num_in_r0
 *(.binary_info_header)
 .binary_info_header
                0x100001d4       0x14 CMakeFiles/practica_3.dir/C_/Program_Files/Raspberry_Pi/Pico_SDK_v1.5.1/pico-sdk/src/rp2_common/pico_standard_link/crt0.S.obj
                0x100001e8                __binary_info_header_end = .
 *(.reset)
 .reset         0x100001e8       0xa0 CMakeFiles/practica_3.dir/C_/Program_Files/Raspberry_Pi/Pico_SDK_v1.5.1/pico-sdk/src/rp2_common/pico_standard_link/crt0.S.obj
                0x100001e8                _entry_point
 .reset         0x10000288       0x30 CMakeFiles/practica_3.dir/C_/Program_Files/Raspberry_Pi/Pico_SDK_v1.5.1/pico-sdk/src/rp2_common/pico_standard_link/binary_info.c.obj
 *(.init)
 .init          0x100002b8        0x4 c:/progra~1/raspbe~1/picosd~1.1/gcc-ar~1/bin/../lib/gcc/arm-none-eabi/10.3.1/thumb/v6-m/nofp/crti.o
                0x100002b8                _init
 *(EXCLUDE_FILE(*libm.a: *libc.a:*lib_a-mem*.o *libgcc.a:) .text*)
 .text          0x100002bc       0x48 c:/progra~1/raspbe~1/picosd~1.1/gcc-ar~1/bin/../lib/gcc/arm-none-eabi/10.3.1/thumb/v6-m/nofp/crtbegin.o
 .text.get_absolute_time
                0x10000304       0x2c CMakeFiles/practica_3.dir/main.c.obj
 .text.main     0x10000330       0xd4 CMakeFiles/practica_3.dir/main.c.obj
                0x10000330                main
 .text.timer_callback
                0x10000404       0x8c CMakeFiles/practica_3.dir/tcl.c.obj
                0x10000404                timer_callback
 .text.gpio_callback
                0x10000490       0x98 CMakeFiles/practica_3.dir/tcl.c.obj
                0x10000490                gpio_callback
 .text.load_users
                0x10000528       0x94 CMakeFiles/practica_3.dir/tcl.c.obj
                0x10000528                load_users
 .text.save_users_to_file
                0x100005bc       0x80 CMakeFiles/practica_3.dir/tcl.c.obj
                0x100005bc                save_users_to_file
 .text.init_keypad
                0x1000063c       0xbc CMakeFiles/practica_3.dir/tcl.c.obj
                0x1000063c                init_keypad
 .text.find_user
                0x100006f8       0x40 CMakeFiles/practica_3.dir/tcl.c.obj
                0x100006f8                find_user
 .text.reset_state
                0x10000738       0x80 CMakeFiles/practica_3.dir/tcl.c.obj
                0x10000738                reset_state
 .text.handle_timeout
                0x100007b8       0x1c CMakeFiles/practica_3.dir/tcl.c.obj
                0x100007b8                handle_timeout
 .text.show_menu
                0x100007d4       0x40 CMakeFiles/practica_3.dir/tcl.c.obj
                0x100007d4                show_menu
 .text.withdraw_money
                0x10000814       0xd4 CMakeFiles/practica_3.dir/tcl.c.obj
                0x10000814                withdraw_money
 .text.check_balance
                0x100008e8       0x30 CMakeFiles/practica_3.dir/tcl.c.obj
                0x100008e8                check_balance
 .text.process_logged_in_state
                0x10000918       0x90 CMakeFiles/practica_3.dir/tcl.c.obj
                0x10000918                process_logged_in_state
 .text.process_key
                0x100009a8      0x244 CMakeFiles/practica_3.dir/tcl.c.obj
                0x100009a8                process_key
 .text.inicialization
                0x10000bec       0x2c CMakeFiles/practica_3.dir/s_luminosa.c.obj
                0x10000bec                inicialization
 .text.led_on_gpio10_5_seconds
                0x10000c18       0x1c CMakeFiles/practica_3.dir/s_luminosa.c.obj
                0x10000c18                led_on_gpio10_5_seconds
 .text.led_on_gpio11_2_seconds
                0x10000c34       0x18 CMakeFiles/practica_3.dir/s_luminosa.c.obj
                0x10000c34                led_on_gpio11_2_seconds
 .text.led_on_gpio12_permanently
                0x10000c4c        0xc CMakeFiles/practica_3.dir/s_luminosa.c.obj
                0x10000c4c                led_on_gpio12_permanently
 .text.led_off_gpio12
                0x10000c58        0xc CMakeFiles/practica_3.dir/s_luminosa.c.obj
                0x10000c58                led_off_gpio12
 .text.start_blink
                0x10000c64       0x30 CMakeFiles/practica_3.dir/s_luminosa.c.obj
                0x10000c64                start_blink
 .text.stop_blink
                0x10000c94       0x18 CMakeFiles/practica_3.dir/s_luminosa.c.obj
                0x10000c94                stop_blink
 .text.update_blink
                0x10000cac       0x58 CMakeFiles/practica_3.dir/s_luminosa.c.obj
                0x10000cac                update_blink
 .text.gpio_set_function
                0x10000d04       0x30 CMakeFiles/practica_3.dir/C_/Program_Files/Raspberry_Pi/Pico_SDK_v1.5.1/pico-sdk/src/rp2_common/hardware_gpio/gpio.c.obj
                0x10000d04                gpio_set_function
 .text.gpio_set_pulls
                0x10000d34       0x34 CMakeFiles/practica_3.dir/C_/Program_Files/Raspberry_Pi/Pico_SDK_v1.5.1/pico-sdk/src/rp2_common/hardware_gpio/gpio.c.obj
                0x10000d34                gpio_set_pulls
 .text.gpio_set_irq_callback
                0x10000d68       0x48 CMakeFiles/practica_3.dir/C_/Program_Files/Raspberry_Pi/Pico_SDK_v1.5.1/pico-sdk/src/rp2_common/hardware_gpio/gpio.c.obj
                0x10000d68                gpio_set_irq_callback
 .text.gpio_acknowledge_irq
                0x10000db0       0x18 CMakeFiles/practica_3.dir/C_/Program_Files/Raspberry_Pi/Pico_SDK_v1.5.1/pico-sdk/src/rp2_common/hardware_gpio/gpio.c.obj
                0x10000db0                gpio_acknowledge_irq
 .text._gpio_set_irq_enabled
                0x10000dc8       0x34 CMakeFiles/practica_3.dir/C_/Program_Files/Raspberry_Pi/Pico_SDK_v1.5.1/pico-sdk/src/rp2_common/hardware_gpio/gpio.c.obj
 .text.gpio_set_irq_enabled
                0x10000dfc       0x20 CMakeFiles/practica_3.dir/C_/Program_Files/Raspberry_Pi/Pico_SDK_v1.5.1/pico-sdk/src/rp2_common/hardware_gpio/gpio.c.obj
                0x10000dfc                gpio_set_irq_enabled
 .text.gpio_set_irq_enabled_with_callback
                0x10000e1c       0x20 CMakeFiles/practica_3.dir/C_/Program_Files/Raspberry_Pi/Pico_SDK_v1.5.1/pico-sdk/src/rp2_common/hardware_gpio/gpio.c.obj
                0x10000e1c                gpio_set_irq_enabled_with_callback
 .text.gpio_default_irq_handler
                0x10000e3c       0x98 CMakeFiles/practica_3.dir/C_/Program_Files/Raspberry_Pi/Pico_SDK_v1.5.1/pico-sdk/src/rp2_common/hardware_gpio/gpio.c.obj
 .text.gpio_init
                0x10000ed4       0x16 CMakeFiles/practica_3.dir/C_/Program_Files/Raspberry_Pi/Pico_SDK_v1.5.1/pico-sdk/src/rp2_common/hardware_gpio/gpio.c.obj
                0x10000ed4                gpio_init
 *fill*         0x10000eea        0x2 
 .text.running_on_fpga
                0x10000eec       0x14 CMakeFiles/practica_3.dir/C_/Program_Files/Raspberry_Pi/Pico_SDK_v1.5.1/pico-sdk/src/rp2_common/pico_platform/platform.c.obj
                0x10000eec                running_on_fpga
 .text.hw_claim_lock
                0x10000f00       0x18 CMakeFiles/practica_3.dir/C_/Program_Files/Raspberry_Pi/Pico_SDK_v1.5.1/pico-sdk/src/rp2_common/hardware_claim/claim.c.obj
                0x10000f00                hw_claim_lock
 .text.hw_claim_unlock
                0x10000f18       0x14 CMakeFiles/practica_3.dir/C_/Program_Files/Raspberry_Pi/Pico_SDK_v1.5.1/pico-sdk/src/rp2_common/hardware_claim/claim.c.obj
                0x10000f18                hw_claim_unlock
 .text.hw_claim_or_assert
                0x10000f2c       0x32 CMakeFiles/practica_3.dir/C_/Program_Files/Raspberry_Pi/Pico_SDK_v1.5.1/pico-sdk/src/rp2_common/hardware_claim/claim.c.obj
                0x10000f2c                hw_claim_or_assert
 .text.hw_claim_unused_from_range
                0x10000f5e       0x50 CMakeFiles/practica_3.dir/C_/Program_Files/Raspberry_Pi/Pico_SDK_v1.5.1/pico-sdk/src/rp2_common/hardware_claim/claim.c.obj
                0x10000f5e                hw_claim_unused_from_range
 *fill*         0x10000fae        0x2 
 .text.spin_locks_reset
                0x10000fb0       0x20 CMakeFiles/practica_3.dir/C_/Program_Files/Raspberry_Pi/Pico_SDK_v1.5.1/pico-sdk/src/rp2_common/hardware_sync/sync.c.obj
                0x10000fb0                spin_locks_reset
 .text.next_striped_spin_lock_num
                0x10000fd0       0x1c CMakeFiles/practica_3.dir/C_/Program_Files/Raspberry_Pi/Pico_SDK_v1.5.1/pico-sdk/src/rp2_common/hardware_sync/sync.c.obj
                0x10000fd0                next_striped_spin_lock_num
 .text.spin_lock_claim_unused
                0x10000fec       0x20 CMakeFiles/practica_3.dir/C_/Program_Files/Raspberry_Pi/Pico_SDK_v1.5.1/pico-sdk/src/rp2_common/hardware_sync/sync.c.obj
                0x10000fec                spin_lock_claim_unused
 .text.set_raw_irq_handler_and_unlock
                0x1000100c       0x28 CMakeFiles/practica_3.dir/C_/Program_Files/Raspberry_Pi/Pico_SDK_v1.5.1/pico-sdk/src/rp2_common/hardware_irq/irq.c.obj
 .text.make_branch
                0x10001034       0x48 CMakeFiles/practica_3.dir/C_/Program_Files/Raspberry_Pi/Pico_SDK_v1.5.1/pico-sdk/src/rp2_common/hardware_irq/irq.c.obj
 .text.insert_branch_and_link
                0x1000107c       0x40 CMakeFiles/practica_3.dir/C_/Program_Files/Raspberry_Pi/Pico_SDK_v1.5.1/pico-sdk/src/rp2_common/hardware_irq/irq.c.obj
 .text.irq_is_enabled
                0x100010bc       0x18 CMakeFiles/practica_3.dir/C_/Program_Files/Raspberry_Pi/Pico_SDK_v1.5.1/pico-sdk/src/rp2_common/hardware_irq/irq.c.obj
                0x100010bc                irq_is_enabled
 .text.irq_set_mask_enabled
                0x100010d4       0x20 CMakeFiles/practica_3.dir/C_/Program_Files/Raspberry_Pi/Pico_SDK_v1.5.1/pico-sdk/src/rp2_common/hardware_irq/irq.c.obj
                0x100010d4                irq_set_mask_enabled
 .text.irq_set_enabled
                0x100010f4        0xe CMakeFiles/practica_3.dir/C_/Program_Files/Raspberry_Pi/Pico_SDK_v1.5.1/pico-sdk/src/rp2_common/hardware_irq/irq.c.obj
                0x100010f4                irq_set_enabled
 *fill*         0x10001102        0x2 
 .text.irq_set_pending
                0x10001104       0x10 CMakeFiles/practica_3.dir/C_/Program_Files/Raspberry_Pi/Pico_SDK_v1.5.1/pico-sdk/src/rp2_common/hardware_irq/irq.c.obj
                0x10001104                irq_set_pending
 .text.irq_get_vtable_handler
                0x10001114       0x10 CMakeFiles/practica_3.dir/C_/Program_Files/Raspberry_Pi/Pico_SDK_v1.5.1/pico-sdk/src/rp2_common/hardware_irq/irq.c.obj
                0x10001114                irq_get_vtable_handler
 .text.irq_has_shared_handler
                0x10001124       0x24 CMakeFiles/practica_3.dir/C_/Program_Files/Raspberry_Pi/Pico_SDK_v1.5.1/pico-sdk/src/rp2_common/hardware_irq/irq.c.obj
                0x10001124                irq_has_shared_handler
 .text.irq_set_exclusive_handler
                0x10001148       0x54 CMakeFiles/practica_3.dir/C_/Program_Files/Raspberry_Pi/Pico_SDK_v1.5.1/pico-sdk/src/rp2_common/hardware_irq/irq.c.obj
                0x10001148                irq_set_exclusive_handler
 .text.irq_add_shared_handler
                0x1000119c      0x234 CMakeFiles/practica_3.dir/C_/Program_Files/Raspberry_Pi/Pico_SDK_v1.5.1/pico-sdk/src/rp2_common/hardware_irq/irq.c.obj
                0x1000119c                irq_add_shared_handler
 .text.irq_remove_handler
                0x100013d0      0x1ac CMakeFiles/practica_3.dir/C_/Program_Files/Raspberry_Pi/Pico_SDK_v1.5.1/pico-sdk/src/rp2_common/hardware_irq/irq.c.obj
                0x100013d0                irq_remove_handler
 .text.irq_add_tail_to_free_list
                0x1000157c       0xf0 CMakeFiles/practica_3.dir/C_/Program_Files/Raspberry_Pi/Pico_SDK_v1.5.1/pico-sdk/src/rp2_common/hardware_irq/irq.c.obj
                0x1000157c                irq_add_tail_to_free_list
 .text.irq_init_priorities
                0x1000166c       0x1c CMakeFiles/practica_3.dir/C_/Program_Files/Raspberry_Pi/Pico_SDK_v1.5.1/pico-sdk/src/rp2_common/hardware_irq/irq.c.obj
                0x1000166c                irq_init_priorities
 .text.user_irq_claim_unused
                0x10001688       0x28 CMakeFiles/practica_3.dir/C_/Program_Files/Raspberry_Pi/Pico_SDK_v1.5.1/pico-sdk/src/rp2_common/hardware_irq/irq.c.obj
                0x10001688                user_irq_claim_unused
 .text.lock_init
                0x100016b0       0x10 CMakeFiles/practica_3.dir/C_/Program_Files/Raspberry_Pi/Pico_SDK_v1.5.1/pico-sdk/src/common/pico_sync/lock_core.c.obj
                0x100016b0                lock_init
 .text.mutex_init
                0x100016c0       0x1a CMakeFiles/practica_3.dir/C_/Program_Files/Raspberry_Pi/Pico_SDK_v1.5.1/pico-sdk/src/common/pico_sync/mutex.c.obj
                0x100016c0                mutex_init
 .text.recursive_mutex_init
                0x100016da       0x1e CMakeFiles/practica_3.dir/C_/Program_Files/Raspberry_Pi/Pico_SDK_v1.5.1/pico-sdk/src/common/pico_sync/mutex.c.obj
                0x100016da                recursive_mutex_init
 .text.critical_section_init_with_lock_num
                0x100016f8       0x14 CMakeFiles/practica_3.dir/C_/Program_Files/Raspberry_Pi/Pico_SDK_v1.5.1/pico-sdk/src/common/pico_sync/critical_section.c.obj
                0x100016f8                critical_section_init_with_lock_num
 .text.critical_section_init
                0x1000170c       0x14 CMakeFiles/practica_3.dir/C_/Program_Files/Raspberry_Pi/Pico_SDK_v1.5.1/pico-sdk/src/common/pico_sync/critical_section.c.obj
                0x1000170c                critical_section_init
 .text.alarm_pool_post_alloc_init
                0x10001720       0x40 CMakeFiles/practica_3.dir/C_/Program_Files/Raspberry_Pi/Pico_SDK_v1.5.1/pico-sdk/src/common/pico_time/time.c.obj
 .text.sleep_until_callback
                0x10001760       0x30 CMakeFiles/practica_3.dir/C_/Program_Files/Raspberry_Pi/Pico_SDK_v1.5.1/pico-sdk/src/common/pico_time/time.c.obj
 .text.timer_pool_entry_comparator
                0x10001790       0x7c CMakeFiles/practica_3.dir/C_/Program_Files/Raspberry_Pi/Pico_SDK_v1.5.1/pico-sdk/src/common/pico_time/time.c.obj
                0x10001790                timer_pool_entry_comparator
 .text.ph_add_child_node
                0x1000180c       0xa4 CMakeFiles/practica_3.dir/C_/Program_Files/Raspberry_Pi/Pico_SDK_v1.5.1/pico-sdk/src/common/pico_time/time.c.obj
 .text.ph_merge_nodes
                0x100018b0       0x3e CMakeFiles/practica_3.dir/C_/Program_Files/Raspberry_Pi/Pico_SDK_v1.5.1/pico-sdk/src/common/pico_time/time.c.obj
 *fill*         0x100018ee        0x2 
 .text.add_alarm_under_lock
                0x100018f0      0x174 CMakeFiles/practica_3.dir/C_/Program_Files/Raspberry_Pi/Pico_SDK_v1.5.1/pico-sdk/src/common/pico_time/time.c.obj
 .text.alarm_pool_alarm_callback
                0x10001a64      0x33c CMakeFiles/practica_3.dir/C_/Program_Files/Raspberry_Pi/Pico_SDK_v1.5.1/pico-sdk/src/common/pico_time/time.c.obj
 .text.alarm_pool_init_default
                0x10001da0       0x40 CMakeFiles/practica_3.dir/C_/Program_Files/Raspberry_Pi/Pico_SDK_v1.5.1/pico-sdk/src/common/pico_time/time.c.obj
                0x10001da0                alarm_pool_init_default
 .text.alarm_pool_get_default
                0x10001de0       0x2c CMakeFiles/practica_3.dir/C_/Program_Files/Raspberry_Pi/Pico_SDK_v1.5.1/pico-sdk/src/common/pico_time/time.c.obj
                0x10001de0                alarm_pool_get_default
 .text.alarm_pool_add_alarm_at
                0x10001e0c      0x168 CMakeFiles/practica_3.dir/C_/Program_Files/Raspberry_Pi/Pico_SDK_v1.5.1/pico-sdk/src/common/pico_time/time.c.obj
                0x10001e0c                alarm_pool_add_alarm_at
 .text.alarm_pool_cancel_alarm
                0x10001f74       0xf8 CMakeFiles/practica_3.dir/C_/Program_Files/Raspberry_Pi/Pico_SDK_v1.5.1/pico-sdk/src/common/pico_time/time.c.obj
                0x10001f74                alarm_pool_cancel_alarm
 .text.alarm_pool_core_num
                0x1000206c        0x4 CMakeFiles/practica_3.dir/C_/Program_Files/Raspberry_Pi/Pico_SDK_v1.5.1/pico-sdk/src/common/pico_time/time.c.obj
                0x1000206c                alarm_pool_core_num
 .text.sleep_until
                0x10002070       0xfc CMakeFiles/practica_3.dir/C_/Program_Files/Raspberry_Pi/Pico_SDK_v1.5.1/pico-sdk/src/common/pico_time/time.c.obj
                0x10002070                sleep_until
 .text.sleep_us
                0x1000216c       0x58 CMakeFiles/practica_3.dir/C_/Program_Files/Raspberry_Pi/Pico_SDK_v1.5.1/pico-sdk/src/common/pico_time/time.c.obj
                0x1000216c                sleep_us
 .text.sleep_ms
                0x100021c4       0x14 CMakeFiles/practica_3.dir/C_/Program_Files/Raspberry_Pi/Pico_SDK_v1.5.1/pico-sdk/src/common/pico_time/time.c.obj
                0x100021c4                sleep_ms
 .text.best_effort_wfe_or_timeout
                0x100021d8       0xac CMakeFiles/practica_3.dir/C_/Program_Files/Raspberry_Pi/Pico_SDK_v1.5.1/pico-sdk/src/common/pico_time/time.c.obj
                0x100021d8                best_effort_wfe_or_timeout
 .text.hardware_alarm_irq_handler
                0x10002284       0x90 CMakeFiles/practica_3.dir/C_/Program_Files/Raspberry_Pi/Pico_SDK_v1.5.1/pico-sdk/src/rp2_common/hardware_timer/timer.c.obj
 .text.hardware_alarm_claim
                0x10002314       0x18 CMakeFiles/practica_3.dir/C_/Program_Files/Raspberry_Pi/Pico_SDK_v1.5.1/pico-sdk/src/rp2_common/hardware_timer/timer.c.obj
                0x10002314                hardware_alarm_claim
 .text.time_us_64
                0x1000232c       0x18 CMakeFiles/practica_3.dir/C_/Program_Files/Raspberry_Pi/Pico_SDK_v1.5.1/pico-sdk/src/rp2_common/hardware_timer/timer.c.obj
                0x1000232c                time_us_64
 .text.busy_wait_until
                0x10002344       0x28 CMakeFiles/practica_3.dir/C_/Program_Files/Raspberry_Pi/Pico_SDK_v1.5.1/pico-sdk/src/rp2_common/hardware_timer/timer.c.obj
                0x10002344                busy_wait_until
 .text.busy_wait_us
                0x1000236c       0x48 CMakeFiles/practica_3.dir/C_/Program_Files/Raspberry_Pi/Pico_SDK_v1.5.1/pico-sdk/src/rp2_common/hardware_timer/timer.c.obj
                0x1000236c                busy_wait_us
 .text.hardware_alarm_set_callback
                0x100023b4       0x90 CMakeFiles/practica_3.dir/C_/Program_Files/Raspberry_Pi/Pico_SDK_v1.5.1/pico-sdk/src/rp2_common/hardware_timer/timer.c.obj
                0x100023b4                hardware_alarm_set_callback
 .text.hardware_alarm_set_target
                0x10002444       0xe8 CMakeFiles/practica_3.dir/C_/Program_Files/Raspberry_Pi/Pico_SDK_v1.5.1/pico-sdk/src/rp2_common/hardware_timer/timer.c.obj
                0x10002444                hardware_alarm_set_target
 .text.hardware_alarm_cancel
                0x1000252c       0x40 CMakeFiles/practica_3.dir/C_/Program_Files/Raspberry_Pi/Pico_SDK_v1.5.1/pico-sdk/src/rp2_common/hardware_timer/timer.c.obj
                0x1000252c                hardware_alarm_cancel
 .text.ph_add_child_node
                0x1000256c       0xa4 CMakeFiles/practica_3.dir/C_/Program_Files/Raspberry_Pi/Pico_SDK_v1.5.1/pico-sdk/src/common/pico_util/pheap.c.obj
 .text.ph_merge_nodes
                0x10002610       0x3e CMakeFiles/practica_3.dir/C_/Program_Files/Raspberry_Pi/Pico_SDK_v1.5.1/pico-sdk/src/common/pico_util/pheap.c.obj
 *fill*         0x1000264e        0x2 
 .text.ph_clear
                0x10002650       0x70 CMakeFiles/practica_3.dir/C_/Program_Files/Raspberry_Pi/Pico_SDK_v1.5.1/pico-sdk/src/common/pico_util/pheap.c.obj
                0x10002650                ph_clear
 .text.ph_post_alloc_init
                0x100026c0        0xe CMakeFiles/practica_3.dir/C_/Program_Files/Raspberry_Pi/Pico_SDK_v1.5.1/pico-sdk/src/common/pico_util/pheap.c.obj
                0x100026c0                ph_post_alloc_init
 *fill*         0x100026ce        0x2 
 .text.ph_merge_two_pass
                0x100026d0       0xa8 CMakeFiles/practica_3.dir/C_/Program_Files/Raspberry_Pi/Pico_SDK_v1.5.1/pico-sdk/src/common/pico_util/pheap.c.obj
                0x100026d0                ph_merge_two_pass
 .text.ph_remove_any_head
                0x10002778      0x128 CMakeFiles/practica_3.dir/C_/Program_Files/Raspberry_Pi/Pico_SDK_v1.5.1/pico-sdk/src/common/pico_util/pheap.c.obj
 .text.ph_remove_head
                0x100028a0       0x14 CMakeFiles/practica_3.dir/C_/Program_Files/Raspberry_Pi/Pico_SDK_v1.5.1/pico-sdk/src/common/pico_util/pheap.c.obj
                0x100028a0                ph_remove_head
 .text.ph_remove_and_free_node
                0x100028b4       0xf8 CMakeFiles/practica_3.dir/C_/Program_Files/Raspberry_Pi/Pico_SDK_v1.5.1/pico-sdk/src/common/pico_util/pheap.c.obj
                0x100028b4                ph_remove_and_free_node
 .text.clock_configure
                0x100029ac      0x108 CMakeFiles/practica_3.dir/C_/Program_Files/Raspberry_Pi/Pico_SDK_v1.5.1/pico-sdk/src/rp2_common/hardware_clocks/clocks.c.obj
                0x100029ac                clock_configure
 .text.clocks_init
                0x10002ab4      0x100 CMakeFiles/practica_3.dir/C_/Program_Files/Raspberry_Pi/Pico_SDK_v1.5.1/pico-sdk/src/rp2_common/hardware_clocks/clocks.c.obj
                0x10002ab4                clocks_init
 .text.pll_init
                0x10002bb4      0x120 CMakeFiles/practica_3.dir/C_/Program_Files/Raspberry_Pi/Pico_SDK_v1.5.1/pico-sdk/src/rp2_common/hardware_pll/pll.c.obj
                0x10002bb4                pll_init
 .text.watchdog_start_tick
                0x10002cd4       0x10 CMakeFiles/practica_3.dir/C_/Program_Files/Raspberry_Pi/Pico_SDK_v1.5.1/pico-sdk/src/rp2_common/hardware_watchdog/watchdog.c.obj
                0x10002cd4                watchdog_start_tick
 .text.watchdog_update
                0x10002ce4       0x14 CMakeFiles/practica_3.dir/C_/Program_Files/Raspberry_Pi/Pico_SDK_v1.5.1/pico-sdk/src/rp2_common/hardware_watchdog/watchdog.c.obj
                0x10002ce4                watchdog_update
 .text._watchdog_enable
                0x10002cf8       0x78 CMakeFiles/practica_3.dir/C_/Program_Files/Raspberry_Pi/Pico_SDK_v1.5.1/pico-sdk/src/rp2_common/hardware_watchdog/watchdog.c.obj
                0x10002cf8                _watchdog_enable
 .text.watchdog_reboot
                0x10002d70       0x48 CMakeFiles/practica_3.dir/C_/Program_Files/Raspberry_Pi/Pico_SDK_v1.5.1/pico-sdk/src/rp2_common/hardware_watchdog/watchdog.c.obj
                0x10002d70                watchdog_reboot
 .text.xosc_init
                0x10002db8       0x28 CMakeFiles/practica_3.dir/C_/Program_Files/Raspberry_Pi/Pico_SDK_v1.5.1/pico-sdk/src/rp2_common/hardware_xosc/xosc.c.obj
                0x10002db8                xosc_init
 .text._exit    0x10002de0        0x4 CMakeFiles/practica_3.dir/C_/Program_Files/Raspberry_Pi/Pico_SDK_v1.5.1/pico-sdk/src/rp2_common/pico_runtime/runtime.c.obj
                0x10002de0                _exit
 .text._sbrk    0x10002de4       0x38 CMakeFiles/practica_3.dir/C_/Program_Files/Raspberry_Pi/Pico_SDK_v1.5.1/pico-sdk/src/rp2_common/pico_runtime/runtime.c.obj
                0x10002de4                _sbrk
 .text.exit     0x10002e1c        0x6 CMakeFiles/practica_3.dir/C_/Program_Files/Raspberry_Pi/Pico_SDK_v1.5.1/pico-sdk/src/rp2_common/pico_runtime/runtime.c.obj
                0x10002e1c                exit
 *fill*         0x10002e22        0x2 
 .text.__assert_func
                0x10002e24       0x3c CMakeFiles/practica_3.dir/C_/Program_Files/Raspberry_Pi/Pico_SDK_v1.5.1/pico-sdk/src/rp2_common/pico_runtime/runtime.c.obj
                0x10002e24                __assert_func
 .text.runtime_init
                0x10002e60       0xf8 CMakeFiles/practica_3.dir/C_/Program_Files/Raspberry_Pi/Pico_SDK_v1.5.1/pico-sdk/src/rp2_common/pico_runtime/runtime.c.obj
                0x10002e60                runtime_init
 .text.panic    0x10002f58       0x30 CMakeFiles/practica_3.dir/C_/Program_Files/Raspberry_Pi/Pico_SDK_v1.5.1/pico-sdk/src/rp2_common/pico_runtime/runtime.c.obj
                0x10002f58                panic
 .text._out_buffer
                0x10002f88        0x8 CMakeFiles/practica_3.dir/C_/Program_Files/Raspberry_Pi/Pico_SDK_v1.5.1/pico-sdk/src/rp2_common/pico_printf/printf.c.obj
 .text._out_null
                0x10002f90        0x2 CMakeFiles/practica_3.dir/C_/Program_Files/Raspberry_Pi/Pico_SDK_v1.5.1/pico-sdk/src/rp2_common/pico_printf/printf.c.obj
 .text._out_fct
                0x10002f92        0xe CMakeFiles/practica_3.dir/C_/Program_Files/Raspberry_Pi/Pico_SDK_v1.5.1/pico-sdk/src/rp2_common/pico_printf/printf.c.obj
 .text._atoi    0x10002fa0       0x24 CMakeFiles/practica_3.dir/C_/Program_Files/Raspberry_Pi/Pico_SDK_v1.5.1/pico-sdk/src/rp2_common/pico_printf/printf.c.obj
 .text._out_rev
                0x10002fc4       0xae CMakeFiles/practica_3.dir/C_/Program_Files/Raspberry_Pi/Pico_SDK_v1.5.1/pico-sdk/src/rp2_common/pico_printf/printf.c.obj
 .text._ntoa_format
                0x10003072      0x112 CMakeFiles/practica_3.dir/C_/Program_Files/Raspberry_Pi/Pico_SDK_v1.5.1/pico-sdk/src/rp2_common/pico_printf/printf.c.obj
 .text._ntoa_long
                0x10003184       0xbc CMakeFiles/practica_3.dir/C_/Program_Files/Raspberry_Pi/Pico_SDK_v1.5.1/pico-sdk/src/rp2_common/pico_printf/printf.c.obj
 .text._ntoa_long_long
                0x10003240       0xe2 CMakeFiles/practica_3.dir/C_/Program_Files/Raspberry_Pi/Pico_SDK_v1.5.1/pico-sdk/src/rp2_common/pico_printf/printf.c.obj
 *fill*         0x10003322        0x2 
 .text._etoa    0x10003324      0x414 CMakeFiles/practica_3.dir/C_/Program_Files/Raspberry_Pi/Pico_SDK_v1.5.1/pico-sdk/src/rp2_common/pico_printf/printf.c.obj
 .text._ftoa    0x10003738      0x354 CMakeFiles/practica_3.dir/C_/Program_Files/Raspberry_Pi/Pico_SDK_v1.5.1/pico-sdk/src/rp2_common/pico_printf/printf.c.obj
 .text._vsnprintf
                0x10003a8c      0x624 CMakeFiles/practica_3.dir/C_/Program_Files/Raspberry_Pi/Pico_SDK_v1.5.1/pico-sdk/src/rp2_common/pico_printf/printf.c.obj
 .text.__wrap_sprintf
                0x100040b0       0x28 CMakeFiles/practica_3.dir/C_/Program_Files/Raspberry_Pi/Pico_SDK_v1.5.1/pico-sdk/src/rp2_common/pico_printf/printf.c.obj
                0x100040b0                __wrap_sprintf
 .text.vfctprintf
                0x100040d8       0x20 CMakeFiles/practica_3.dir/C_/Program_Files/Raspberry_Pi/Pico_SDK_v1.5.1/pico-sdk/src/rp2_common/pico_printf/printf.c.obj
                0x100040d8                vfctprintf
 .text          0x100040f8       0x10 CMakeFiles/practica_3.dir/C_/Program_Files/Raspberry_Pi/Pico_SDK_v1.5.1/pico-sdk/src/rp2_common/pico_bit_ops/bit_ops_aeabi.S.obj
 .text.rom_func_lookup
                0x10004108       0x10 CMakeFiles/practica_3.dir/C_/Program_Files/Raspberry_Pi/Pico_SDK_v1.5.1/pico-sdk/src/rp2_common/pico_bootrom/bootrom.c.obj
                0x10004108                rom_func_lookup
 .text.rom_data_lookup
                0x10004118       0x10 CMakeFiles/practica_3.dir/C_/Program_Files/Raspberry_Pi/Pico_SDK_v1.5.1/pico-sdk/src/rp2_common/pico_bootrom/bootrom.c.obj
                0x10004118                rom_data_lookup
 .text.rom_funcs_lookup
                0x10004128       0x36 CMakeFiles/practica_3.dir/C_/Program_Files/Raspberry_Pi/Pico_SDK_v1.5.1/pico-sdk/src/rp2_common/pico_bootrom/bootrom.c.obj
                0x10004128                rom_funcs_lookup
 *fill*         0x1000415e        0x2 
 .text.__wrap___aeabi_idiv
                0x10004160       0x50 CMakeFiles/practica_3.dir/C_/Program_Files/Raspberry_Pi/Pico_SDK_v1.5.1/pico-sdk/src/rp2_common/pico_divider/divider.S.obj
                0x10004160                __wrap___aeabi_idivmod
                0x10004160                divmod_s32s32
                0x10004160                div_s32s32
                0x10004160                __wrap___aeabi_idiv
                0x10004168                divmod_s32s32_unsafe
                0x10004194                divmod_s32s32_savestate
 .text.__wrap___aeabi_uidiv
                0x100041b0       0x4c CMakeFiles/practica_3.dir/C_/Program_Files/Raspberry_Pi/Pico_SDK_v1.5.1/pico-sdk/src/rp2_common/pico_divider/divider.S.obj
                0x100041b0                __wrap___aeabi_uidiv
                0x100041b0                __wrap___aeabi_uidivmod
                0x100041b0                div_u32u32
                0x100041b0                divmod_u32u32
                0x100041b8                divmod_u32u32_unsafe
                0x100041e0                divmod_u32u32_savestate
 .text.__wrap___aeabi_ldiv
                0x100041fc      0x424 CMakeFiles/practica_3.dir/C_/Program_Files/Raspberry_Pi/Pico_SDK_v1.5.1/pico-sdk/src/rp2_common/pico_divider/divider.S.obj
                0x100041fc                div_s64s64
                0x100041fc                divmod_s64s64
                0x100041fc                __wrap___aeabi_ldivmod
                0x1000422c                divmod_u64u64
                0x1000422c                div_u64u64
                0x1000422c                __wrap___aeabi_uldivmod
                0x1000423c                divmod_u64u64_savestate
                0x1000425c                divmod_s64s64_unsafe
                0x100042e4                divmod_u64u64_unsafe
 .text.__wrap___aeabi_darithmetic
                0x10004620       0x80 CMakeFiles/practica_3.dir/C_/Program_Files/Raspberry_Pi/Pico_SDK_v1.5.1/pico-sdk/src/rp2_common/pico_double/double_aeabi.S.obj
                0x10004620                __wrap___aeabi_drsub
                0x10004626                __wrap___aeabi_dsub
                0x10004638                __wrap___aeabi_dadd
                0x1000464a                __wrap___aeabi_ddiv
                0x10004686                __wrap___aeabi_dmul
 .text.__wrap___aeabi_cdcmple
                0x100046a0       0x6c CMakeFiles/practica_3.dir/C_/Program_Files/Raspberry_Pi/Pico_SDK_v1.5.1/pico-sdk/src/rp2_common/pico_double/double_aeabi.S.obj
                0x100046a0                __wrap___aeabi_cdrcmple
                0x100046b0                __wrap___aeabi_cdcmpeq
                0x100046b0                __wrap___aeabi_cdcmple
 .text.__wrap___aeabi_dcmpeq
                0x1000470c       0x10 CMakeFiles/practica_3.dir/C_/Program_Files/Raspberry_Pi/Pico_SDK_v1.5.1/pico-sdk/src/rp2_common/pico_double/double_aeabi.S.obj
                0x1000470c                __wrap___aeabi_dcmpeq
 .text.__wrap___aeabi_dcmplt
                0x1000471c        0xc CMakeFiles/practica_3.dir/C_/Program_Files/Raspberry_Pi/Pico_SDK_v1.5.1/pico-sdk/src/rp2_common/pico_double/double_aeabi.S.obj
                0x1000471c                __wrap___aeabi_dcmplt
 .text.__wrap___aeabi_dcmple
                0x10004728       0x10 CMakeFiles/practica_3.dir/C_/Program_Files/Raspberry_Pi/Pico_SDK_v1.5.1/pico-sdk/src/rp2_common/pico_double/double_aeabi.S.obj
                0x10004728                __wrap___aeabi_dcmple
 .text.__wrap___aeabi_dcmpge
                0x10004738       0x10 CMakeFiles/practica_3.dir/C_/Program_Files/Raspberry_Pi/Pico_SDK_v1.5.1/pico-sdk/src/rp2_common/pico_double/double_aeabi.S.obj
                0x10004738                __wrap___aeabi_dcmpge
 .text.__wrap___aeabi_dcmpgt
                0x10004748        0xa CMakeFiles/practica_3.dir/C_/Program_Files/Raspberry_Pi/Pico_SDK_v1.5.1/pico-sdk/src/rp2_common/pico_double/double_aeabi.S.obj
                0x10004748                __wrap___aeabi_dcmpgt
 .text.__wrap___aeabi_dcmpun
                0x10004752       0x1c CMakeFiles/practica_3.dir/C_/Program_Files/Raspberry_Pi/Pico_SDK_v1.5.1/pico-sdk/src/rp2_common/pico_double/double_aeabi.S.obj
                0x10004752                __wrap___aeabi_dcmpun
 *fill*         0x1000476e        0x2 
 .text.__wrap___aeabi_i2d
                0x10004770       0x38 CMakeFiles/practica_3.dir/C_/Program_Files/Raspberry_Pi/Pico_SDK_v1.5.1/pico-sdk/src/rp2_common/pico_double/double_aeabi.S.obj
                0x10004770                __wrap___aeabi_ui2d
                0x10004778                __wrap___aeabi_i2d
 .text.__wrap___aeabi_d2iz
                0x100047a8       0x48 CMakeFiles/practica_3.dir/C_/Program_Files/Raspberry_Pi/Pico_SDK_v1.5.1/pico-sdk/src/rp2_common/pico_double/double_aeabi.S.obj
                0x100047a8                double2int_z
                0x100047a8                __wrap___aeabi_d2iz
 .text.__wrap___aeabi_d2uiz
                0x100047f0       0x18 CMakeFiles/practica_3.dir/C_/Program_Files/Raspberry_Pi/Pico_SDK_v1.5.1/pico-sdk/src/rp2_common/pico_double/double_aeabi.S.obj
                0x100047f0                __wrap___aeabi_d2uiz
                0x100047f0                double2uint
 .text.__wrap___aeabi_l2d
                0x10004808       0x18 CMakeFiles/practica_3.dir/C_/Program_Files/Raspberry_Pi/Pico_SDK_v1.5.1/pico-sdk/src/rp2_common/pico_double/double_aeabi.S.obj
                0x10004808                __wrap___aeabi_l2d
 .text.__wrap___aeabi_d2lz
                0x10004820       0x26 CMakeFiles/practica_3.dir/C_/Program_Files/Raspberry_Pi/Pico_SDK_v1.5.1/pico-sdk/src/rp2_common/pico_double/double_aeabi.S.obj
                0x10004820                double2int64_z
                0x10004820                __wrap___aeabi_d2lz
 *fill*         0x10004846        0x2 
 .text.double2int64
                0x10004848       0x18 CMakeFiles/practica_3.dir/C_/Program_Files/Raspberry_Pi/Pico_SDK_v1.5.1/pico-sdk/src/rp2_common/pico_double/double_aeabi.S.obj
                0x10004848                double2int64
 .text.double2ufix64
                0x10004860       0x18 CMakeFiles/practica_3.dir/C_/Program_Files/Raspberry_Pi/Pico_SDK_v1.5.1/pico-sdk/src/rp2_common/pico_double/double_aeabi.S.obj
                0x10004860                double2ufix64
 .text.__wrap___aeabi_d2f
                0x10004878       0x18 CMakeFiles/practica_3.dir/C_/Program_Files/Raspberry_Pi/Pico_SDK_v1.5.1/pico-sdk/src/rp2_common/pico_double/double_aeabi.S.obj
                0x10004878                __wrap___aeabi_d2f
 .text.__aeabi_double_init
                0x10004890       0xc8 CMakeFiles/practica_3.dir/C_/Program_Files/Raspberry_Pi/Pico_SDK_v1.5.1/pico-sdk/src/rp2_common/pico_double/double_init_rom.c.obj
                0x10004890                __aeabi_double_init
 .text.double_table_shim_on_use_helper
                0x10004958       0x34 CMakeFiles/practica_3.dir/C_/Program_Files/Raspberry_Pi/Pico_SDK_v1.5.1/pico-sdk/src/rp2_common/pico_double/double_v1_rom_shim.S.obj
                0x10004958                double_table_shim_on_use_helper
 .text.__wrap___aeabi_dsub
                0x1000498c       0x10 CMakeFiles/practica_3.dir/C_/Program_Files/Raspberry_Pi/Pico_SDK_v1.5.1/pico-sdk/src/rp2_common/pico_double/double_v1_rom_shim.S.obj
                0x1000498c                drsub_shim
                0x10004992                dsub_shim
 .text.dadd_shim
                0x1000499c      0x15c CMakeFiles/practica_3.dir/C_/Program_Files/Raspberry_Pi/Pico_SDK_v1.5.1/pico-sdk/src/rp2_common/pico_double/double_v1_rom_shim.S.obj
                0x1000499c                dadd_shim
 .text.dmul_shim
                0x10004af8      0x15c CMakeFiles/practica_3.dir/C_/Program_Files/Raspberry_Pi/Pico_SDK_v1.5.1/pico-sdk/src/rp2_common/pico_double/double_v1_rom_shim.S.obj
                0x10004af8                dmul_shim
 .text.ddiv_shim
                0x10004c54      0x1b0 CMakeFiles/practica_3.dir/C_/Program_Files/Raspberry_Pi/Pico_SDK_v1.5.1/pico-sdk/src/rp2_common/pico_double/double_v1_rom_shim.S.obj
                0x10004c54                ddiv_shim
 .text.double2uint_shim
                0x10004e04        0xe CMakeFiles/practica_3.dir/C_/Program_Files/Raspberry_Pi/Pico_SDK_v1.5.1/pico-sdk/src/rp2_common/pico_double/double_v1_rom_shim.S.obj
                0x10004e04                double2uint_shim
                0x10004e06                double2ufix_shim
 .text.double2int64_shim
                0x10004e12       0x1a CMakeFiles/practica_3.dir/C_/Program_Files/Raspberry_Pi/Pico_SDK_v1.5.1/pico-sdk/src/rp2_common/pico_double/double_v1_rom_shim.S.obj
                0x10004e12                double2int64_shim
                0x10004e14                double2fix64_shim
 .text.double2uint64_shim
                0x10004e2c       0x70 CMakeFiles/practica_3.dir/C_/Program_Files/Raspberry_Pi/Pico_SDK_v1.5.1/pico-sdk/src/rp2_common/pico_double/double_v1_rom_shim.S.obj
                0x10004e2c                double2uint64_shim
                0x10004e2e                double2ufix64_shim
                0x10004e4e                d2fix_a
 .text.double2float_shim
                0x10004e9c       0x5c CMakeFiles/practica_3.dir/C_/Program_Files/Raspberry_Pi/Pico_SDK_v1.5.1/pico-sdk/src/rp2_common/pico_double/double_v1_rom_shim.S.obj
                0x10004e9c                double2float_shim
 .text.x2double_shims
                0x10004ef8       0x90 CMakeFiles/practica_3.dir/C_/Program_Files/Raspberry_Pi/Pico_SDK_v1.5.1/pico-sdk/src/rp2_common/pico_double/double_v1_rom_shim.S.obj
                0x10004ef8                uint2double_shim
                0x10004efa                ufix2double_shim
                0x10004f00                int2double_shim
                0x10004f02                fix2double_shim
                0x10004f08                uint642double_shim
                0x10004f0a                ufix642double_shim
                0x10004f10                int642double_shim
                0x10004f12                fix642double_shim
 .text.dunpacks
                0x10004f88       0x3c CMakeFiles/practica_3.dir/C_/Program_Files/Raspberry_Pi/Pico_SDK_v1.5.1/pico-sdk/src/rp2_common/pico_double/double_v1_rom_shim.S.obj
                0x10004f88                dunpacks
 .text.__aeabi_lmul
                0x10004fc4       0x32 CMakeFiles/practica_3.dir/C_/Program_Files/Raspberry_Pi/Pico_SDK_v1.5.1/pico-sdk/src/rp2_common/pico_int64_ops/pico_int64_ops_aeabi.S.obj
                0x10004fc4                __wrap___aeabi_lmul
 *fill*         0x10004ff6        0x2 
 .text.__aeabi_float_init
                0x10004ff8       0xfc CMakeFiles/practica_3.dir/C_/Program_Files/Raspberry_Pi/Pico_SDK_v1.5.1/pico-sdk/src/rp2_common/pico_float/float_init_rom.c.obj
                0x10004ff8                __aeabi_float_init
 .text.float_table_shim_on_use_helper
                0x100050f4       0x34 CMakeFiles/practica_3.dir/C_/Program_Files/Raspberry_Pi/Pico_SDK_v1.5.1/pico-sdk/src/rp2_common/pico_float/float_v1_rom_shim.S.obj
                0x100050f4                float_table_shim_on_use_helper
 .text.__wrap_malloc
                0x10005128       0x24 CMakeFiles/practica_3.dir/C_/Program_Files/Raspberry_Pi/Pico_SDK_v1.5.1/pico-sdk/src/rp2_common/pico_malloc/pico_malloc.c.obj
                0x10005128                __wrap_malloc
 .text.__wrap_realloc
                0x1000514c       0x24 CMakeFiles/practica_3.dir/C_/Program_Files/Raspberry_Pi/Pico_SDK_v1.5.1/pico-sdk/src/rp2_common/pico_malloc/pico_malloc.c.obj
                0x1000514c                __wrap_realloc
 .text.__wrap_free
                0x10005170        0x8 CMakeFiles/practica_3.dir/C_/Program_Files/Raspberry_Pi/Pico_SDK_v1.5.1/pico-sdk/src/rp2_common/pico_malloc/pico_malloc.c.obj
                0x10005170                __wrap_free
 .text          0x10005178       0x10 CMakeFiles/practica_3.dir/C_/Program_Files/Raspberry_Pi/Pico_SDK_v1.5.1/pico-sdk/src/rp2_common/pico_mem_ops/mem_ops_aeabi.S.obj
                0x10005178                __aeabi_mem_init
 .text.memset   0x10005188        0xc CMakeFiles/practica_3.dir/C_/Program_Files/Raspberry_Pi/Pico_SDK_v1.5.1/pico-sdk/src/rp2_common/pico_mem_ops/mem_ops_aeabi.S.obj
                0x10005188                __wrap_memset
 .text.memcpy   0x10005194        0xc CMakeFiles/practica_3.dir/C_/Program_Files/Raspberry_Pi/Pico_SDK_v1.5.1/pico-sdk/src/rp2_common/pico_mem_ops/mem_ops_aeabi.S.obj
                0x10005194                __wrap_memcpy
                0x10005194                __wrap___aeabi_memcpy
 .text.stdio_out_chars_no_crlf
                0x100051a0        0xe CMakeFiles/practica_3.dir/C_/Program_Files/Raspberry_Pi/Pico_SDK_v1.5.1/pico-sdk/src/rp2_common/pico_stdio/stdio.c.obj
 *fill*         0x100051ae        0x2 
 .text.stdio_out_chars_crlf
                0x100051b0       0x80 CMakeFiles/practica_3.dir/C_/Program_Files/Raspberry_Pi/Pico_SDK_v1.5.1/pico-sdk/src/rp2_common/pico_stdio/stdio.c.obj
 .text.stdio_stack_buffer_flush
                0x10005230       0x44 CMakeFiles/practica_3.dir/C_/Program_Files/Raspberry_Pi/Pico_SDK_v1.5.1/pico-sdk/src/rp2_common/pico_stdio/stdio.c.obj
 .text.stdio_buffered_printer
                0x10005274       0x20 CMakeFiles/practica_3.dir/C_/Program_Files/Raspberry_Pi/Pico_SDK_v1.5.1/pico-sdk/src/rp2_common/pico_stdio/stdio.c.obj
 .text.stdio_get_until
                0x10005294       0x80 CMakeFiles/practica_3.dir/C_/Program_Files/Raspberry_Pi/Pico_SDK_v1.5.1/pico-sdk/src/rp2_common/pico_stdio/stdio.c.obj
 .text.stdout_serialize_begin
                0x10005314       0x5c CMakeFiles/practica_3.dir/C_/Program_Files/Raspberry_Pi/Pico_SDK_v1.5.1/pico-sdk/src/rp2_common/pico_stdio/stdio.c.obj
                0x10005314                stdout_serialize_begin
 .text.stdout_serialize_end
                0x10005370       0x10 CMakeFiles/practica_3.dir/C_/Program_Files/Raspberry_Pi/Pico_SDK_v1.5.1/pico-sdk/src/rp2_common/pico_stdio/stdio.c.obj
                0x10005370                stdout_serialize_end
 .text.stdio_put_string
                0x10005380       0x98 CMakeFiles/practica_3.dir/C_/Program_Files/Raspberry_Pi/Pico_SDK_v1.5.1/pico-sdk/src/rp2_common/pico_stdio/stdio.c.obj
 .text.__wrap_putchar
                0x10005418       0x1c CMakeFiles/practica_3.dir/C_/Program_Files/Raspberry_Pi/Pico_SDK_v1.5.1/pico-sdk/src/rp2_common/pico_stdio/stdio.c.obj
                0x10005418                __wrap_putchar
 .text._read    0x10005434       0x24 CMakeFiles/practica_3.dir/C_/Program_Files/Raspberry_Pi/Pico_SDK_v1.5.1/pico-sdk/src/rp2_common/pico_stdio/stdio.c.obj
                0x10005434                _read
 .text._write   0x10005458       0x22 CMakeFiles/practica_3.dir/C_/Program_Files/Raspberry_Pi/Pico_SDK_v1.5.1/pico-sdk/src/rp2_common/pico_stdio/stdio.c.obj
                0x10005458                _write
 .text._open    0x1000547a        0xa CMakeFiles/practica_3.dir/C_/Program_Files/Raspberry_Pi/Pico_SDK_v1.5.1/pico-sdk/src/rp2_common/pico_stdio/stdio.c.obj
                0x1000547a                _open
 .text._close   0x10005484        0x6 CMakeFiles/practica_3.dir/C_/Program_Files/Raspberry_Pi/Pico_SDK_v1.5.1/pico-sdk/src/rp2_common/pico_stdio/stdio.c.obj
                0x10005484                _close
 .text._lseek   0x1000548a        0x6 CMakeFiles/practica_3.dir/C_/Program_Files/Raspberry_Pi/Pico_SDK_v1.5.1/pico-sdk/src/rp2_common/pico_stdio/stdio.c.obj
                0x1000548a                _lseek
 .text._fstat   0x10005490        0x6 CMakeFiles/practica_3.dir/C_/Program_Files/Raspberry_Pi/Pico_SDK_v1.5.1/pico-sdk/src/rp2_common/pico_stdio/stdio.c.obj
                0x10005490                _fstat
 .text._isatty  0x10005496        0xc CMakeFiles/practica_3.dir/C_/Program_Files/Raspberry_Pi/Pico_SDK_v1.5.1/pico-sdk/src/rp2_common/pico_stdio/stdio.c.obj
                0x10005496                _isatty
 *fill*         0x100054a2        0x2 
 .text.stdio_set_driver_enabled
                0x100054a4       0x2c CMakeFiles/practica_3.dir/C_/Program_Files/Raspberry_Pi/Pico_SDK_v1.5.1/pico-sdk/src/rp2_common/pico_stdio/stdio.c.obj
                0x100054a4                stdio_set_driver_enabled
 .text.stdio_flush
                0x100054d0       0x20 CMakeFiles/practica_3.dir/C_/Program_Files/Raspberry_Pi/Pico_SDK_v1.5.1/pico-sdk/src/rp2_common/pico_stdio/stdio.c.obj
                0x100054d0                stdio_flush
 .text.__wrap_puts
                0x100054f0       0x1e CMakeFiles/practica_3.dir/C_/Program_Files/Raspberry_Pi/Pico_SDK_v1.5.1/pico-sdk/src/rp2_common/pico_stdio/stdio.c.obj
                0x100054f0                __wrap_puts
 *fill*         0x1000550e        0x2 
 .text.__wrap_vprintf
                0x10005510       0x40 CMakeFiles/practica_3.dir/C_/Program_Files/Raspberry_Pi/Pico_SDK_v1.5.1/pico-sdk/src/rp2_common/pico_stdio/stdio.c.obj
                0x10005510                __wrap_vprintf
 .text.__wrap_printf
                0x10005550       0x18 CMakeFiles/practica_3.dir/C_/Program_Files/Raspberry_Pi/Pico_SDK_v1.5.1/pico-sdk/src/rp2_common/pico_stdio/stdio.c.obj
                0x10005550                __wrap_printf
 .text.stdio_init_all
                0x10005568        0x8 CMakeFiles/practica_3.dir/C_/Program_Files/Raspberry_Pi/Pico_SDK_v1.5.1/pico-sdk/src/rp2_common/pico_stdio/stdio.c.obj
                0x10005568                stdio_init_all
 .text.resetd_init
                0x10005570        0x2 CMakeFiles/practica_3.dir/C_/Program_Files/Raspberry_Pi/Pico_SDK_v1.5.1/pico-sdk/src/rp2_common/pico_stdio_usb/reset_interface.c.obj
 *fill*         0x10005572        0x2 
 .text.resetd_reset
                0x10005574        0xc CMakeFiles/practica_3.dir/C_/Program_Files/Raspberry_Pi/Pico_SDK_v1.5.1/pico-sdk/src/rp2_common/pico_stdio_usb/reset_interface.c.obj
 .text.resetd_open
                0x10005580       0x34 CMakeFiles/practica_3.dir/C_/Program_Files/Raspberry_Pi/Pico_SDK_v1.5.1/pico-sdk/src/rp2_common/pico_stdio_usb/reset_interface.c.obj
 .text.resetd_xfer_cb
                0x100055b4        0x4 CMakeFiles/practica_3.dir/C_/Program_Files/Raspberry_Pi/Pico_SDK_v1.5.1/pico-sdk/src/rp2_common/pico_stdio_usb/reset_interface.c.obj
 .text.reset_usb_boot
                0x100055b8       0x18 CMakeFiles/practica_3.dir/C_/Program_Files/Raspberry_Pi/Pico_SDK_v1.5.1/pico-sdk/src/rp2_common/pico_stdio_usb/reset_interface.c.obj
 .text.resetd_control_xfer_cb
                0x100055d0       0x5c CMakeFiles/practica_3.dir/C_/Program_Files/Raspberry_Pi/Pico_SDK_v1.5.1/pico-sdk/src/rp2_common/pico_stdio_usb/reset_interface.c.obj
 .text.usbd_app_driver_get_cb
                0x1000562c        0xc CMakeFiles/practica_3.dir/C_/Program_Files/Raspberry_Pi/Pico_SDK_v1.5.1/pico-sdk/src/rp2_common/pico_stdio_usb/reset_interface.c.obj
                0x1000562c                usbd_app_driver_get_cb
 .text.tud_cdc_line_coding_cb
                0x10005638       0x28 CMakeFiles/practica_3.dir/C_/Program_Files/Raspberry_Pi/Pico_SDK_v1.5.1/pico-sdk/src/rp2_common/pico_stdio_usb/reset_interface.c.obj
                0x10005638                tud_cdc_line_coding_cb
 .text.stdio_usb_set_chars_available_callback
                0x10005660       0x14 CMakeFiles/practica_3.dir/C_/Program_Files/Raspberry_Pi/Pico_SDK_v1.5.1/pico-sdk/src/rp2_common/pico_stdio_usb/stdio_usb.c.obj
                0x10005660                stdio_usb_set_chars_available_callback
 .text.usb_irq  0x10005674       0x10 CMakeFiles/practica_3.dir/C_/Program_Files/Raspberry_Pi/Pico_SDK_v1.5.1/pico-sdk/src/rp2_common/pico_stdio_usb/stdio_usb.c.obj
 .text.timer_task
                0x10005684       0x5c CMakeFiles/practica_3.dir/C_/Program_Files/Raspberry_Pi/Pico_SDK_v1.5.1/pico-sdk/src/rp2_common/pico_stdio_usb/stdio_usb.c.obj
 .text.low_priority_worker_irq
                0x100056e0       0xdc CMakeFiles/practica_3.dir/C_/Program_Files/Raspberry_Pi/Pico_SDK_v1.5.1/pico-sdk/src/rp2_common/pico_stdio_usb/stdio_usb.c.obj
 .text.tud_cdc_rx_cb
                0x100057bc       0x20 CMakeFiles/practica_3.dir/C_/Program_Files/Raspberry_Pi/Pico_SDK_v1.5.1/pico-sdk/src/rp2_common/pico_stdio_usb/stdio_usb.c.obj
                0x100057bc                tud_cdc_rx_cb
 .text.stdio_usb_init
                0x100057dc      0x11c CMakeFiles/practica_3.dir/C_/Program_Files/Raspberry_Pi/Pico_SDK_v1.5.1/pico-sdk/src/rp2_common/pico_stdio_usb/stdio_usb.c.obj
                0x100057dc                stdio_usb_init
 .text.stdio_usb_connected
                0x100058f8        0xa CMakeFiles/practica_3.dir/C_/Program_Files/Raspberry_Pi/Pico_SDK_v1.5.1/pico-sdk/src/rp2_common/pico_stdio_usb/stdio_usb.c.obj
                0x100058f8                stdio_usb_connected
 *fill*         0x10005902        0x2 
 .text.stdio_usb_in_chars
                0x10005904       0xc4 CMakeFiles/practica_3.dir/C_/Program_Files/Raspberry_Pi/Pico_SDK_v1.5.1/pico-sdk/src/rp2_common/pico_stdio_usb/stdio_usb.c.obj
                0x10005904                stdio_usb_in_chars
 .text.stdio_usb_out_chars
                0x100059c8      0x114 CMakeFiles/practica_3.dir/C_/Program_Files/Raspberry_Pi/Pico_SDK_v1.5.1/pico-sdk/src/rp2_common/pico_stdio_usb/stdio_usb.c.obj
 .text.tud_descriptor_device_cb
                0x10005adc        0x8 CMakeFiles/practica_3.dir/C_/Program_Files/Raspberry_Pi/Pico_SDK_v1.5.1/pico-sdk/src/rp2_common/pico_stdio_usb/stdio_usb_descriptors.c.obj
                0x10005adc                tud_descriptor_device_cb
 .text.tud_descriptor_configuration_cb
                0x10005ae4        0x8 CMakeFiles/practica_3.dir/C_/Program_Files/Raspberry_Pi/Pico_SDK_v1.5.1/pico-sdk/src/rp2_common/pico_stdio_usb/stdio_usb_descriptors.c.obj
                0x10005ae4                tud_descriptor_configuration_cb
 .text.tud_descriptor_string_cb
                0x10005aec       0x6c CMakeFiles/practica_3.dir/C_/Program_Files/Raspberry_Pi/Pico_SDK_v1.5.1/pico-sdk/src/rp2_common/pico_stdio_usb/stdio_usb_descriptors.c.obj
                0x10005aec                tud_descriptor_string_cb
 .text._retrieve_unique_id_on_boot
                0x10005b58       0x10 CMakeFiles/practica_3.dir/C_/Program_Files/Raspberry_Pi/Pico_SDK_v1.5.1/pico-sdk/src/rp2_common/pico_unique_id/unique_id.c.obj
 .text.pico_get_unique_board_id_string
                0x10005b68       0x60 CMakeFiles/practica_3.dir/C_/Program_Files/Raspberry_Pi/Pico_SDK_v1.5.1/pico-sdk/src/rp2_common/pico_unique_id/unique_id.c.obj
                0x10005b68                pico_get_unique_board_id_string
 .text.flash_get_unique_id
                0x10005bc8       0x46 CMakeFiles/practica_3.dir/C_/Program_Files/Raspberry_Pi/Pico_SDK_v1.5.1/pico-sdk/src/rp2_common/hardware_flash/flash.c.obj
                0x10005bc8                flash_get_unique_id
 *fill*         0x10005c0e        0x2 
 .text.hw_endpoint_get_by_addr
                0x10005c10       0x18 CMakeFiles/practica_3.dir/C_/Program_Files/Raspberry_Pi/Pico_SDK_v1.5.1/pico-sdk/lib/tinyusb/src/portable/raspberrypi/rp2040/dcd_rp2040.c.obj
 .text._hw_endpoint_alloc
                0x10005c28       0x70 CMakeFiles/practica_3.dir/C_/Program_Files/Raspberry_Pi/Pico_SDK_v1.5.1/pico-sdk/lib/tinyusb/src/portable/raspberrypi/rp2040/dcd_rp2040.c.obj
 .text.hw_endpoint_init
                0x10005c98       0x88 CMakeFiles/practica_3.dir/C_/Program_Files/Raspberry_Pi/Pico_SDK_v1.5.1/pico-sdk/lib/tinyusb/src/portable/raspberrypi/rp2040/dcd_rp2040.c.obj
 .text.hw_endpoint_xfer
                0x10005d20       0x14 CMakeFiles/practica_3.dir/C_/Program_Files/Raspberry_Pi/Pico_SDK_v1.5.1/pico-sdk/lib/tinyusb/src/portable/raspberrypi/rp2040/dcd_rp2040.c.obj
 .text.dcd_int_enable
                0x10005d34       0x2c CMakeFiles/practica_3.dir/C_/Program_Files/Raspberry_Pi/Pico_SDK_v1.5.1/pico-sdk/lib/tinyusb/src/portable/raspberrypi/rp2040/dcd_rp2040.c.obj
                0x10005d34                dcd_int_enable
 .text.dcd_set_address
                0x10005d60       0x2c CMakeFiles/practica_3.dir/C_/Program_Files/Raspberry_Pi/Pico_SDK_v1.5.1/pico-sdk/lib/tinyusb/src/portable/raspberrypi/rp2040/dcd_rp2040.c.obj
                0x10005d60                dcd_set_address
 .text.dcd_connect
                0x10005d8c       0x10 CMakeFiles/practica_3.dir/C_/Program_Files/Raspberry_Pi/Pico_SDK_v1.5.1/pico-sdk/lib/tinyusb/src/portable/raspberrypi/rp2040/dcd_rp2040.c.obj
                0x10005d8c                dcd_connect
 .text.dcd_init
                0x10005d9c       0x80 CMakeFiles/practica_3.dir/C_/Program_Files/Raspberry_Pi/Pico_SDK_v1.5.1/pico-sdk/lib/tinyusb/src/portable/raspberrypi/rp2040/dcd_rp2040.c.obj
                0x10005d9c                dcd_init
 .text.dcd_edpt0_status_complete
                0x10005e1c       0x1c CMakeFiles/practica_3.dir/C_/Program_Files/Raspberry_Pi/Pico_SDK_v1.5.1/pico-sdk/lib/tinyusb/src/portable/raspberrypi/rp2040/dcd_rp2040.c.obj
                0x10005e1c                dcd_edpt0_status_complete
 .text.dcd_edpt_open
                0x10005e38       0x40 CMakeFiles/practica_3.dir/C_/Program_Files/Raspberry_Pi/Pico_SDK_v1.5.1/pico-sdk/lib/tinyusb/src/portable/raspberrypi/rp2040/dcd_rp2040.c.obj
                0x10005e38                dcd_edpt_open
 .text.dcd_edpt_close_all
                0x10005e78        0x8 CMakeFiles/practica_3.dir/C_/Program_Files/Raspberry_Pi/Pico_SDK_v1.5.1/pico-sdk/lib/tinyusb/src/portable/raspberrypi/rp2040/dcd_rp2040.c.obj
                0x10005e78                dcd_edpt_close_all
 .text.dcd_edpt_xfer
                0x10005e80       0x34 CMakeFiles/practica_3.dir/C_/Program_Files/Raspberry_Pi/Pico_SDK_v1.5.1/pico-sdk/lib/tinyusb/src/portable/raspberrypi/rp2040/dcd_rp2040.c.obj
                0x10005e80                dcd_edpt_xfer
 .text.dcd_edpt_stall
                0x10005eb4       0x2c CMakeFiles/practica_3.dir/C_/Program_Files/Raspberry_Pi/Pico_SDK_v1.5.1/pico-sdk/lib/tinyusb/src/portable/raspberrypi/rp2040/dcd_rp2040.c.obj
                0x10005eb4                dcd_edpt_stall
 .text.dcd_edpt_clear_stall
                0x10005ee0       0x20 CMakeFiles/practica_3.dir/C_/Program_Files/Raspberry_Pi/Pico_SDK_v1.5.1/pico-sdk/lib/tinyusb/src/portable/raspberrypi/rp2040/dcd_rp2040.c.obj
                0x10005ee0                dcd_edpt_clear_stall
 .text.rp2040_usb_init
                0x10005f00       0x4c CMakeFiles/practica_3.dir/C_/Program_Files/Raspberry_Pi/Pico_SDK_v1.5.1/pico-sdk/lib/tinyusb/src/portable/raspberrypi/rp2040/rp2040_usb.c.obj
                0x10005f00                rp2040_usb_init
 .text.hw_endpoint_xfer_start
                0x10005f4c       0x50 CMakeFiles/practica_3.dir/C_/Program_Files/Raspberry_Pi/Pico_SDK_v1.5.1/pico-sdk/lib/tinyusb/src/portable/raspberrypi/rp2040/rp2040_usb.c.obj
                0x10005f4c                hw_endpoint_xfer_start
 .text.configuration_reset
                0x10005f9c       0x84 CMakeFiles/practica_3.dir/C_/Program_Files/Raspberry_Pi/Pico_SDK_v1.5.1/pico-sdk/lib/tinyusb/src/device/usbd.c.obj
 .text.usbd_reset
                0x10006020        0xc CMakeFiles/practica_3.dir/C_/Program_Files/Raspberry_Pi/Pico_SDK_v1.5.1/pico-sdk/lib/tinyusb/src/device/usbd.c.obj
 .text.invoke_class_control
                0x1000602c       0x1a CMakeFiles/practica_3.dir/C_/Program_Files/Raspberry_Pi/Pico_SDK_v1.5.1/pico-sdk/lib/tinyusb/src/device/usbd.c.obj
 *fill*         0x10006046        0x2 
 .text.process_set_config
                0x10006048      0x178 CMakeFiles/practica_3.dir/C_/Program_Files/Raspberry_Pi/Pico_SDK_v1.5.1/pico-sdk/lib/tinyusb/src/device/usbd.c.obj
 .text.process_get_descriptor
                0x100061c0       0xdc CMakeFiles/practica_3.dir/C_/Program_Files/Raspberry_Pi/Pico_SDK_v1.5.1/pico-sdk/lib/tinyusb/src/device/usbd.c.obj
 .text.tud_mounted
                0x1000629c       0x10 CMakeFiles/practica_3.dir/C_/Program_Files/Raspberry_Pi/Pico_SDK_v1.5.1/pico-sdk/lib/tinyusb/src/device/usbd.c.obj
                0x1000629c                tud_mounted
 .text.tud_suspended
                0x100062ac       0x10 CMakeFiles/practica_3.dir/C_/Program_Files/Raspberry_Pi/Pico_SDK_v1.5.1/pico-sdk/lib/tinyusb/src/device/usbd.c.obj
                0x100062ac                tud_suspended
 .text.tud_inited
                0x100062bc       0x14 CMakeFiles/practica_3.dir/C_/Program_Files/Raspberry_Pi/Pico_SDK_v1.5.1/pico-sdk/lib/tinyusb/src/device/usbd.c.obj
                0x100062bc                tud_inited
 .text.tud_init
                0x100062d0       0xcc CMakeFiles/practica_3.dir/C_/Program_Files/Raspberry_Pi/Pico_SDK_v1.5.1/pico-sdk/lib/tinyusb/src/device/usbd.c.obj
                0x100062d0                tud_init
 .text.usbd_defer_func
                0x1000639c       0x2a CMakeFiles/practica_3.dir/C_/Program_Files/Raspberry_Pi/Pico_SDK_v1.5.1/pico-sdk/lib/tinyusb/src/device/usbd.c.obj
                0x1000639c                usbd_defer_func
 *fill*         0x100063c6        0x2 
 .text.usbd_edpt_open
                0x100063c8       0x34 CMakeFiles/practica_3.dir/C_/Program_Files/Raspberry_Pi/Pico_SDK_v1.5.1/pico-sdk/lib/tinyusb/src/device/usbd.c.obj
                0x100063c8                usbd_edpt_open
 .text.usbd_open_edpt_pair
                0x100063fc       0x62 CMakeFiles/practica_3.dir/C_/Program_Files/Raspberry_Pi/Pico_SDK_v1.5.1/pico-sdk/lib/tinyusb/src/device/usbd.c.obj
                0x100063fc                usbd_open_edpt_pair
 *fill*         0x1000645e        0x2 
 .text.usbd_edpt_claim
                0x10006460       0x28 CMakeFiles/practica_3.dir/C_/Program_Files/Raspberry_Pi/Pico_SDK_v1.5.1/pico-sdk/lib/tinyusb/src/device/usbd.c.obj
                0x10006460                usbd_edpt_claim
 .text.usbd_edpt_release
                0x10006488       0x28 CMakeFiles/practica_3.dir/C_/Program_Files/Raspberry_Pi/Pico_SDK_v1.5.1/pico-sdk/lib/tinyusb/src/device/usbd.c.obj
                0x10006488                usbd_edpt_release
 .text.usbd_edpt_xfer
                0x100064b0       0x78 CMakeFiles/practica_3.dir/C_/Program_Files/Raspberry_Pi/Pico_SDK_v1.5.1/pico-sdk/lib/tinyusb/src/device/usbd.c.obj
                0x100064b0                usbd_edpt_xfer
 .text.usbd_edpt_stall
                0x10006528       0x48 CMakeFiles/practica_3.dir/C_/Program_Files/Raspberry_Pi/Pico_SDK_v1.5.1/pico-sdk/lib/tinyusb/src/device/usbd.c.obj
                0x10006528                usbd_edpt_stall
 .text.usbd_edpt_clear_stall
                0x10006570       0x48 CMakeFiles/practica_3.dir/C_/Program_Files/Raspberry_Pi/Pico_SDK_v1.5.1/pico-sdk/lib/tinyusb/src/device/usbd.c.obj
                0x10006570                usbd_edpt_clear_stall
 .text.usbd_edpt_stalled
                0x100065b8       0x1c CMakeFiles/practica_3.dir/C_/Program_Files/Raspberry_Pi/Pico_SDK_v1.5.1/pico-sdk/lib/tinyusb/src/device/usbd.c.obj
                0x100065b8                usbd_edpt_stalled
 .text.process_control_request
                0x100065d4      0x37c CMakeFiles/practica_3.dir/C_/Program_Files/Raspberry_Pi/Pico_SDK_v1.5.1/pico-sdk/lib/tinyusb/src/device/usbd.c.obj
 .text.tud_task_ext
                0x10006950      0x1b8 CMakeFiles/practica_3.dir/C_/Program_Files/Raspberry_Pi/Pico_SDK_v1.5.1/pico-sdk/lib/tinyusb/src/device/usbd.c.obj
                0x10006950                tud_task_ext
 .text._data_stage_xact
                0x10006b08       0x58 CMakeFiles/practica_3.dir/C_/Program_Files/Raspberry_Pi/Pico_SDK_v1.5.1/pico-sdk/lib/tinyusb/src/device/usbd_control.c.obj
 .text.tud_control_status
                0x10006b60       0x38 CMakeFiles/practica_3.dir/C_/Program_Files/Raspberry_Pi/Pico_SDK_v1.5.1/pico-sdk/lib/tinyusb/src/device/usbd_control.c.obj
                0x10006b60                tud_control_status
 .text.tud_control_xfer
                0x10006b98       0x74 CMakeFiles/practica_3.dir/C_/Program_Files/Raspberry_Pi/Pico_SDK_v1.5.1/pico-sdk/lib/tinyusb/src/device/usbd_control.c.obj
                0x10006b98                tud_control_xfer
 .text.usbd_control_reset
                0x10006c0c       0x14 CMakeFiles/practica_3.dir/C_/Program_Files/Raspberry_Pi/Pico_SDK_v1.5.1/pico-sdk/lib/tinyusb/src/device/usbd_control.c.obj
                0x10006c0c                usbd_control_reset
 .text.usbd_control_set_complete_callback
                0x10006c20        0xc CMakeFiles/practica_3.dir/C_/Program_Files/Raspberry_Pi/Pico_SDK_v1.5.1/pico-sdk/lib/tinyusb/src/device/usbd_control.c.obj
                0x10006c20                usbd_control_set_complete_callback
 .text.usbd_control_set_request
                0x10006c2c       0x1c CMakeFiles/practica_3.dir/C_/Program_Files/Raspberry_Pi/Pico_SDK_v1.5.1/pico-sdk/lib/tinyusb/src/device/usbd_control.c.obj
                0x10006c2c                usbd_control_set_request
 .text.usbd_control_xfer_cb
                0x10006c48       0xcc CMakeFiles/practica_3.dir/C_/Program_Files/Raspberry_Pi/Pico_SDK_v1.5.1/pico-sdk/lib/tinyusb/src/device/usbd_control.c.obj
                0x10006c48                usbd_control_xfer_cb
 .text._prep_out_transaction
                0x10006d14       0x4a CMakeFiles/practica_3.dir/C_/Program_Files/Raspberry_Pi/Pico_SDK_v1.5.1/pico-sdk/lib/tinyusb/src/class/cdc/cdc_device.c.obj
 *fill*         0x10006d5e        0x2 
 .text.tud_cdc_n_connected
                0x10006d60       0x44 CMakeFiles/practica_3.dir/C_/Program_Files/Raspberry_Pi/Pico_SDK_v1.5.1/pico-sdk/lib/tinyusb/src/class/cdc/cdc_device.c.obj
                0x10006d60                tud_cdc_n_connected
 .text.tud_cdc_n_available
                0x10006da4       0x18 CMakeFiles/practica_3.dir/C_/Program_Files/Raspberry_Pi/Pico_SDK_v1.5.1/pico-sdk/lib/tinyusb/src/class/cdc/cdc_device.c.obj
                0x10006da4                tud_cdc_n_available
 .text.tud_cdc_n_read
                0x10006dbc       0x28 CMakeFiles/practica_3.dir/C_/Program_Files/Raspberry_Pi/Pico_SDK_v1.5.1/pico-sdk/lib/tinyusb/src/class/cdc/cdc_device.c.obj
                0x10006dbc                tud_cdc_n_read
 .text.tud_cdc_n_write_flush
                0x10006de4       0xb8 CMakeFiles/practica_3.dir/C_/Program_Files/Raspberry_Pi/Pico_SDK_v1.5.1/pico-sdk/lib/tinyusb/src/class/cdc/cdc_device.c.obj
                0x10006de4                tud_cdc_n_write_flush
 .text.tud_cdc_n_write
                0x10006e9c       0x38 CMakeFiles/practica_3.dir/C_/Program_Files/Raspberry_Pi/Pico_SDK_v1.5.1/pico-sdk/lib/tinyusb/src/class/cdc/cdc_device.c.obj
                0x10006e9c                tud_cdc_n_write
 .text.tud_cdc_n_write_available
                0x10006ed4       0x1c CMakeFiles/practica_3.dir/C_/Program_Files/Raspberry_Pi/Pico_SDK_v1.5.1/pico-sdk/lib/tinyusb/src/class/cdc/cdc_device.c.obj
                0x10006ed4                tud_cdc_n_write_available
 .text.cdcd_init
                0x10006ef0       0xbc CMakeFiles/practica_3.dir/C_/Program_Files/Raspberry_Pi/Pico_SDK_v1.5.1/pico-sdk/lib/tinyusb/src/class/cdc/cdc_device.c.obj
                0x10006ef0                cdcd_init
 .text.cdcd_reset
                0x10006fac       0x44 CMakeFiles/practica_3.dir/C_/Program_Files/Raspberry_Pi/Pico_SDK_v1.5.1/pico-sdk/lib/tinyusb/src/class/cdc/cdc_device.c.obj
                0x10006fac                cdcd_reset
 .text.cdcd_open
                0x10006ff0       0xcc CMakeFiles/practica_3.dir/C_/Program_Files/Raspberry_Pi/Pico_SDK_v1.5.1/pico-sdk/lib/tinyusb/src/class/cdc/cdc_device.c.obj
                0x10006ff0                cdcd_open
 .text.cdcd_control_xfer_cb
                0x100070bc      0x134 CMakeFiles/practica_3.dir/C_/Program_Files/Raspberry_Pi/Pico_SDK_v1.5.1/pico-sdk/lib/tinyusb/src/class/cdc/cdc_device.c.obj
                0x100070bc                cdcd_control_xfer_cb
 .text.cdcd_xfer_cb
                0x100071f0      0x130 CMakeFiles/practica_3.dir/C_/Program_Files/Raspberry_Pi/Pico_SDK_v1.5.1/pico-sdk/lib/tinyusb/src/class/cdc/cdc_device.c.obj
                0x100071f0                cdcd_xfer_cb
 .text.tusb_init
                0x10007320        0xa CMakeFiles/practica_3.dir/C_/Program_Files/Raspberry_Pi/Pico_SDK_v1.5.1/pico-sdk/lib/tinyusb/src/tusb.c.obj
                0x10007320                tusb_init
 .text.tusb_inited
                0x1000732a        0xe CMakeFiles/practica_3.dir/C_/Program_Files/Raspberry_Pi/Pico_SDK_v1.5.1/pico-sdk/lib/tinyusb/src/tusb.c.obj
                0x1000732a                tusb_inited
 .text.tu_edpt_claim
                0x10007338       0x50 CMakeFiles/practica_3.dir/C_/Program_Files/Raspberry_Pi/Pico_SDK_v1.5.1/pico-sdk/lib/tinyusb/src/tusb.c.obj
                0x10007338                tu_edpt_claim
 .text.tu_edpt_release
                0x10007388       0x3c CMakeFiles/practica_3.dir/C_/Program_Files/Raspberry_Pi/Pico_SDK_v1.5.1/pico-sdk/lib/tinyusb/src/tusb.c.obj
                0x10007388                tu_edpt_release
 .text.tu_edpt_validate
                0x100073c4       0x78 CMakeFiles/practica_3.dir/C_/Program_Files/Raspberry_Pi/Pico_SDK_v1.5.1/pico-sdk/lib/tinyusb/src/tusb.c.obj
                0x100073c4                tu_edpt_validate
 .text.tu_edpt_bind_driver
                0x1000743c       0x26 CMakeFiles/practica_3.dir/C_/Program_Files/Raspberry_Pi/Pico_SDK_v1.5.1/pico-sdk/lib/tinyusb/src/tusb.c.obj
                0x1000743c                tu_edpt_bind_driver
 .text.advance_index
                0x10007462       0x1a CMakeFiles/practica_3.dir/C_/Program_Files/Raspberry_Pi/Pico_SDK_v1.5.1/pico-sdk/lib/tinyusb/src/common/tusb_fifo.c.obj
 .text._tu_fifo_peek
                0x1000747c       0x56 CMakeFiles/practica_3.dir/C_/Program_Files/Raspberry_Pi/Pico_SDK_v1.5.1/pico-sdk/lib/tinyusb/src/common/tusb_fifo.c.obj
 .text._ff_pull_const_addr
                0x100074d2       0x4c CMakeFiles/practica_3.dir/C_/Program_Files/Raspberry_Pi/Pico_SDK_v1.5.1/pico-sdk/lib/tinyusb/src/common/tusb_fifo.c.obj
 .text._ff_pull_n
                0x1000751e      0x110 CMakeFiles/practica_3.dir/C_/Program_Files/Raspberry_Pi/Pico_SDK_v1.5.1/pico-sdk/lib/tinyusb/src/common/tusb_fifo.c.obj
 .text._tu_fifo_peek_n
                0x1000762e       0x6a CMakeFiles/practica_3.dir/C_/Program_Files/Raspberry_Pi/Pico_SDK_v1.5.1/pico-sdk/lib/tinyusb/src/common/tusb_fifo.c.obj
 .text._tu_fifo_read_n
                0x10007698       0x4e CMakeFiles/practica_3.dir/C_/Program_Files/Raspberry_Pi/Pico_SDK_v1.5.1/pico-sdk/lib/tinyusb/src/common/tusb_fifo.c.obj
 .text._ff_push_const_addr
                0x100076e6       0x40 CMakeFiles/practica_3.dir/C_/Program_Files/Raspberry_Pi/Pico_SDK_v1.5.1/pico-sdk/lib/tinyusb/src/common/tusb_fifo.c.obj
 .text._ff_push_n
                0x10007726      0x10c CMakeFiles/practica_3.dir/C_/Program_Files/Raspberry_Pi/Pico_SDK_v1.5.1/pico-sdk/lib/tinyusb/src/common/tusb_fifo.c.obj
 .text._tu_fifo_write_n
                0x10007832       0xf0 CMakeFiles/practica_3.dir/C_/Program_Files/Raspberry_Pi/Pico_SDK_v1.5.1/pico-sdk/lib/tinyusb/src/common/tusb_fifo.c.obj
 .text.tu_fifo_config
                0x10007922       0x7c CMakeFiles/practica_3.dir/C_/Program_Files/Raspberry_Pi/Pico_SDK_v1.5.1/pico-sdk/lib/tinyusb/src/common/tusb_fifo.c.obj
                0x10007922                tu_fifo_config
 .text.tu_fifo_count
                0x1000799e       0x2a CMakeFiles/practica_3.dir/C_/Program_Files/Raspberry_Pi/Pico_SDK_v1.5.1/pico-sdk/lib/tinyusb/src/common/tusb_fifo.c.obj
                0x1000799e                tu_fifo_count
 .text.tu_fifo_empty
                0x100079c8       0x10 CMakeFiles/practica_3.dir/C_/Program_Files/Raspberry_Pi/Pico_SDK_v1.5.1/pico-sdk/lib/tinyusb/src/common/tusb_fifo.c.obj
                0x100079c8                tu_fifo_empty
 .text.tu_fifo_full
                0x100079d8       0x28 CMakeFiles/practica_3.dir/C_/Program_Files/Raspberry_Pi/Pico_SDK_v1.5.1/pico-sdk/lib/tinyusb/src/common/tusb_fifo.c.obj
                0x100079d8                tu_fifo_full
 .text.tu_fifo_remaining
                0x10007a00       0x2c CMakeFiles/practica_3.dir/C_/Program_Files/Raspberry_Pi/Pico_SDK_v1.5.1/pico-sdk/lib/tinyusb/src/common/tusb_fifo.c.obj
                0x10007a00                tu_fifo_remaining
 .text.tu_fifo_read
                0x10007a2c       0x42 CMakeFiles/practica_3.dir/C_/Program_Files/Raspberry_Pi/Pico_SDK_v1.5.1/pico-sdk/lib/tinyusb/src/common/tusb_fifo.c.obj
                0x10007a2c                tu_fifo_read
 .text.tu_fifo_read_n
                0x10007a6e        0xa CMakeFiles/practica_3.dir/C_/Program_Files/Raspberry_Pi/Pico_SDK_v1.5.1/pico-sdk/lib/tinyusb/src/common/tusb_fifo.c.obj
                0x10007a6e                tu_fifo_read_n
 .text.tu_fifo_write
                0x10007a78       0x64 CMakeFiles/practica_3.dir/C_/Program_Files/Raspberry_Pi/Pico_SDK_v1.5.1/pico-sdk/lib/tinyusb/src/common/tusb_fifo.c.obj
                0x10007a78                tu_fifo_write
 .text.tu_fifo_write_n
                0x10007adc        0xa CMakeFiles/practica_3.dir/C_/Program_Files/Raspberry_Pi/Pico_SDK_v1.5.1/pico-sdk/lib/tinyusb/src/common/tusb_fifo.c.obj
                0x10007adc                tu_fifo_write_n
 .text.tu_fifo_clear
                0x10007ae6       0x3e CMakeFiles/practica_3.dir/C_/Program_Files/Raspberry_Pi/Pico_SDK_v1.5.1/pico-sdk/lib/tinyusb/src/common/tusb_fifo.c.obj
                0x10007ae6                tu_fifo_clear
 .text.tu_fifo_set_overwritable
                0x10007b24       0x46 CMakeFiles/practica_3.dir/C_/Program_Files/Raspberry_Pi/Pico_SDK_v1.5.1/pico-sdk/lib/tinyusb/src/common/tusb_fifo.c.obj
                0x10007b24                tu_fifo_set_overwritable
 *fill*         0x10007b6a        0x2 
 .text._calloc_r
                0x10007b6c       0x9c c:/progra~1/raspbe~1/picosd~1.1/gcc-ar~1/bin/../lib/gcc/arm-none-eabi/10.3.1/../../../../arm-none-eabi/lib/thumb/v6-m/nofp\libg.a(lib_a-callocr.o)
                0x10007b6c                _calloc_r
 .text.__errno  0x10007c08        0xc c:/progra~1/raspbe~1/picosd~1.1/gcc-ar~1/bin/../lib/gcc/arm-none-eabi/10.3.1/../../../../arm-none-eabi/lib/thumb/v6-m/nofp\libg.a(lib_a-errno.o)
                0x10007c08                __errno
 .text._fclose_r
                0x10007c14       0xdc c:/progra~1/raspbe~1/picosd~1.1/gcc-ar~1/bin/../lib/gcc/arm-none-eabi/10.3.1/../../../../arm-none-eabi/lib/thumb/v6-m/nofp\libg.a(lib_a-fclose.o)
                0x10007c14                _fclose_r
 .text.fclose   0x10007cf0       0x14 c:/progra~1/raspbe~1/picosd~1.1/gcc-ar~1/bin/../lib/gcc/arm-none-eabi/10.3.1/../../../../arm-none-eabi/lib/thumb/v6-m/nofp\libg.a(lib_a-fclose.o)
                0x10007cf0                fclose
 .text.__sflush_r
                0x10007d04      0x140 c:/progra~1/raspbe~1/picosd~1.1/gcc-ar~1/bin/../lib/gcc/arm-none-eabi/10.3.1/../../../../arm-none-eabi/lib/thumb/v6-m/nofp\libg.a(lib_a-fflush.o)
                0x10007d04                __sflush_r
 .text._fflush_r
                0x10007e44       0x6c c:/progra~1/raspbe~1/picosd~1.1/gcc-ar~1/bin/../lib/gcc/arm-none-eabi/10.3.1/../../../../arm-none-eabi/lib/thumb/v6-m/nofp\libg.a(lib_a-fflush.o)
                0x10007e44                _fflush_r
 .text.fflush   0x10007eb0       0x78 c:/progra~1/raspbe~1/picosd~1.1/gcc-ar~1/bin/../lib/gcc/arm-none-eabi/10.3.1/../../../../arm-none-eabi/lib/thumb/v6-m/nofp\libg.a(lib_a-fflush.o)
                0x10007eb0                fflush
 .text._cleanup_r
                0x10007f28       0x10 c:/progra~1/raspbe~1/picosd~1.1/gcc-ar~1/bin/../lib/gcc/arm-none-eabi/10.3.1/../../../../arm-none-eabi/lib/thumb/v6-m/nofp\libg.a(lib_a-findfp.o)
                0x10007f28                _cleanup_r
 .text.__sinit  0x10007f38      0x120 c:/progra~1/raspbe~1/picosd~1.1/gcc-ar~1/bin/../lib/gcc/arm-none-eabi/10.3.1/../../../../arm-none-eabi/lib/thumb/v6-m/nofp\libg.a(lib_a-findfp.o)
                0x10007f38                __sinit
 .text.__sfp    0x10008058       0xd8 c:/progra~1/raspbe~1/picosd~1.1/gcc-ar~1/bin/../lib/gcc/arm-none-eabi/10.3.1/../../../../arm-none-eabi/lib/thumb/v6-m/nofp\libg.a(lib_a-findfp.o)
                0x10008058                __sfp
 .text.__sfp_lock_acquire
                0x10008130       0x10 c:/progra~1/raspbe~1/picosd~1.1/gcc-ar~1/bin/../lib/gcc/arm-none-eabi/10.3.1/../../../../arm-none-eabi/lib/thumb/v6-m/nofp\libg.a(lib_a-findfp.o)
                0x10008130                __sfp_lock_acquire
 .text.__sfp_lock_release
                0x10008140       0x10 c:/progra~1/raspbe~1/picosd~1.1/gcc-ar~1/bin/../lib/gcc/arm-none-eabi/10.3.1/../../../../arm-none-eabi/lib/thumb/v6-m/nofp\libg.a(lib_a-findfp.o)
                0x10008140                __sfp_lock_release
 .text._fopen_r
                0x10008150       0xb4 c:/progra~1/raspbe~1/picosd~1.1/gcc-ar~1/bin/../lib/gcc/arm-none-eabi/10.3.1/../../../../arm-none-eabi/lib/thumb/v6-m/nofp\libg.a(lib_a-fopen.o)
                0x10008150                _fopen_r
 .text.fopen    0x10008204       0x18 c:/progra~1/raspbe~1/picosd~1.1/gcc-ar~1/bin/../lib/gcc/arm-none-eabi/10.3.1/../../../../arm-none-eabi/lib/thumb/v6-m/nofp\libg.a(lib_a-fopen.o)
                0x10008204                fopen
 .text.fprintf  0x1000821c       0x24 c:/progra~1/raspbe~1/picosd~1.1/gcc-ar~1/bin/../lib/gcc/arm-none-eabi/10.3.1/../../../../arm-none-eabi/lib/thumb/v6-m/nofp\libg.a(lib_a-fprintf.o)
                0x1000821c                fprintf
 .text._malloc_trim_r
                0x10008240       0x9c c:/progra~1/raspbe~1/picosd~1.1/gcc-ar~1/bin/../lib/gcc/arm-none-eabi/10.3.1/../../../../arm-none-eabi/lib/thumb/v6-m/nofp\libg.a(lib_a-freer.o)
                0x10008240                _malloc_trim_r
 .text._free_r  0x100082dc      0x1c4 c:/progra~1/raspbe~1/picosd~1.1/gcc-ar~1/bin/../lib/gcc/arm-none-eabi/10.3.1/../../../../arm-none-eabi/lib/thumb/v6-m/nofp\libg.a(lib_a-freer.o)
                0x100082dc                _free_r
 .text.fscanf   0x100084a0       0x24 c:/progra~1/raspbe~1/picosd~1.1/gcc-ar~1/bin/../lib/gcc/arm-none-eabi/10.3.1/../../../../arm-none-eabi/lib/thumb/v6-m/nofp\libg.a(lib_a-fscanf.o)
                0x100084a0                fscanf
 .text._fseek_r
                0x100084c4        0x8 c:/progra~1/raspbe~1/picosd~1.1/gcc-ar~1/bin/../lib/gcc/arm-none-eabi/10.3.1/../../../../arm-none-eabi/lib/thumb/v6-m/nofp\libg.a(lib_a-fseek.o)
                0x100084c4                _fseek_r
 .text._fseeko_r
                0x100084cc      0x358 c:/progra~1/raspbe~1/picosd~1.1/gcc-ar~1/bin/../lib/gcc/arm-none-eabi/10.3.1/../../../../arm-none-eabi/lib/thumb/v6-m/nofp\libg.a(lib_a-fseeko.o)
                0x100084cc                _fseeko_r
 .text._fstat_r
                0x10008824       0x28 c:/progra~1/raspbe~1/picosd~1.1/gcc-ar~1/bin/../lib/gcc/arm-none-eabi/10.3.1/../../../../arm-none-eabi/lib/thumb/v6-m/nofp\libg.a(lib_a-fstatr.o)
                0x10008824                _fstat_r
 .text._fwalk   0x1000884c       0x40 c:/progra~1/raspbe~1/picosd~1.1/gcc-ar~1/bin/../lib/gcc/arm-none-eabi/10.3.1/../../../../arm-none-eabi/lib/thumb/v6-m/nofp\libg.a(lib_a-fwalk.o)
                0x1000884c                _fwalk
 .text._fwalk_reent
                0x1000888c       0x48 c:/progra~1/raspbe~1/picosd~1.1/gcc-ar~1/bin/../lib/gcc/arm-none-eabi/10.3.1/../../../../arm-none-eabi/lib/thumb/v6-m/nofp\libg.a(lib_a-fwalk.o)
                0x1000888c                _fwalk_reent
 .text.__retarget_lock_init_recursive
                0x100088d4        0x4 c:/progra~1/raspbe~1/picosd~1.1/gcc-ar~1/bin/../lib/gcc/arm-none-eabi/10.3.1/../../../../arm-none-eabi/lib/thumb/v6-m/nofp\libg.a(lib_a-lock.o)
                0x100088d4                __retarget_lock_init_recursive
 .text.__retarget_lock_close_recursive
                0x100088d8        0x4 c:/progra~1/raspbe~1/picosd~1.1/gcc-ar~1/bin/../lib/gcc/arm-none-eabi/10.3.1/../../../../arm-none-eabi/lib/thumb/v6-m/nofp\libg.a(lib_a-lock.o)
                0x100088d8                __retarget_lock_close_recursive
 .text.__retarget_lock_acquire_recursive
                0x100088dc        0x4 c:/progra~1/raspbe~1/picosd~1.1/gcc-ar~1/bin/../lib/gcc/arm-none-eabi/10.3.1/../../../../arm-none-eabi/lib/thumb/v6-m/nofp\libg.a(lib_a-lock.o)
                0x100088dc                __retarget_lock_acquire_recursive
 .text.__retarget_lock_release_recursive
                0x100088e0        0x4 c:/progra~1/raspbe~1/picosd~1.1/gcc-ar~1/bin/../lib/gcc/arm-none-eabi/10.3.1/../../../../arm-none-eabi/lib/thumb/v6-m/nofp\libg.a(lib_a-lock.o)
                0x100088e0                __retarget_lock_release_recursive
 .text.__smakebuf_r
                0x100088e4       0xe4 c:/progra~1/raspbe~1/picosd~1.1/gcc-ar~1/bin/../lib/gcc/arm-none-eabi/10.3.1/../../../../arm-none-eabi/lib/thumb/v6-m/nofp\libg.a(lib_a-makebuf.o)
                0x100088e4                __smakebuf_r
 .text.malloc   0x100089c8       0x14 c:/progra~1/raspbe~1/picosd~1.1/gcc-ar~1/bin/../lib/gcc/arm-none-eabi/10.3.1/../../../../arm-none-eabi/lib/thumb/v6-m/nofp\libg.a(lib_a-malloc.o)
                0x100089c8                malloc
 .text.free     0x100089dc       0x14 c:/progra~1/raspbe~1/picosd~1.1/gcc-ar~1/bin/../lib/gcc/arm-none-eabi/10.3.1/../../../../arm-none-eabi/lib/thumb/v6-m/nofp\libg.a(lib_a-malloc.o)
                0x100089dc                free
 .text._malloc_r
                0x100089f0      0x584 c:/progra~1/raspbe~1/picosd~1.1/gcc-ar~1/bin/../lib/gcc/arm-none-eabi/10.3.1/../../../../arm-none-eabi/lib/thumb/v6-m/nofp\libg.a(lib_a-mallocr.o)
                0x100089f0                _malloc_r
 .text.__malloc_lock
                0x10008f74       0x10 c:/progra~1/raspbe~1/picosd~1.1/gcc-ar~1/bin/../lib/gcc/arm-none-eabi/10.3.1/../../../../arm-none-eabi/lib/thumb/v6-m/nofp\libg.a(lib_a-mlock.o)
                0x10008f74                __malloc_lock
 .text.__malloc_unlock
                0x10008f84       0x10 c:/progra~1/raspbe~1/picosd~1.1/gcc-ar~1/bin/../lib/gcc/arm-none-eabi/10.3.1/../../../../arm-none-eabi/lib/thumb/v6-m/nofp\libg.a(lib_a-mlock.o)
                0x10008f84                __malloc_unlock
 .text._open_r  0x10008f94       0x28 c:/progra~1/raspbe~1/picosd~1.1/gcc-ar~1/bin/../lib/gcc/arm-none-eabi/10.3.1/../../../../arm-none-eabi/lib/thumb/v6-m/nofp\libg.a(lib_a-openr.o)
                0x10008f94                _open_r
 .text.realloc  0x10008fbc       0x18 c:/progra~1/raspbe~1/picosd~1.1/gcc-ar~1/bin/../lib/gcc/arm-none-eabi/10.3.1/../../../../arm-none-eabi/lib/thumb/v6-m/nofp\libg.a(lib_a-realloc.o)
                0x10008fbc                realloc
 .text._realloc_r
                0x10008fd4      0x354 c:/progra~1/raspbe~1/picosd~1.1/gcc-ar~1/bin/../lib/gcc/arm-none-eabi/10.3.1/../../../../arm-none-eabi/lib/thumb/v6-m/nofp\libg.a(lib_a-reallocr.o)
                0x10008fd4                _realloc_r
 .text.lflush   0x10009328       0x1c c:/progra~1/raspbe~1/picosd~1.1/gcc-ar~1/bin/../lib/gcc/arm-none-eabi/10.3.1/../../../../arm-none-eabi/lib/thumb/v6-m/nofp\libg.a(lib_a-refill.o)
 .text.__srefill_r
                0x10009344      0x124 c:/progra~1/raspbe~1/picosd~1.1/gcc-ar~1/bin/../lib/gcc/arm-none-eabi/10.3.1/../../../../arm-none-eabi/lib/thumb/v6-m/nofp\libg.a(lib_a-refill.o)
                0x10009344                __srefill_r
 .text._sbrk_r  0x10009468       0x24 c:/progra~1/raspbe~1/picosd~1.1/gcc-ar~1/bin/../lib/gcc/arm-none-eabi/10.3.1/../../../../arm-none-eabi/lib/thumb/v6-m/nofp\libg.a(lib_a-sbrkr.o)
                0x10009468                _sbrk_r
 .text.scanf    0x1000948c       0x24 c:/progra~1/raspbe~1/picosd~1.1/gcc-ar~1/bin/../lib/gcc/arm-none-eabi/10.3.1/../../../../arm-none-eabi/lib/thumb/v6-m/nofp\libg.a(lib_a-scanf.o)
                0x1000948c                scanf
 .text.__sread  0x100094b0       0x28 c:/progra~1/raspbe~1/picosd~1.1/gcc-ar~1/bin/../lib/gcc/arm-none-eabi/10.3.1/../../../../arm-none-eabi/lib/thumb/v6-m/nofp\libg.a(lib_a-stdio.o)
                0x100094b0                __sread
 .text.__swrite
                0x100094d8       0x40 c:/progra~1/raspbe~1/picosd~1.1/gcc-ar~1/bin/../lib/gcc/arm-none-eabi/10.3.1/../../../../arm-none-eabi/lib/thumb/v6-m/nofp\libg.a(lib_a-stdio.o)
                0x100094d8                __swrite
 .text.__sseek  0x10009518       0x2c c:/progra~1/raspbe~1/picosd~1.1/gcc-ar~1/bin/../lib/gcc/arm-none-eabi/10.3.1/../../../../arm-none-eabi/lib/thumb/v6-m/nofp\libg.a(lib_a-stdio.o)
                0x10009518                __sseek
 .text.__sclose
                0x10009544        0xc c:/progra~1/raspbe~1/picosd~1.1/gcc-ar~1/bin/../lib/gcc/arm-none-eabi/10.3.1/../../../../arm-none-eabi/lib/thumb/v6-m/nofp\libg.a(lib_a-stdio.o)
                0x10009544                __sclose
 .text          0x10009550       0x88 c:/progra~1/raspbe~1/picosd~1.1/gcc-ar~1/bin/../lib/gcc/arm-none-eabi/10.3.1/../../../../arm-none-eabi/lib/thumb/v6-m/nofp\libg.a(lib_a-strcmp.o)
                0x10009550                strcmp
 .text.strcpy   0x100095d8       0x10 c:/progra~1/raspbe~1/picosd~1.1/gcc-ar~1/bin/../lib/gcc/arm-none-eabi/10.3.1/../../../../arm-none-eabi/lib/thumb/v6-m/nofp\libg.a(lib_a-strcpy.o)
                0x100095d8                strcpy
 .text.strlen   0x100095e8       0x5c c:/progra~1/raspbe~1/picosd~1.1/gcc-ar~1/bin/../lib/gcc/arm-none-eabi/10.3.1/../../../../arm-none-eabi/lib/thumb/v6-m/nofp\libg.a(lib_a-strlen-stub.o)
                0x100095e8                strlen
 .text._vfprintf_r
                0x10009644     0x1c44 c:/progra~1/raspbe~1/picosd~1.1/gcc-ar~1/bin/../lib/gcc/arm-none-eabi/10.3.1/../../../../arm-none-eabi/lib/thumb/v6-m/nofp\libg.a(lib_a-vfprintf.o)
                0x10009644                _vfprintf_r
 .text.__sbprintf
                0x1000b288       0x8c c:/progra~1/raspbe~1/picosd~1.1/gcc-ar~1/bin/../lib/gcc/arm-none-eabi/10.3.1/../../../../arm-none-eabi/lib/thumb/v6-m/nofp\libg.a(lib_a-vfprintf.o)
 .text.__svfscanf_r
                0x1000b314     0x17d8 c:/progra~1/raspbe~1/picosd~1.1/gcc-ar~1/bin/../lib/gcc/arm-none-eabi/10.3.1/../../../../arm-none-eabi/lib/thumb/v6-m/nofp\libg.a(lib_a-vfscanf.o)
                0x1000b314                __svfscanf_r
 .text._vfscanf_r
                0x1000caec       0x28 c:/progra~1/raspbe~1/picosd~1.1/gcc-ar~1/bin/../lib/gcc/arm-none-eabi/10.3.1/../../../../arm-none-eabi/lib/thumb/v6-m/nofp\libg.a(lib_a-vfscanf.o)
                0x1000caec                _vfscanf_r
 .text._write_r
                0x1000cb14       0x28 c:/progra~1/raspbe~1/picosd~1.1/gcc-ar~1/bin/../lib/gcc/arm-none-eabi/10.3.1/../../../../arm-none-eabi/lib/thumb/v6-m/nofp\libg.a(lib_a-writer.o)
                0x1000cb14                _write_r
 .text.__swsetup_r
                0x1000cb3c       0xdc c:/progra~1/raspbe~1/picosd~1.1/gcc-ar~1/bin/../lib/gcc/arm-none-eabi/10.3.1/../../../../arm-none-eabi/lib/thumb/v6-m/nofp\libg.a(lib_a-wsetup.o)
                0x1000cb3c                __swsetup_r
 .text._close_r
                0x1000cc18       0x24 c:/progra~1/raspbe~1/picosd~1.1/gcc-ar~1/bin/../lib/gcc/arm-none-eabi/10.3.1/../../../../arm-none-eabi/lib/thumb/v6-m/nofp\libg.a(lib_a-closer.o)
                0x1000cc18                _close_r
 .text.quorem   0x1000cc3c      0x148 c:/progra~1/raspbe~1/picosd~1.1/gcc-ar~1/bin/../lib/gcc/arm-none-eabi/10.3.1/../../../../arm-none-eabi/lib/thumb/v6-m/nofp\libg.a(lib_a-dtoa.o)
 .text._dtoa_r  0x1000cd84      0xfbc c:/progra~1/raspbe~1/picosd~1.1/gcc-ar~1/bin/../lib/gcc/arm-none-eabi/10.3.1/../../../../arm-none-eabi/lib/thumb/v6-m/nofp\libg.a(lib_a-dtoa.o)
                0x1000cd84                _dtoa_r
 .text.__sflags
                0x1000dd40       0xa0 c:/progra~1/raspbe~1/picosd~1.1/gcc-ar~1/bin/../lib/gcc/arm-none-eabi/10.3.1/../../../../arm-none-eabi/lib/thumb/v6-m/nofp\libg.a(lib_a-flags.o)
                0x1000dd40                __sflags
 .text._fread_r
                0x1000dde0      0x1bc c:/progra~1/raspbe~1/picosd~1.1/gcc-ar~1/bin/../lib/gcc/arm-none-eabi/10.3.1/../../../../arm-none-eabi/lib/thumb/v6-m/nofp\libg.a(lib_a-fread.o)
                0x1000dde0                _fread_r
 .text._isatty_r
                0x1000df9c       0x24 c:/progra~1/raspbe~1/picosd~1.1/gcc-ar~1/bin/../lib/gcc/arm-none-eabi/10.3.1/../../../../arm-none-eabi/lib/thumb/v6-m/nofp\libg.a(lib_a-isattyr.o)
                0x1000df9c                _isatty_r
 .text.iswspace
                0x1000dfc0        0xc c:/progra~1/raspbe~1/picosd~1.1/gcc-ar~1/bin/../lib/gcc/arm-none-eabi/10.3.1/../../../../arm-none-eabi/lib/thumb/v6-m/nofp\libg.a(lib_a-iswspace.o)
                0x1000dfc0                iswspace
 .text.iswspace_l
                0x1000dfcc       0x18 c:/progra~1/raspbe~1/picosd~1.1/gcc-ar~1/bin/../lib/gcc/arm-none-eabi/10.3.1/../../../../arm-none-eabi/lib/thumb/v6-m/nofp\libg.a(lib_a-iswspace_l.o)
                0x1000dfcc                iswspace_l
 .text.__locale_mb_cur_max
                0x1000dfe4       0x10 c:/progra~1/raspbe~1/picosd~1.1/gcc-ar~1/bin/../lib/gcc/arm-none-eabi/10.3.1/../../../../arm-none-eabi/lib/thumb/v6-m/nofp\libg.a(lib_a-locale.o)
                0x1000dfe4                __locale_mb_cur_max
 .text._localeconv_r
                0x1000dff4        0x8 c:/progra~1/raspbe~1/picosd~1.1/gcc-ar~1/bin/../lib/gcc/arm-none-eabi/10.3.1/../../../../arm-none-eabi/lib/thumb/v6-m/nofp\libg.a(lib_a-localeconv.o)
                0x1000dff4                _localeconv_r
 .text._lseek_r
                0x1000dffc       0x28 c:/progra~1/raspbe~1/picosd~1.1/gcc-ar~1/bin/../lib/gcc/arm-none-eabi/10.3.1/../../../../arm-none-eabi/lib/thumb/v6-m/nofp\libg.a(lib_a-lseekr.o)
                0x1000dffc                _lseek_r
 .text._mbrtowc_r
                0x1000e024       0x4c c:/progra~1/raspbe~1/picosd~1.1/gcc-ar~1/bin/../lib/gcc/arm-none-eabi/10.3.1/../../../../arm-none-eabi/lib/thumb/v6-m/nofp\libg.a(lib_a-mbrtowc.o)
                0x1000e024                _mbrtowc_r
 .text.__ascii_mbtowc
                0x1000e070       0x2c c:/progra~1/raspbe~1/picosd~1.1/gcc-ar~1/bin/../lib/gcc/arm-none-eabi/10.3.1/../../../../arm-none-eabi/lib/thumb/v6-m/nofp\libg.a(lib_a-mbtowc_r.o)
                0x1000e070                __ascii_mbtowc
 .text.memchr   0x1000e09c       0x74 c:/progra~1/raspbe~1/picosd~1.1/gcc-ar~1/bin/../lib/gcc/arm-none-eabi/10.3.1/../../../../arm-none-eabi/lib/thumb/v6-m/nofp\libg.a(lib_a-memchr-stub.o)
                0x1000e09c                memchr
 .text.memmove  0x1000e110       0xac c:/progra~1/raspbe~1/picosd~1.1/gcc-ar~1/bin/../lib/gcc/arm-none-eabi/10.3.1/../../../../arm-none-eabi/lib/thumb/v6-m/nofp\libg.a(lib_a-memmove.o)
                0x1000e110                memmove
 .text._Balloc  0x1000e1bc       0x50 c:/progra~1/raspbe~1/picosd~1.1/gcc-ar~1/bin/../lib/gcc/arm-none-eabi/10.3.1/../../../../arm-none-eabi/lib/thumb/v6-m/nofp\libg.a(lib_a-mprec.o)
                0x1000e1bc                _Balloc
 .text._Bfree   0x1000e20c       0x14 c:/progra~1/raspbe~1/picosd~1.1/gcc-ar~1/bin/../lib/gcc/arm-none-eabi/10.3.1/../../../../arm-none-eabi/lib/thumb/v6-m/nofp\libg.a(lib_a-mprec.o)
                0x1000e20c                _Bfree
 .text.__multadd
                0x1000e220       0xa8 c:/progra~1/raspbe~1/picosd~1.1/gcc-ar~1/bin/../lib/gcc/arm-none-eabi/10.3.1/../../../../arm-none-eabi/lib/thumb/v6-m/nofp\libg.a(lib_a-mprec.o)
                0x1000e220                __multadd
 .text.__s2b    0x1000e2c8       0xb0 c:/progra~1/raspbe~1/picosd~1.1/gcc-ar~1/bin/../lib/gcc/arm-none-eabi/10.3.1/../../../../arm-none-eabi/lib/thumb/v6-m/nofp\libg.a(lib_a-mprec.o)
                0x1000e2c8                __s2b
 .text.__hi0bits
                0x1000e378       0x38 c:/progra~1/raspbe~1/picosd~1.1/gcc-ar~1/bin/../lib/gcc/arm-none-eabi/10.3.1/../../../../arm-none-eabi/lib/thumb/v6-m/nofp\libg.a(lib_a-mprec.o)
                0x1000e378                __hi0bits
 .text.__lo0bits
                0x1000e3b0       0x5c c:/progra~1/raspbe~1/picosd~1.1/gcc-ar~1/bin/../lib/gcc/arm-none-eabi/10.3.1/../../../../arm-none-eabi/lib/thumb/v6-m/nofp\libg.a(lib_a-mprec.o)
                0x1000e3b0                __lo0bits
 .text.__i2b    0x1000e40c       0x60 c:/progra~1/raspbe~1/picosd~1.1/gcc-ar~1/bin/../lib/gcc/arm-none-eabi/10.3.1/../../../../arm-none-eabi/lib/thumb/v6-m/nofp\libg.a(lib_a-mprec.o)
                0x1000e40c                __i2b
 .text.__multiply
                0x1000e46c      0x1a4 c:/progra~1/raspbe~1/picosd~1.1/gcc-ar~1/bin/../lib/gcc/arm-none-eabi/10.3.1/../../../../arm-none-eabi/lib/thumb/v6-m/nofp\libg.a(lib_a-mprec.o)
                0x1000e46c                __multiply
 .text.__pow5mult
                0x1000e610       0xd8 c:/progra~1/raspbe~1/picosd~1.1/gcc-ar~1/bin/../lib/gcc/arm-none-eabi/10.3.1/../../../../arm-none-eabi/lib/thumb/v6-m/nofp\libg.a(lib_a-mprec.o)
                0x1000e610                __pow5mult
 .text.__lshift
                0x1000e6e8       0xfc c:/progra~1/raspbe~1/picosd~1.1/gcc-ar~1/bin/../lib/gcc/arm-none-eabi/10.3.1/../../../../arm-none-eabi/lib/thumb/v6-m/nofp\libg.a(lib_a-mprec.o)
                0x1000e6e8                __lshift
 .text.__mcmp   0x1000e7e4       0x34 c:/progra~1/raspbe~1/picosd~1.1/gcc-ar~1/bin/../lib/gcc/arm-none-eabi/10.3.1/../../../../arm-none-eabi/lib/thumb/v6-m/nofp\libg.a(lib_a-mprec.o)
                0x1000e7e4                __mcmp
 .text.__mdiff  0x1000e818      0x18c c:/progra~1/raspbe~1/picosd~1.1/gcc-ar~1/bin/../lib/gcc/arm-none-eabi/10.3.1/../../../../arm-none-eabi/lib/thumb/v6-m/nofp\libg.a(lib_a-mprec.o)
                0x1000e818                __mdiff
 .text.__ulp    0x1000e9a4       0x48 c:/progra~1/raspbe~1/picosd~1.1/gcc-ar~1/bin/../lib/gcc/arm-none-eabi/10.3.1/../../../../arm-none-eabi/lib/thumb/v6-m/nofp\libg.a(lib_a-mprec.o)
                0x1000e9a4                __ulp
 .text.__b2d    0x1000e9ec       0xc8 c:/progra~1/raspbe~1/picosd~1.1/gcc-ar~1/bin/../lib/gcc/arm-none-eabi/10.3.1/../../../../arm-none-eabi/lib/thumb/v6-m/nofp\libg.a(lib_a-mprec.o)
                0x1000e9ec                __b2d
 .text.__d2b    0x1000eab4       0xd8 c:/progra~1/raspbe~1/picosd~1.1/gcc-ar~1/bin/../lib/gcc/arm-none-eabi/10.3.1/../../../../arm-none-eabi/lib/thumb/v6-m/nofp\libg.a(lib_a-mprec.o)
                0x1000eab4                __d2b
 .text.__ratio  0x1000eb8c       0x68 c:/progra~1/raspbe~1/picosd~1.1/gcc-ar~1/bin/../lib/gcc/arm-none-eabi/10.3.1/../../../../arm-none-eabi/lib/thumb/v6-m/nofp\libg.a(lib_a-mprec.o)
                0x1000eb8c                __ratio
 .text.__copybits
                0x1000ebf4       0x40 c:/progra~1/raspbe~1/picosd~1.1/gcc-ar~1/bin/../lib/gcc/arm-none-eabi/10.3.1/../../../../arm-none-eabi/lib/thumb/v6-m/nofp\libg.a(lib_a-mprec.o)
                0x1000ebf4                __copybits
 .text.__any_on
                0x1000ec34       0x50 c:/progra~1/raspbe~1/picosd~1.1/gcc-ar~1/bin/../lib/gcc/arm-none-eabi/10.3.1/../../../../arm-none-eabi/lib/thumb/v6-m/nofp\libg.a(lib_a-mprec.o)
                0x1000ec34                __any_on
 .text._read_r  0x1000ec84       0x28 c:/progra~1/raspbe~1/picosd~1.1/gcc-ar~1/bin/../lib/gcc/arm-none-eabi/10.3.1/../../../../arm-none-eabi/lib/thumb/v6-m/nofp\libg.a(lib_a-readr.o)
                0x1000ec84                _read_r
 .text.frexp    0x1000ecac       0x64 c:/progra~1/raspbe~1/picosd~1.1/gcc-ar~1/bin/../lib/gcc/arm-none-eabi/10.3.1/../../../../arm-none-eabi/lib/thumb/v6-m/nofp\libg.a(lib_a-s_frexp.o)
                0x1000ecac                frexp
 .text.__sccl   0x1000ed10       0x80 c:/progra~1/raspbe~1/picosd~1.1/gcc-ar~1/bin/../lib/gcc/arm-none-eabi/10.3.1/../../../../arm-none-eabi/lib/thumb/v6-m/nofp\libg.a(lib_a-sccl.o)
                0x1000ed10                __sccl
 .text.nanf     0x1000ed90        0x8 c:/progra~1/raspbe~1/picosd~1.1/gcc-ar~1/bin/../lib/gcc/arm-none-eabi/10.3.1/../../../../arm-none-eabi/lib/thumb/v6-m/nofp\libg.a(lib_a-sf_nan.o)
                0x1000ed90                nanf