Archive member included to satisfy reference by file (symbol)

c:/progra~1/raspbe~1/picosd~1.1/gcc-ar~1/bin/../lib/gcc/arm-none-eabi/10.3.1/thumb/v6-m/nofp\libgcc.a(_dvmd_tls.o)
                              CMakeFiles/pusuarios.dir/C_/Program_Files/Raspberry_Pi/Pico_SDK_v1.5.1/pico-sdk/src/rp2_common/pico_divider/divider.S.obj (__aeabi_idiv0)
c:/progra~1/raspbe~1/picosd~1.1/gcc-ar~1/bin/../lib/gcc/arm-none-eabi/10.3.1/../../../../arm-none-eabi/lib/thumb/v6-m/nofp\libg.a(lib_a-calloc.o)
                              CMakeFiles/pusuarios.dir/C_/Program_Files/Raspberry_Pi/Pico_SDK_v1.5.1/pico-sdk/src/rp2_common/pico_malloc/pico_malloc.c.obj (calloc)
c:/progra~1/raspbe~1/picosd~1.1/gcc-ar~1/bin/../lib/gcc/arm-none-eabi/10.3.1/../../../../arm-none-eabi/lib/thumb/v6-m/nofp\libg.a(lib_a-callocr.o)
                              c:/progra~1/raspbe~1/picosd~1.1/gcc-ar~1/bin/../lib/gcc/arm-none-eabi/10.3.1/../../../../arm-none-eabi/lib/thumb/v6-m/nofp\libg.a(lib_a-calloc.o) (_calloc_r)
c:/progra~1/raspbe~1/picosd~1.1/gcc-ar~1/bin/../lib/gcc/arm-none-eabi/10.3.1/../../../../arm-none-eabi/lib/thumb/v6-m/nofp\libg.a(lib_a-errno.o)
                              c:/progra~1/raspbe~1/picosd~1.1/gcc-ar~1/bin/../lib/gcc/arm-none-eabi/10.3.1/../../../../arm-none-eabi/lib/thumb/v6-m/nofp\libg.a(lib_a-callocr.o) (__errno)
c:/progra~1/raspbe~1/picosd~1.1/gcc-ar~1/bin/../lib/gcc/arm-none-eabi/10.3.1/../../../../arm-none-eabi/lib/thumb/v6-m/nofp\libg.a(lib_a-impure.o)
                              c:/progra~1/raspbe~1/picosd~1.1/gcc-ar~1/bin/../lib/gcc/arm-none-eabi/10.3.1/../../../../arm-none-eabi/lib/thumb/v6-m/nofp\libg.a(lib_a-calloc.o) (_impure_ptr)
c:/progra~1/raspbe~1/picosd~1.1/gcc-ar~1/bin/../lib/gcc/arm-none-eabi/10.3.1/../../../../arm-none-eabi/lib/thumb/v6-m/nofp\libg.a(lib_a-init.o)
                              c:/progra~1/raspbe~1/picosd~1.1/gcc-ar~1/bin/../lib/gcc/arm-none-eabi/10.3.1/../../../../arm-none-eabi/lib/thumb/v6-m/nofp/crt0.o (__libc_init_array)
c:/progra~1/raspbe~1/picosd~1.1/gcc-ar~1/bin/../lib/gcc/arm-none-eabi/10.3.1/../../../../arm-none-eabi/lib/thumb/v6-m/nofp\libg.a(lib_a-malloc.o)
                              CMakeFiles/pusuarios.dir/C_/Program_Files/Raspberry_Pi/Pico_SDK_v1.5.1/pico-sdk/src/rp2_common/pico_malloc/pico_malloc.c.obj (malloc)
c:/progra~1/raspbe~1/picosd~1.1/gcc-ar~1/bin/../lib/gcc/arm-none-eabi/10.3.1/../../../../arm-none-eabi/lib/thumb/v6-m/nofp\libg.a(lib_a-mallocr.o)
                              c:/progra~1/raspbe~1/picosd~1.1/gcc-ar~1/bin/../lib/gcc/arm-none-eabi/10.3.1/../../../../arm-none-eabi/lib/thumb/v6-m/nofp\libg.a(lib_a-callocr.o) (_malloc_r)
c:/progra~1/raspbe~1/picosd~1.1/gcc-ar~1/bin/../lib/gcc/arm-none-eabi/10.3.1/../../../../arm-none-eabi/lib/thumb/v6-m/nofp\libg.a(lib_a-mlock.o)
                              c:/progra~1/raspbe~1/picosd~1.1/gcc-ar~1/bin/../lib/gcc/arm-none-eabi/10.3.1/../../../../arm-none-eabi/lib/thumb/v6-m/nofp\libg.a(lib_a-mallocr.o) (__malloc_lock)
c:/progra~1/raspbe~1/picosd~1.1/gcc-ar~1/bin/../lib/gcc/arm-none-eabi/10.3.1/../../../../arm-none-eabi/lib/thumb/v6-m/nofp\libg.a(lib_a-realloc.o)
                              CMakeFiles/pusuarios.dir/C_/Program_Files/Raspberry_Pi/Pico_SDK_v1.5.1/pico-sdk/src/rp2_common/pico_malloc/pico_malloc.c.obj (realloc)
c:/progra~1/raspbe~1/picosd~1.1/gcc-ar~1/bin/../lib/gcc/arm-none-eabi/10.3.1/../../../../arm-none-eabi/lib/thumb/v6-m/nofp\libg.a(lib_a-reallocr.o)
                              c:/progra~1/raspbe~1/picosd~1.1/gcc-ar~1/bin/../lib/gcc/arm-none-eabi/10.3.1/../../../../arm-none-eabi/lib/thumb/v6-m/nofp\libg.a(lib_a-realloc.o) (_realloc_r)
c:/progra~1/raspbe~1/picosd~1.1/gcc-ar~1/bin/../lib/gcc/arm-none-eabi/10.3.1/../../../../arm-none-eabi/lib/thumb/v6-m/nofp\libg.a(lib_a-sbrkr.o)
                              c:/progra~1/raspbe~1/picosd~1.1/gcc-ar~1/bin/../lib/gcc/arm-none-eabi/10.3.1/../../../../arm-none-eabi/lib/thumb/v6-m/nofp\libg.a(lib_a-mallocr.o) (_sbrk_r)
c:/progra~1/raspbe~1/picosd~1.1/gcc-ar~1/bin/../lib/gcc/arm-none-eabi/10.3.1/../../../../arm-none-eabi/lib/thumb/v6-m/nofp\libg.a(lib_a-strcmp.o)
                              CMakeFiles/pusuarios.dir/tcl.c.obj (strcmp)
c:/progra~1/raspbe~1/picosd~1.1/gcc-ar~1/bin/../lib/gcc/arm-none-eabi/10.3.1/../../../../arm-none-eabi/lib/thumb/v6-m/nofp\libg.a(lib_a-strcpy.o)
                              CMakeFiles/pusuarios.dir/tcl.c.obj (strcpy)
c:/progra~1/raspbe~1/picosd~1.1/gcc-ar~1/bin/../lib/gcc/arm-none-eabi/10.3.1/../../../../arm-none-eabi/lib/thumb/v6-m/nofp\libg.a(lib_a-strlen-stub.o)
                              CMakeFiles/pusuarios.dir/C_/Program_Files/Raspberry_Pi/Pico_SDK_v1.5.1/pico-sdk/src/rp2_common/pico_stdio/stdio.c.obj (strlen)
c:/progra~1/raspbe~1/picosd~1.1/gcc-ar~1/bin/../lib/gcc/arm-none-eabi/10.3.1/../../../../arm-none-eabi/lib/thumb/v6-m/nofp\libg.a(lib_a-freer.o)
[...]
Memory Configuration

Name             Origin             Length             Attributes
FLASH            0x10000000         0x00200000         xr
RAM              0x20000000         0x00040000         xrw
SCRATCH_X        0x20040000         0x00001000         xrw
SCRATCH_Y        0x20041000         0x00001000         xrw
*default*        0x00000000         0xffffffff

Linker script and memory map

LOAD c:/progra~1/raspbe~1/picosd~1.1/gcc-ar~1/bin/../lib/gcc/arm-none-eabi/10.3.1/thumb/v6-m/nofp/crti.o
LOAD c:/progra~1/raspbe~1/picosd~1.1/gcc-ar~1/bin/../lib/gcc/arm-none-eabi/10.3.1/thumb/v6-m/nofp/crtbegin.o
LOAD c:/progra~1/raspbe~1/picosd~1.1/gcc-ar~1/bin/../lib/gcc/arm-none-eabi/10.3.1/../../../../arm-none-eabi/lib/thumb/v6-m/nofp/crt0.o

.flash_begin    0x10000000        0x0
                0x10000000                __flash_binary_start = .

.boot2          0x10000000      0x100
                0x10000000                __boot2_start__ = .
 *(.boot2)
 .boot2         0x10000000      0x100 C:\Users\57321\AppData\Local\Temp\cceT8Dvs.o
                0x10000100                __boot2_end__ = .
                0x00000001                ASSERT (((__boot2_end__ - __boot2_start__) == 0x100), ERROR: Pico second stage bootloader must be 256 bytes in size)

.text           0x10000100     0x78a0
                0x10000100                __logical_binary_start = .
 *(.vectors)
 .vectors       0x10000100       0xd4 CMakeFiles/pusuarios.dir/C_/Program_Files/Raspberry_Pi/Pico_SDK_v1.5.1/pico-sdk/src/rp2_common/pico_standard_link/crt0.S.obj
                0x10000100                __VECTOR_TABLE
                0x10000100                __vectors
                0x100001c0                isr_invalid
                0x100001c0                __default_isrs_start
                0x100001c2                isr_nmi
                0x100001c4                isr_hardfault
                0x100001c6                isr_svcall
                0x100001c8                isr_pendsv
                0x100001ca                isr_systick
                0x100001cc                isr_irq23
                0x100001cc                isr_irq18
                0x100001cc                isr_irq11
                0x100001cc                isr_irq28
                0x100001cc                isr_irq19
                0x100001cc                isr_irq0
                0x100001cc                isr_irq6
                0x100001cc                isr_irq5
                0x100001cc                isr_irq12
                0x100001cc                isr_irq22
                0x100001cc                isr_irq31
                0x100001cc                isr_irq17
                0x100001cc                isr_irq27
                0x100001cc                isr_irq30
                0x100001cc                isr_irq2
                0x100001cc                isr_irq10
                0x100001cc                isr_irq8
                0x100001cc                isr_irq24
                0x100001cc                isr_irq1
                0x100001cc                isr_irq7
                0x100001cc                isr_irq21
                0x100001cc                isr_irq20
                0x100001cc                isr_irq15
                0x100001cc                isr_irq25
                0x100001cc                isr_irq13
                0x100001cc                __unhandled_user_irq
                0x100001cc                isr_irq4
                0x100001cc                isr_irq16
                0x100001cc                isr_irq29
                0x100001cc                isr_irq26
                0x100001cc                __default_isrs_end
                0x100001cc                isr_irq3
                0x100001cc                isr_irq14
                0x100001cc                isr_irq9
                0x100001d2                unhandled_user_irq_num_in_r0
 *(.binary_info_header)
 .binary_info_header
                0x100001d4       0x14 CMakeFiles/pusuarios.dir/C_/Program_Files/Raspberry_Pi/Pico_SDK_v1.5.1/pico-sdk/src/rp2_common/pico_standard_link/crt0.S.obj
                0x100001e8                __binary_info_header_end = .
 *(.reset)
 .reset         0x100001e8       0xa0 CMakeFiles/pusuarios.dir/C_/Program_Files/Raspberry_Pi/Pico_SDK_v1.5.1/pico-sdk/src/rp2_common/pico_standard_link/crt0.S.obj
                0x100001e8                _entry_point
 .reset         0x10000288       0x30 CMakeFiles/pusuarios.dir/C_/Program_Files/Raspberry_Pi/Pico_SDK_v1.5.1/pico-sdk/src/rp2_common/pico_standard_link/binary_info.c.obj
 *(.init)
 .init          0x100002b8        0x4 c:/progra~1/raspbe~1/picosd~1.1/gcc-ar~1/bin/../lib/gcc/arm-none-eabi/10.3.1/thumb/v6-m/nofp/crti.o
                0x100002b8                _init
 *(EXCLUDE_FILE(*libm.a: *libc.a:*lib_a-mem*.o *libgcc.a:) .text*)
 .text          0x100002bc       0x48 c:/progra~1/raspbe~1/picosd~1.1/gcc-ar~1/bin/../lib/gcc/arm-none-eabi/10.3.1/thumb/v6-m/nofp/crtbegin.o
 .text.get_absolute_time
                0x10000304       0x2c CMakeFiles/pusuarios.dir/main.c.obj
 .text.main     0x10000330       0xd0 CMakeFiles/pusuarios.dir/main.c.obj
                0x10000330                main
 .text.timer_callback
                0x10000400       0x8c CMakeFiles/pusuarios.dir/tcl.c.obj
                0x10000400                timer_callback
 .text.gpio_callback
                0x1000048c       0x98 CMakeFiles/pusuarios.dir/tcl.c.obj
                0x1000048c                gpio_callback
 .text.init_keypad
                0x10000524       0xbc CMakeFiles/pusuarios.dir/tcl.c.obj
                0x10000524                init_keypad
 .text.find_user
                0x100005e0       0x38 CMakeFiles/pusuarios.dir/tcl.c.obj
                0x100005e0                find_user
 .text.reset_state
                0x10000618       0x8c CMakeFiles/pusuarios.dir/tcl.c.obj
                0x10000618                reset_state
 .text.handle_timeout
                0x100006a4       0x1c CMakeFiles/pusuarios.dir/tcl.c.obj
                0x100006a4                handle_timeout
 .text.show_menu
                0x100006c0       0x40 CMakeFiles/pusuarios.dir/tcl.c.obj
                0x100006c0                show_menu
 .text.amount_menu
                0x10000700       0x40 CMakeFiles/pusuarios.dir/tcl.c.obj
                0x10000700                amount_menu
 .text.check_balance
                0x10000740       0x38 CMakeFiles/pusuarios.dir/tcl.c.obj
                0x10000740                check_balance
 .text.process_logged_in_state
                0x10000778       0xa4 CMakeFiles/pusuarios.dir/tcl.c.obj
                0x10000778                process_logged_in_state
 .text.withdraw_money
                0x1000081c       0xd8 CMakeFiles/pusuarios.dir/tcl.c.obj
                0x1000081c                withdraw_money
 .text.amount_selection
                0x100008f4       0x58 CMakeFiles/pusuarios.dir/tcl.c.obj
                0x100008f4                amount_selection
 .text.process_key
                0x1000094c      0x284 CMakeFiles/pusuarios.dir/tcl.c.obj
                0x1000094c                process_key
 .text.inicialization
                0x10000bd0       0x2c CMakeFiles/pusuarios.dir/s_luminosa.c.obj
                0x10000bd0                inicialization
 .text.led_on_gpio10_5_seconds
                0x10000bfc       0x1c CMakeFiles/pusuarios.dir/s_luminosa.c.obj
                0x10000bfc                led_on_gpio10_5_seconds
 .text.led_on_gpio11_2_seconds
                0x10000c18       0x18 CMakeFiles/pusuarios.dir/s_luminosa.c.obj
                0x10000c18                led_on_gpio11_2_seconds
 .text.led_on_gpio12_permanently
                0x10000c30        0xc CMakeFiles/pusuarios.dir/s_luminosa.c.obj
                0x10000c30                led_on_gpio12_permanently
 .text.led_off_gpio12
                0x10000c3c        0xc CMakeFiles/pusuarios.dir/s_luminosa.c.obj
                0x10000c3c                led_off_gpio12
 .text.start_blink
                0x10000c48       0x30 CMakeFiles/pusuarios.dir/s_luminosa.c.obj
                0x10000c48                start_blink
 .text.stop_blink
                0x10000c78       0x18 CMakeFiles/pusuarios.dir/s_luminosa.c.obj
                0x10000c78                stop_blink
 .text.update_blink
                0x10000c90       0x58 CMakeFiles/pusuarios.dir/s_luminosa.c.obj
                0x10000c90                update_blink
 .text.gpio_set_function
                0x10000ce8       0x30 CMakeFiles/pusuarios.dir/C_/Program_Files/Raspberry_Pi/Pico_SDK_v1.5.1/pico-sdk/src/rp2_common/hardware_gpio/gpio.c.obj
                0x10000ce8                gpio_set_function
 .text.gpio_set_pulls
                0x10000d18       0x34 CMakeFiles/pusuarios.dir/C_/Program_Files/Raspberry_Pi/Pico_SDK_v1.5.1/pico-sdk/src/rp2_common/hardware_gpio/gpio.c.obj
                0x10000d18                gpio_set_pulls
 .text.gpio_set_irq_callback
                0x10000d4c       0x48 CMakeFiles/pusuarios.dir/C_/Program_Files/Raspberry_Pi/Pico_SDK_v1.5.1/pico-sdk/src/rp2_common/hardware_gpio/gpio.c.obj
                0x10000d4c                gpio_set_irq_callback
 .text.gpio_acknowledge_irq
                0x10000d94       0x18 CMakeFiles/pusuarios.dir/C_/Program_Files/Raspberry_Pi/Pico_SDK_v1.5.1/pico-sdk/src/rp2_common/hardware_gpio/gpio.c.obj
                0x10000d94                gpio_acknowledge_irq
 .text._gpio_set_irq_enabled
                0x10000dac       0x34 CMakeFiles/pusuarios.dir/C_/Program_Files/Raspberry_Pi/Pico_SDK_v1.5.1/pico-sdk/src/rp2_common/hardware_gpio/gpio.c.obj
 .text.gpio_set_irq_enabled
                0x10000de0       0x20 CMakeFiles/pusuarios.dir/C_/Program_Files/Raspberry_Pi/Pico_SDK_v1.5.1/pico-sdk/src/rp2_common/hardware_gpio/gpio.c.obj
                0x10000de0                gpio_set_irq_enabled
 .text.gpio_set_irq_enabled_with_callback
                0x10000e00       0x20 CMakeFiles/pusuarios.dir/C_/Program_Files/Raspberry_Pi/Pico_SDK_v1.5.1/pico-sdk/src/rp2_common/hardware_gpio/gpio.c.obj
                0x10000e00                gpio_set_irq_enabled_with_callback
 .text.gpio_default_irq_handler
                0x10000e20       0x98 CMakeFiles/pusuarios.dir/C_/Program_Files/Raspberry_Pi/Pico_SDK_v1.5.1/pico-sdk/src/rp2_common/hardware_gpio/gpio.c.obj
 .text.gpio_init
                0x10000eb8       0x16 CMakeFiles/pusuarios.dir/C_/Program_Files/Raspberry_Pi/Pico_SDK_v1.5.1/pico-sdk/src/rp2_common/hardware_gpio/gpio.c.obj
                0x10000eb8                gpio_init
 *fill*         0x10000ece        0x2 
 .text.running_on_fpga
                0x10000ed0       0x14 CMakeFiles/pusuarios.dir/C_/Program_Files/Raspberry_Pi/Pico_SDK_v1.5.1/pico-sdk/src/rp2_common/pico_platform/platform.c.obj
                0x10000ed0                running_on_fpga
 .text.hw_claim_lock
                0x10000ee4       0x18 CMakeFiles/pusuarios.dir/C_/Program_Files/Raspberry_Pi/Pico_SDK_v1.5.1/pico-sdk/src/rp2_common/hardware_claim/claim.c.obj
                0x10000ee4                hw_claim_lock
 .text.hw_claim_unlock
                0x10000efc       0x14 CMakeFiles/pusuarios.dir/C_/Program_Files/Raspberry_Pi/Pico_SDK_v1.5.1/pico-sdk/src/rp2_common/hardware_claim/claim.c.obj
                0x10000efc                hw_claim_unlock
 .text.hw_claim_or_assert
                0x10000f10       0x32 CMakeFiles/pusuarios.dir/C_/Program_Files/Raspberry_Pi/Pico_SDK_v1.5.1/pico-sdk/src/rp2_common/hardware_claim/claim.c.obj
                0x10000f10                hw_claim_or_assert
 .text.hw_claim_unused_from_range
                0x10000f42       0x50 CMakeFiles/pusuarios.dir/C_/Program_Files/Raspberry_Pi/Pico_SDK_v1.5.1/pico-sdk/src/rp2_common/hardware_claim/claim.c.obj
                0x10000f42                hw_claim_unused_from_range
 *fill*         0x10000f92        0x2 
 .text.spin_locks_reset
                0x10000f94       0x20 CMakeFiles/pusuarios.dir/C_/Program_Files/Raspberry_Pi/Pico_SDK_v1.5.1/pico-sdk/src/rp2_common/hardware_sync/sync.c.obj
                0x10000f94                spin_locks_reset
 .text.next_striped_spin_lock_num
                0x10000fb4       0x1c CMakeFiles/pusuarios.dir/C_/Program_Files/Raspberry_Pi/Pico_SDK_v1.5.1/pico-sdk/src/rp2_common/hardware_sync/sync.c.obj
                0x10000fb4                next_striped_spin_lock_num
 .text.spin_lock_claim_unused
                0x10000fd0       0x20 CMakeFiles/pusuarios.dir/C_/Program_Files/Raspberry_Pi/Pico_SDK_v1.5.1/pico-sdk/src/rp2_common/hardware_sync/sync.c.obj
                0x10000fd0                spin_lock_claim_unused
 .text.set_raw_irq_handler_and_unlock
                0x10000ff0       0x28 CMakeFiles/pusuarios.dir/C_/Program_Files/Raspberry_Pi/Pico_SDK_v1.5.1/pico-sdk/src/rp2_common/hardware_irq/irq.c.obj
 .text.make_branch
                0x10001018       0x48 CMakeFiles/pusuarios.dir/C_/Program_Files/Raspberry_Pi/Pico_SDK_v1.5.1/pico-sdk/src/rp2_common/hardware_irq/irq.c.obj
 .text.insert_branch_and_link
                0x10001060       0x40 CMakeFiles/pusuarios.dir/C_/Program_Files/Raspberry_Pi/Pico_SDK_v1.5.1/pico-sdk/src/rp2_common/hardware_irq/irq.c.obj
 .text.irq_is_enabled
                0x100010a0       0x18 CMakeFiles/pusuarios.dir/C_/Program_Files/Raspberry_Pi/Pico_SDK_v1.5.1/pico-sdk/src/rp2_common/hardware_irq/irq.c.obj
                0x100010a0                irq_is_enabled
 .text.irq_set_mask_enabled
                0x100010b8       0x20 CMakeFiles/pusuarios.dir/C_/Program_Files/Raspberry_Pi/Pico_SDK_v1.5.1/pico-sdk/src/rp2_common/hardware_irq/irq.c.obj
                0x100010b8                irq_set_mask_enabled
 .text.irq_set_enabled
                0x100010d8        0xe CMakeFiles/pusuarios.dir/C_/Program_Files/Raspberry_Pi/Pico_SDK_v1.5.1/pico-sdk/src/rp2_common/hardware_irq/irq.c.obj
                0x100010d8                irq_set_enabled
 *fill*         0x100010e6        0x2 
 .text.irq_set_pending
                0x100010e8       0x10 CMakeFiles/pusuarios.dir/C_/Program_Files/Raspberry_Pi/Pico_SDK_v1.5.1/pico-sdk/src/rp2_common/hardware_irq/irq.c.obj
                0x100010e8                irq_set_pending
 .text.irq_get_vtable_handler
                0x100010f8       0x10 CMakeFiles/pusuarios.dir/C_/Program_Files/Raspberry_Pi/Pico_SDK_v1.5.1/pico-sdk/src/rp2_common/hardware_irq/irq.c.obj
                0x100010f8                irq_get_vtable_handler
 .text.irq_has_shared_handler
                0x10001108       0x24 CMakeFiles/pusuarios.dir/C_/Program_Files/Raspberry_Pi/Pico_SDK_v1.5.1/pico-sdk/src/rp2_common/hardware_irq/irq.c.obj
                0x10001108                irq_has_shared_handler
 .text.irq_set_exclusive_handler
                0x1000112c       0x54 CMakeFiles/pusuarios.dir/C_/Program_Files/Raspberry_Pi/Pico_SDK_v1.5.1/pico-sdk/src/rp2_common/hardware_irq/irq.c.obj
                0x1000112c                irq_set_exclusive_handler
 .text.irq_add_shared_handler
                0x10001180      0x234 CMakeFiles/pusuarios.dir/C_/Program_Files/Raspberry_Pi/Pico_SDK_v1.5.1/pico-sdk/src/rp2_common/hardware_irq/irq.c.obj
                0x10001180                irq_add_shared_handler
 .text.irq_remove_handler
                0x100013b4      0x1ac CMakeFiles/pusuarios.dir/C_/Program_Files/Raspberry_Pi/Pico_SDK_v1.5.1/pico-sdk/src/rp2_common/hardware_irq/irq.c.obj
                0x100013b4                irq_remove_handler
 .text.irq_add_tail_to_free_list
                0x10001560       0xf0 CMakeFiles/pusuarios.dir/C_/Program_Files/Raspberry_Pi/Pico_SDK_v1.5.1/pico-sdk/src/rp2_common/hardware_irq/irq.c.obj
                0x10001560                irq_add_tail_to_free_list
 .text.irq_init_priorities
                0x10001650       0x1c CMakeFiles/pusuarios.dir/C_/Program_Files/Raspberry_Pi/Pico_SDK_v1.5.1/pico-sdk/src/rp2_common/hardware_irq/irq.c.obj
                0x10001650                irq_init_priorities
 .text.user_irq_claim_unused
                0x1000166c       0x28 CMakeFiles/pusuarios.dir/C_/Program_Files/Raspberry_Pi/Pico_SDK_v1.5.1/pico-sdk/src/rp2_common/hardware_irq/irq.c.obj
                0x1000166c                user_irq_claim_unused
 .text.lock_init
                0x10001694       0x10 CMakeFiles/pusuarios.dir/C_/Program_Files/Raspberry_Pi/Pico_SDK_v1.5.1/pico-sdk/src/common/pico_sync/lock_core.c.obj
                0x10001694                lock_init
 .text.mutex_init
                0x100016a4       0x1a CMakeFiles/pusuarios.dir/C_/Program_Files/Raspberry_Pi/Pico_SDK_v1.5.1/pico-sdk/src/common/pico_sync/mutex.c.obj
                0x100016a4                mutex_init
 .text.recursive_mutex_init
                0x100016be       0x1e CMakeFiles/pusuarios.dir/C_/Program_Files/Raspberry_Pi/Pico_SDK_v1.5.1/pico-sdk/src/common/pico_sync/mutex.c.obj
                0x100016be                recursive_mutex_init
 .text.critical_section_init_with_lock_num
                0x100016dc       0x14 CMakeFiles/pusuarios.dir/C_/Program_Files/Raspberry_Pi/Pico_SDK_v1.5.1/pico-sdk/src/common/pico_sync/critical_section.c.obj
                0x100016dc                critical_section_init_with_lock_num
 .text.critical_section_init
                0x100016f0       0x14 CMakeFiles/pusuarios.dir/C_/Program_Files/Raspberry_Pi/Pico_SDK_v1.5.1/pico-sdk/src/common/pico_sync/critical_section.c.obj
                0x100016f0                critical_section_init
 .text.alarm_pool_post_alloc_init
                0x10001704       0x40 CMakeFiles/pusuarios.dir/C_/Program_Files/Raspberry_Pi/Pico_SDK_v1.5.1/pico-sdk/src/common/pico_time/time.c.obj
 .text.sleep_until_callback
                0x10001744       0x30 CMakeFiles/pusuarios.dir/C_/Program_Files/Raspberry_Pi/Pico_SDK_v1.5.1/pico-sdk/src/common/pico_time/time.c.obj
 .text.timer_pool_entry_comparator
                0x10001774       0x7c CMakeFiles/pusuarios.dir/C_/Program_Files/Raspberry_Pi/Pico_SDK_v1.5.1/pico-sdk/src/common/pico_time/time.c.obj
                0x10001774                timer_pool_entry_comparator
 .text.ph_add_child_node
                0x100017f0       0xa4 CMakeFiles/pusuarios.dir/C_/Program_Files/Raspberry_Pi/Pico_SDK_v1.5.1/pico-sdk/src/common/pico_time/time.c.obj
 .text.ph_merge_nodes
                0x10001894       0x3e CMakeFiles/pusuarios.dir/C_/Program_Files/Raspberry_Pi/Pico_SDK_v1.5.1/pico-sdk/src/common/pico_time/time.c.obj
 *fill*         0x100018d2        0x2 
 .text.add_alarm_under_lock
                0x100018d4      0x174 CMakeFiles/pusuarios.dir/C_/Program_Files/Raspberry_Pi/Pico_SDK_v1.5.1/pico-sdk/src/common/pico_time/time.c.obj
 .text.alarm_pool_alarm_callback
                0x10001a48      0x33c CMakeFiles/pusuarios.dir/C_/Program_Files/Raspberry_Pi/Pico_SDK_v1.5.1/pico-sdk/src/common/pico_time/time.c.obj
 .text.alarm_pool_init_default
                0x10001d84       0x40 CMakeFiles/pusuarios.dir/C_/Program_Files/Raspberry_Pi/Pico_SDK_v1.5.1/pico-sdk/src/common/pico_time/time.c.obj
                0x10001d84                alarm_pool_init_default
 .text.alarm_pool_get_default
                0x10001dc4       0x2c CMakeFiles/pusuarios.dir/C_/Program_Files/Raspberry_Pi/Pico_SDK_v1.5.1/pico-sdk/src/common/pico_time/time.c.obj
                0x10001dc4                alarm_pool_get_default
 .text.alarm_pool_add_alarm_at
                0x10001df0      0x168 CMakeFiles/pusuarios.dir/C_/Program_Files/Raspberry_Pi/Pico_SDK_v1.5.1/pico-sdk/src/common/pico_time/time.c.obj
                0x10001df0                alarm_pool_add_alarm_at
 .text.alarm_pool_cancel_alarm
                0x10001f58       0xf8 CMakeFiles/pusuarios.dir/C_/Program_Files/Raspberry_Pi/Pico_SDK_v1.5.1/pico-sdk/src/common/pico_time/time.c.obj
                0x10001f58                alarm_pool_cancel_alarm
 .text.alarm_pool_core_num
                0x10002050        0x4 CMakeFiles/pusuarios.dir/C_/Program_Files/Raspberry_Pi/Pico_SDK_v1.5.1/pico-sdk/src/common/pico_time/time.c.obj
                0x10002050                alarm_pool_core_num
 .text.sleep_until
                0x10002054       0xfc CMakeFiles/pusuarios.dir/C_/Program_Files/Raspberry_Pi/Pico_SDK_v1.5.1/pico-sdk/src/common/pico_time/time.c.obj
                0x10002054                sleep_until
 .text.sleep_us
                0x10002150       0x58 CMakeFiles/pusuarios.dir/C_/Program_Files/Raspberry_Pi/Pico_SDK_v1.5.1/pico-sdk/src/common/pico_time/time.c.obj
                0x10002150                sleep_us
 .text.sleep_ms
                0x100021a8       0x14 CMakeFiles/pusuarios.dir/C_/Program_Files/Raspberry_Pi/Pico_SDK_v1.5.1/pico-sdk/src/common/pico_time/time.c.obj
                0x100021a8                sleep_ms
 .text.best_effort_wfe_or_timeout
                0x100021bc       0xac CMakeFiles/pusuarios.dir/C_/Program_Files/Raspberry_Pi/Pico_SDK_v1.5.1/pico-sdk/src/common/pico_time/time.c.obj
                0x100021bc                best_effort_wfe_or_timeout
 .text.hardware_alarm_irq_handler
                0x10002268       0x90 CMakeFiles/pusuarios.dir/C_/Program_Files/Raspberry_Pi/Pico_SDK_v1.5.1/pico-sdk/src/rp2_common/hardware_timer/timer.c.obj
 .text.hardware_alarm_claim
                0x100022f8       0x18 CMakeFiles/pusuarios.dir/C_/Program_Files/Raspberry_Pi/Pico_SDK_v1.5.1/pico-sdk/src/rp2_common/hardware_timer/timer.c.obj
                0x100022f8                hardware_alarm_claim
 .text.time_us_64
                0x10002310       0x18 CMakeFiles/pusuarios.dir/C_/Program_Files/Raspberry_Pi/Pico_SDK_v1.5.1/pico-sdk/src/rp2_common/hardware_timer/timer.c.obj
                0x10002310                time_us_64
 .text.busy_wait_until
                0x10002328       0x28 CMakeFiles/pusuarios.dir/C_/Program_Files/Raspberry_Pi/Pico_SDK_v1.5.1/pico-sdk/src/rp2_common/hardware_timer/timer.c.obj
                0x10002328                busy_wait_until
 .text.hardware_alarm_set_callback
                0x10002350       0x90 CMakeFiles/pusuarios.dir/C_/Program_Files/Raspberry_Pi/Pico_SDK_v1.5.1/pico-sdk/src/rp2_common/hardware_timer/timer.c.obj
                0x10002350                hardware_alarm_set_callback
 .text.hardware_alarm_set_target
                0x100023e0       0xe8 CMakeFiles/pusuarios.dir/C_/Program_Files/Raspberry_Pi/Pico_SDK_v1.5.1/pico-sdk/src/rp2_common/hardware_timer/timer.c.obj
                0x100023e0                hardware_alarm_set_target
 .text.hardware_alarm_cancel
                0x100024c8       0x40 CMakeFiles/pusuarios.dir/C_/Program_Files/Raspberry_Pi/Pico_SDK_v1.5.1/pico-sdk/src/rp2_common/hardware_timer/timer.c.obj
                0x100024c8                hardware_alarm_cancel
 .text.ph_add_child_node
                0x10002508       0xa4 CMakeFiles/pusuarios.dir/C_/Program_Files/Raspberry_Pi/Pico_SDK_v1.5.1/pico-sdk/src/common/pico_util/pheap.c.obj
 .text.ph_merge_nodes
                0x100025ac       0x3e CMakeFiles/pusuarios.dir/C_/Program_Files/Raspberry_Pi/Pico_SDK_v1.5.1/pico-sdk/src/common/pico_util/pheap.c.obj
 *fill*         0x100025ea        0x2 
 .text.ph_clear
                0x100025ec       0x70 CMakeFiles/pusuarios.dir/C_/Program_Files/Raspberry_Pi/Pico_SDK_v1.5.1/pico-sdk/src/common/pico_util/pheap.c.obj
                0x100025ec                ph_clear
 .text.ph_post_alloc_init
                0x1000265c        0xe CMakeFiles/pusuarios.dir/C_/Program_Files/Raspberry_Pi/Pico_SDK_v1.5.1/pico-sdk/src/common/pico_util/pheap.c.obj
                0x1000265c                ph_post_alloc_init
 *fill*         0x1000266a        0x2 
 .text.ph_merge_two_pass
                0x1000266c       0xa8 CMakeFiles/pusuarios.dir/C_/Program_Files/Raspberry_Pi/Pico_SDK_v1.5.1/pico-sdk/src/common/pico_util/pheap.c.obj
                0x1000266c                ph_merge_two_pass
 .text.ph_remove_any_head
                0x10002714      0x128 CMakeFiles/pusuarios.dir/C_/Program_Files/Raspberry_Pi/Pico_SDK_v1.5.1/pico-sdk/src/common/pico_util/pheap.c.obj
 .text.ph_remove_head
                0x1000283c       0x14 CMakeFiles/pusuarios.dir/C_/Program_Files/Raspberry_Pi/Pico_SDK_v1.5.1/pico-sdk/src/common/pico_util/pheap.c.obj
                0x1000283c                ph_remove_head
 .text.ph_remove_and_free_node
                0x10002850       0xf8 CMakeFiles/pusuarios.dir/C_/Program_Files/Raspberry_Pi/Pico_SDK_v1.5.1/pico-sdk/src/common/pico_util/pheap.c.obj
                0x10002850                ph_remove_and_free_node
 .text.clock_configure
                0x10002948      0x108 CMakeFiles/pusuarios.dir/C_/Program_Files/Raspberry_Pi/Pico_SDK_v1.5.1/pico-sdk/src/rp2_common/hardware_clocks/clocks.c.obj
                0x10002948                clock_configure
 .text.clocks_init
                0x10002a50      0x100 CMakeFiles/pusuarios.dir/C_/Program_Files/Raspberry_Pi/Pico_SDK_v1.5.1/pico-sdk/src/rp2_common/hardware_clocks/clocks.c.obj
                0x10002a50                clocks_init
 .text.pll_init
                0x10002b50      0x120 CMakeFiles/pusuarios.dir/C_/Program_Files/Raspberry_Pi/Pico_SDK_v1.5.1/pico-sdk/src/rp2_common/hardware_pll/pll.c.obj
                0x10002b50                pll_init
 .text.watchdog_start_tick
                0x10002c70       0x10 CMakeFiles/pusuarios.dir/C_/Program_Files/Raspberry_Pi/Pico_SDK_v1.5.1/pico-sdk/src/rp2_common/hardware_watchdog/watchdog.c.obj
                0x10002c70                watchdog_start_tick
 .text.watchdog_update
                0x10002c80       0x14 CMakeFiles/pusuarios.dir/C_/Program_Files/Raspberry_Pi/Pico_SDK_v1.5.1/pico-sdk/src/rp2_common/hardware_watchdog/watchdog.c.obj
                0x10002c80                watchdog_update
 .text._watchdog_enable
                0x10002c94       0x78 CMakeFiles/pusuarios.dir/C_/Program_Files/Raspberry_Pi/Pico_SDK_v1.5.1/pico-sdk/src/rp2_common/hardware_watchdog/watchdog.c.obj
                0x10002c94                _watchdog_enable
 .text.watchdog_reboot
                0x10002d0c       0x48 CMakeFiles/pusuarios.dir/C_/Program_Files/Raspberry_Pi/Pico_SDK_v1.5.1/pico-sdk/src/rp2_common/hardware_watchdog/watchdog.c.obj
                0x10002d0c                watchdog_reboot
 .text.xosc_init
                0x10002d54       0x28 CMakeFiles/pusuarios.dir/C_/Program_Files/Raspberry_Pi/Pico_SDK_v1.5.1/pico-sdk/src/rp2_common/hardware_xosc/xosc.c.obj
                0x10002d54                xosc_init
 .text._exit    0x10002d7c        0x4 CMakeFiles/pusuarios.dir/C_/Program_Files/Raspberry_Pi/Pico_SDK_v1.5.1/pico-sdk/src/rp2_common/pico_runtime/runtime.c.obj
                0x10002d7c                _exit
 .text.exit     0x10002d80        0x6 CMakeFiles/pusuarios.dir/C_/Program_Files/Raspberry_Pi/Pico_SDK_v1.5.1/pico-sdk/src/rp2_common/pico_runtime/runtime.c.obj
                0x10002d80                exit
 *fill*         0x10002d86        0x2 
 .text.__assert_func
                0x10002d88       0x3c CMakeFiles/pusuarios.dir/C_/Program_Files/Raspberry_Pi/Pico_SDK_v1.5.1/pico-sdk/src/rp2_common/pico_runtime/runtime.c.obj
                0x10002d88                __assert_func
 .text.runtime_init
                0x10002dc4       0xf8 CMakeFiles/pusuarios.dir/C_/Program_Files/Raspberry_Pi/Pico_SDK_v1.5.1/pico-sdk/src/rp2_common/pico_runtime/runtime.c.obj
                0x10002dc4                runtime_init
 .text.panic    0x10002ebc       0x30 CMakeFiles/pusuarios.dir/C_/Program_Files/Raspberry_Pi/Pico_SDK_v1.5.1/pico-sdk/src/rp2_common/pico_runtime/runtime.c.obj
                0x10002ebc                panic
 .text._out_null
                0x10002eec        0x2 CMakeFiles/pusuarios.dir/C_/Program_Files/Raspberry_Pi/Pico_SDK_v1.5.1/pico-sdk/src/rp2_common/pico_printf/printf.c.obj
 .text._out_fct
                0x10002eee        0xe CMakeFiles/pusuarios.dir/C_/Program_Files/Raspberry_Pi/Pico_SDK_v1.5.1/pico-sdk/src/rp2_common/pico_printf/printf.c.obj
 .text._atoi    0x10002efc       0x24 CMakeFiles/pusuarios.dir/C_/Program_Files/Raspberry_Pi/Pico_SDK_v1.5.1/pico-sdk/src/rp2_common/pico_printf/printf.c.obj
 .text._out_rev
                0x10002f20       0xae CMakeFiles/pusuarios.dir/C_/Program_Files/Raspberry_Pi/Pico_SDK_v1.5.1/pico-sdk/src/rp2_common/pico_printf/printf.c.obj
 .text._ntoa_format
                0x10002fce      0x112 CMakeFiles/pusuarios.dir/C_/Program_Files/Raspberry_Pi/Pico_SDK_v1.5.1/pico-sdk/src/rp2_common/pico_printf/printf.c.obj
 .text._ntoa_long
                0x100030e0       0xbc CMakeFiles/pusuarios.dir/C_/Program_Files/Raspberry_Pi/Pico_SDK_v1.5.1/pico-sdk/src/rp2_common/pico_printf/printf.c.obj
 .text._ntoa_long_long
                0x1000319c       0xe2 CMakeFiles/pusuarios.dir/C_/Program_Files/Raspberry_Pi/Pico_SDK_v1.5.1/pico-sdk/src/rp2_common/pico_printf/printf.c.obj
 *fill*         0x1000327e        0x2 
 .text._etoa    0x10003280      0x414 CMakeFiles/pusuarios.dir/C_/Program_Files/Raspberry_Pi/Pico_SDK_v1.5.1/pico-sdk/src/rp2_common/pico_printf/printf.c.obj
 .text._ftoa    0x10003694      0x354 CMakeFiles/pusuarios.dir/C_/Program_Files/Raspberry_Pi/Pico_SDK_v1.5.1/pico-sdk/src/rp2_common/pico_printf/printf.c.obj
 .text._vsnprintf
                0x100039e8      0x624 CMakeFiles/pusuarios.dir/C_/Program_Files/Raspberry_Pi/Pico_SDK_v1.5.1/pico-sdk/src/rp2_common/pico_printf/printf.c.obj
 .text.vfctprintf
                0x1000400c       0x20 CMakeFiles/pusuarios.dir/C_/Program_Files/Raspberry_Pi/Pico_SDK_v1.5.1/pico-sdk/src/rp2_common/pico_printf/printf.c.obj
                0x1000400c                vfctprintf
 .text          0x1000402c       0x10 CMakeFiles/pusuarios.dir/C_/Program_Files/Raspberry_Pi/Pico_SDK_v1.5.1/pico-sdk/src/rp2_common/pico_bit_ops/bit_ops_aeabi.S.obj
 .text.rom_func_lookup
                0x1000403c       0x10 CMakeFiles/pusuarios.dir/C_/Program_Files/Raspberry_Pi/Pico_SDK_v1.5.1/pico-sdk/src/rp2_common/pico_bootrom/bootrom.c.obj
                0x1000403c                rom_func_lookup
 .text.rom_data_lookup
                0x1000404c       0x10 CMakeFiles/pusuarios.dir/C_/Program_Files/Raspberry_Pi/Pico_SDK_v1.5.1/pico-sdk/src/rp2_common/pico_bootrom/bootrom.c.obj
                0x1000404c                rom_data_lookup
 .text.rom_funcs_lookup
                0x1000405c       0x36 CMakeFiles/pusuarios.dir/C_/Program_Files/Raspberry_Pi/Pico_SDK_v1.5.1/pico-sdk/src/rp2_common/pico_bootrom/bootrom.c.obj
                0x1000405c                rom_funcs_lookup
 *fill*         0x10004092        0x2 
 .text.__wrap___aeabi_idiv
                0x10004094       0x50 CMakeFiles/pusuarios.dir/C_/Program_Files/Raspberry_Pi/Pico_SDK_v1.5.1/pico-sdk/src/rp2_common/pico_divider/divider.S.obj
                0x10004094                __wrap___aeabi_idivmod
                0x10004094                divmod_s32s32
                0x10004094                div_s32s32
                0x10004094                __wrap___aeabi_idiv
                0x1000409c                divmod_s32s32_unsafe
                0x100040c8                divmod_s32s32_savestate
 .text.__wrap___aeabi_uidiv
                0x100040e4       0x4c CMakeFiles/pusuarios.dir/C_/Program_Files/Raspberry_Pi/Pico_SDK_v1.5.1/pico-sdk/src/rp2_common/pico_divider/divider.S.obj
                0x100040e4                __wrap___aeabi_uidiv
                0x100040e4                __wrap___aeabi_uidivmod
                0x100040e4                div_u32u32
                0x100040e4                divmod_u32u32
                0x100040ec                divmod_u32u32_unsafe
                0x10004114                divmod_u32u32_savestate
 .text.__wrap___aeabi_ldiv
                0x10004130      0x424 CMakeFiles/pusuarios.dir/C_/Program_Files/Raspberry_Pi/Pico_SDK_v1.5.1/pico-sdk/src/rp2_common/pico_divider/divider.S.obj
                0x10004130                div_s64s64
                0x10004130                divmod_s64s64
                0x10004130                __wrap___aeabi_ldivmod
                0x10004160                divmod_u64u64
                0x10004160                div_u64u64
                0x10004160                __wrap___aeabi_uldivmod
                0x10004170                divmod_u64u64_savestate
                0x10004190                divmod_s64s64_unsafe
                0x10004218                divmod_u64u64_unsafe
 .text.__wrap___aeabi_darithmetic
                0x10004554       0x80 CMakeFiles/pusuarios.dir/C_/Program_Files/Raspberry_Pi/Pico_SDK_v1.5.1/pico-sdk/src/rp2_common/pico_double/double_aeabi.S.obj
                0x10004554                __wrap___aeabi_drsub
                0x1000455a                __wrap___aeabi_dsub
                0x1000456c                __wrap___aeabi_dadd
                0x1000457e                __wrap___aeabi_ddiv
                0x100045ba                __wrap___aeabi_dmul
 .text.__wrap___aeabi_cdcmple
                0x100045d4       0x6c CMakeFiles/pusuarios.dir/C_/Program_Files/Raspberry_Pi/Pico_SDK_v1.5.1/pico-sdk/src/rp2_common/pico_double/double_aeabi.S.obj
                0x100045d4                __wrap___aeabi_cdrcmple
                0x100045e4                __wrap___aeabi_cdcmpeq
                0x100045e4                __wrap___aeabi_cdcmple
 .text.__wrap___aeabi_dcmplt
                0x10004640        0xc CMakeFiles/pusuarios.dir/C_/Program_Files/Raspberry_Pi/Pico_SDK_v1.5.1/pico-sdk/src/rp2_common/pico_double/double_aeabi.S.obj
                0x10004640                __wrap___aeabi_dcmplt
 .text.__wrap___aeabi_dcmple
                0x1000464c       0x10 CMakeFiles/pusuarios.dir/C_/Program_Files/Raspberry_Pi/Pico_SDK_v1.5.1/pico-sdk/src/rp2_common/pico_double/double_aeabi.S.obj
                0x1000464c                __wrap___aeabi_dcmple
 .text.__wrap___aeabi_dcmpge
                0x1000465c       0x10 CMakeFiles/pusuarios.dir/C_/Program_Files/Raspberry_Pi/Pico_SDK_v1.5.1/pico-sdk/src/rp2_common/pico_double/double_aeabi.S.obj
                0x1000465c                __wrap___aeabi_dcmpge
 .text.__wrap___aeabi_dcmpgt
                0x1000466c        0xa CMakeFiles/pusuarios.dir/C_/Program_Files/Raspberry_Pi/Pico_SDK_v1.5.1/pico-sdk/src/rp2_common/pico_double/double_aeabi.S.obj
                0x1000466c                __wrap___aeabi_dcmpgt
 .text.__wrap___aeabi_dcmpun
                0x10004676       0x1c CMakeFiles/pusuarios.dir/C_/Program_Files/Raspberry_Pi/Pico_SDK_v1.5.1/pico-sdk/src/rp2_common/pico_double/double_aeabi.S.obj
                0x10004676                __wrap___aeabi_dcmpun
 *fill*         0x10004692        0x2 
 .text.__wrap___aeabi_i2d
                0x10004694       0x38 CMakeFiles/pusuarios.dir/C_/Program_Files/Raspberry_Pi/Pico_SDK_v1.5.1/pico-sdk/src/rp2_common/pico_double/double_aeabi.S.obj
                0x10004694                __wrap___aeabi_ui2d
                0x1000469c                __wrap___aeabi_i2d
 .text.__wrap___aeabi_d2iz
                0x100046cc       0x48 CMakeFiles/pusuarios.dir/C_/Program_Files/Raspberry_Pi/Pico_SDK_v1.5.1/pico-sdk/src/rp2_common/pico_double/double_aeabi.S.obj
                0x100046cc                double2int_z
                0x100046cc                __wrap___aeabi_d2iz
 .text.__wrap___aeabi_d2uiz
                0x10004714       0x18 CMakeFiles/pusuarios.dir/C_/Program_Files/Raspberry_Pi/Pico_SDK_v1.5.1/pico-sdk/src/rp2_common/pico_double/double_aeabi.S.obj
                0x10004714                __wrap___aeabi_d2uiz
                0x10004714                double2uint
 .text.__aeabi_double_init
                0x1000472c       0xc8 CMakeFiles/pusuarios.dir/C_/Program_Files/Raspberry_Pi/Pico_SDK_v1.5.1/pico-sdk/src/rp2_common/pico_double/double_init_rom.c.obj
                0x1000472c                __aeabi_double_init
 .text.double_table_shim_on_use_helper
                0x100047f4       0x34 CMakeFiles/pusuarios.dir/C_/Program_Files/Raspberry_Pi/Pico_SDK_v1.5.1/pico-sdk/src/rp2_common/pico_double/double_v1_rom_shim.S.obj
                0x100047f4                double_table_shim_on_use_helper
 .text.__wrap___aeabi_dsub
                0x10004828       0x10 CMakeFiles/pusuarios.dir/C_/Program_Files/Raspberry_Pi/Pico_SDK_v1.5.1/pico-sdk/src/rp2_common/pico_double/double_v1_rom_shim.S.obj
                0x10004828                drsub_shim
                0x1000482e                dsub_shim
 .text.dadd_shim
                0x10004838      0x15c CMakeFiles/pusuarios.dir/C_/Program_Files/Raspberry_Pi/Pico_SDK_v1.5.1/pico-sdk/src/rp2_common/pico_double/double_v1_rom_shim.S.obj
                0x10004838                dadd_shim
 .text.dmul_shim
                0x10004994      0x15c CMakeFiles/pusuarios.dir/C_/Program_Files/Raspberry_Pi/Pico_SDK_v1.5.1/pico-sdk/src/rp2_common/pico_double/double_v1_rom_shim.S.obj
                0x10004994                dmul_shim
 .text.ddiv_shim
                0x10004af0      0x1b0 CMakeFiles/pusuarios.dir/C_/Program_Files/Raspberry_Pi/Pico_SDK_v1.5.1/pico-sdk/src/rp2_common/pico_double/double_v1_rom_shim.S.obj
                0x10004af0                ddiv_shim
 .text.double2uint_shim
                0x10004ca0        0xe CMakeFiles/pusuarios.dir/C_/Program_Files/Raspberry_Pi/Pico_SDK_v1.5.1/pico-sdk/src/rp2_common/pico_double/double_v1_rom_shim.S.obj
                0x10004ca0                double2uint_shim
                0x10004ca2                double2ufix_shim
 *fill*         0x10004cae        0x2 
 .text.double2uint64_shim
                0x10004cb0       0x70 CMakeFiles/pusuarios.dir/C_/Program_Files/Raspberry_Pi/Pico_SDK_v1.5.1/pico-sdk/src/rp2_common/pico_double/double_v1_rom_shim.S.obj
                0x10004cb0                double2uint64_shim
                0x10004cb2                double2ufix64_shim
                0x10004cd2                d2fix_a
 .text.dunpacks
                0x10004d20       0x3c CMakeFiles/pusuarios.dir/C_/Program_Files/Raspberry_Pi/Pico_SDK_v1.5.1/pico-sdk/src/rp2_common/pico_double/double_v1_rom_shim.S.obj
                0x10004d20                dunpacks
 .text.__aeabi_lmul
                0x10004d5c       0x32 CMakeFiles/pusuarios.dir/C_/Program_Files/Raspberry_Pi/Pico_SDK_v1.5.1/pico-sdk/src/rp2_common/pico_int64_ops/pico_int64_ops_aeabi.S.obj
                0x10004d5c                __wrap___aeabi_lmul
 *fill*         0x10004d8e        0x2 
 .text.__aeabi_float_init
                0x10004d90       0xfc CMakeFiles/pusuarios.dir/C_/Program_Files/Raspberry_Pi/Pico_SDK_v1.5.1/pico-sdk/src/rp2_common/pico_float/float_init_rom.c.obj
                0x10004d90                __aeabi_float_init
 .text.float_table_shim_on_use_helper
                0x10004e8c       0x34 CMakeFiles/pusuarios.dir/C_/Program_Files/Raspberry_Pi/Pico_SDK_v1.5.1/pico-sdk/src/rp2_common/pico_float/float_v1_rom_shim.S.obj
                0x10004e8c                float_table_shim_on_use_helper
 .text          0x10004ec0       0x10 CMakeFiles/pusuarios.dir/C_/Program_Files/Raspberry_Pi/Pico_SDK_v1.5.1/pico-sdk/src/rp2_common/pico_mem_ops/mem_ops_aeabi.S.obj
                0x10004ec0                __aeabi_mem_init
 .text.memset   0x10004ed0        0xc CMakeFiles/pusuarios.dir/C_/Program_Files/Raspberry_Pi/Pico_SDK_v1.5.1/pico-sdk/src/rp2_common/pico_mem_ops/mem_ops_aeabi.S.obj
                0x10004ed0                __wrap_memset
 .text.memcpy   0x10004edc        0xc CMakeFiles/pusuarios.dir/C_/Program_Files/Raspberry_Pi/Pico_SDK_v1.5.1/pico-sdk/src/rp2_common/pico_mem_ops/mem_ops_aeabi.S.obj
                0x10004edc                __wrap_memcpy
                0x10004edc                __wrap___aeabi_memcpy
 .text.stdio_out_chars_no_crlf
                0x10004ee8        0xe CMakeFiles/pusuarios.dir/C_/Program_Files/Raspberry_Pi/Pico_SDK_v1.5.1/pico-sdk/src/rp2_common/pico_stdio/stdio.c.obj
 *fill*         0x10004ef6        0x2 
 .text.stdio_out_chars_crlf
                0x10004ef8       0x80 CMakeFiles/pusuarios.dir/C_/Program_Files/Raspberry_Pi/Pico_SDK_v1.5.1/pico-sdk/src/rp2_common/pico_stdio/stdio.c.obj
 .text.stdio_stack_buffer_flush
                0x10004f78       0x44 CMakeFiles/pusuarios.dir/C_/Program_Files/Raspberry_Pi/Pico_SDK_v1.5.1/pico-sdk/src/rp2_common/pico_stdio/stdio.c.obj
 .text.stdio_buffered_printer
                0x10004fbc       0x20 CMakeFiles/pusuarios.dir/C_/Program_Files/Raspberry_Pi/Pico_SDK_v1.5.1/pico-sdk/src/rp2_common/pico_stdio/stdio.c.obj
 .text.stdout_serialize_begin
                0x10004fdc       0x5c CMakeFiles/pusuarios.dir/C_/Program_Files/Raspberry_Pi/Pico_SDK_v1.5.1/pico-sdk/src/rp2_common/pico_stdio/stdio.c.obj
                0x10004fdc                stdout_serialize_begin
 .text.stdout_serialize_end
                0x10005038       0x10 CMakeFiles/pusuarios.dir/C_/Program_Files/Raspberry_Pi/Pico_SDK_v1.5.1/pico-sdk/src/rp2_common/pico_stdio/stdio.c.obj
                0x10005038                stdout_serialize_end
 .text.stdio_put_string
                0x10005048       0x98 CMakeFiles/pusuarios.dir/C_/Program_Files/Raspberry_Pi/Pico_SDK_v1.5.1/pico-sdk/src/rp2_common/pico_stdio/stdio.c.obj
 .text.__wrap_putchar
                0x100050e0       0x1c CMakeFiles/pusuarios.dir/C_/Program_Files/Raspberry_Pi/Pico_SDK_v1.5.1/pico-sdk/src/rp2_common/pico_stdio/stdio.c.obj
                0x100050e0                __wrap_putchar
 .text.stdio_set_driver_enabled
                0x100050fc       0x2c CMakeFiles/pusuarios.dir/C_/Program_Files/Raspberry_Pi/Pico_SDK_v1.5.1/pico-sdk/src/rp2_common/pico_stdio/stdio.c.obj
                0x100050fc                stdio_set_driver_enabled
 .text.stdio_flush
                0x10005128       0x20 CMakeFiles/pusuarios.dir/C_/Program_Files/Raspberry_Pi/Pico_SDK_v1.5.1/pico-sdk/src/rp2_common/pico_stdio/stdio.c.obj
                0x10005128                stdio_flush
 .text.__wrap_puts
                0x10005148       0x1e CMakeFiles/pusuarios.dir/C_/Program_Files/Raspberry_Pi/Pico_SDK_v1.5.1/pico-sdk/src/rp2_common/pico_stdio/stdio.c.obj
                0x10005148                __wrap_puts
 *fill*         0x10005166        0x2 
 .text.__wrap_vprintf
                0x10005168       0x40 CMakeFiles/pusuarios.dir/C_/Program_Files/Raspberry_Pi/Pico_SDK_v1.5.1/pico-sdk/src/rp2_common/pico_stdio/stdio.c.obj
                0x10005168                __wrap_vprintf
 .text.__wrap_printf
                0x100051a8       0x18 CMakeFiles/pusuarios.dir/C_/Program_Files/Raspberry_Pi/Pico_SDK_v1.5.1/pico-sdk/src/rp2_common/pico_stdio/stdio.c.obj
                0x100051a8                __wrap_printf
 .text.stdio_init_all
                0x100051c0        0x8 CMakeFiles/pusuarios.dir/C_/Program_Files/Raspberry_Pi/Pico_SDK_v1.5.1/pico-sdk/src/rp2_common/pico_stdio/stdio.c.obj
                0x100051c0                stdio_init_all
 .text.resetd_init
                0x100051c8        0x2 CMakeFiles/pusuarios.dir/C_/Program_Files/Raspberry_Pi/Pico_SDK_v1.5.1/pico-sdk/src/rp2_common/pico_stdio_usb/reset_interface.c.obj
 *fill*         0x100051ca        0x2 
 .text.resetd_reset
                0x100051cc        0xc CMakeFiles/pusuarios.dir/C_/Program_Files/Raspberry_Pi/Pico_SDK_v1.5.1/pico-sdk/src/rp2_common/pico_stdio_usb/reset_interface.c.obj
 .text.resetd_open
                0x100051d8       0x34 CMakeFiles/pusuarios.dir/C_/Program_Files/Raspberry_Pi/Pico_SDK_v1.5.1/pico-sdk/src/rp2_common/pico_stdio_usb/reset_interface.c.obj
 .text.resetd_xfer_cb
                0x1000520c        0x4 CMakeFiles/pusuarios.dir/C_/Program_Files/Raspberry_Pi/Pico_SDK_v1.5.1/pico-sdk/src/rp2_common/pico_stdio_usb/reset_interface.c.obj
 .text.reset_usb_boot
                0x10005210       0x18 CMakeFiles/pusuarios.dir/C_/Program_Files/Raspberry_Pi/Pico_SDK_v1.5.1/pico-sdk/src/rp2_common/pico_stdio_usb/reset_interface.c.obj
 .text.resetd_control_xfer_cb
                0x10005228       0x5c CMakeFiles/pusuarios.dir/C_/Program_Files/Raspberry_Pi/Pico_SDK_v1.5.1/pico-sdk/src/rp2_common/pico_stdio_usb/reset_interface.c.obj
 .text.usbd_app_driver_get_cb
                0x10005284        0xc CMakeFiles/pusuarios.dir/C_/Program_Files/Raspberry_Pi/Pico_SDK_v1.5.1/pico-sdk/src/rp2_common/pico_stdio_usb/reset_interface.c.obj
                0x10005284                usbd_app_driver_get_cb
 .text.tud_cdc_line_coding_cb
                0x10005290       0x28 CMakeFiles/pusuarios.dir/C_/Program_Files/Raspberry_Pi/Pico_SDK_v1.5.1/pico-sdk/src/rp2_common/pico_stdio_usb/reset_interface.c.obj
                0x10005290                tud_cdc_line_coding_cb
 .text.stdio_usb_set_chars_available_callback
                0x100052b8       0x14 CMakeFiles/pusuarios.dir/C_/Program_Files/Raspberry_Pi/Pico_SDK_v1.5.1/pico-sdk/src/rp2_common/pico_stdio_usb/stdio_usb.c.obj
                0x100052b8                stdio_usb_set_chars_available_callback
 .text.usb_irq  0x100052cc       0x10 CMakeFiles/pusuarios.dir/C_/Program_Files/Raspberry_Pi/Pico_SDK_v1.5.1/pico-sdk/src/rp2_common/pico_stdio_usb/stdio_usb.c.obj
 .text.timer_task
                0x100052dc       0x5c CMakeFiles/pusuarios.dir/C_/Program_Files/Raspberry_Pi/Pico_SDK_v1.5.1/pico-sdk/src/rp2_common/pico_stdio_usb/stdio_usb.c.obj
 .text.low_priority_worker_irq
                0x10005338       0xdc CMakeFiles/pusuarios.dir/C_/Program_Files/Raspberry_Pi/Pico_SDK_v1.5.1/pico-sdk/src/rp2_common/pico_stdio_usb/stdio_usb.c.obj
 .text.tud_cdc_rx_cb
                0x10005414       0x20 CMakeFiles/pusuarios.dir/C_/Program_Files/Raspberry_Pi/Pico_SDK_v1.5.1/pico-sdk/src/rp2_common/pico_stdio_usb/stdio_usb.c.obj
                0x10005414                tud_cdc_rx_cb
 .text.stdio_usb_init
                0x10005434      0x11c CMakeFiles/pusuarios.dir/C_/Program_Files/Raspberry_Pi/Pico_SDK_v1.5.1/pico-sdk/src/rp2_common/pico_stdio_usb/stdio_usb.c.obj
                0x10005434                stdio_usb_init
 .text.stdio_usb_connected
                0x10005550        0xa CMakeFiles/pusuarios.dir/C_/Program_Files/Raspberry_Pi/Pico_SDK_v1.5.1/pico-sdk/src/rp2_common/pico_stdio_usb/stdio_usb.c.obj
                0x10005550                stdio_usb_connected
 *fill*         0x1000555a        0x2 
 .text.stdio_usb_in_chars
                0x1000555c       0xc4 CMakeFiles/pusuarios.dir/C_/Program_Files/Raspberry_Pi/Pico_SDK_v1.5.1/pico-sdk/src/rp2_common/pico_stdio_usb/stdio_usb.c.obj
                0x1000555c                stdio_usb_in_chars
 .text.stdio_usb_out_chars
                0x10005620      0x114 CMakeFiles/pusuarios.dir/C_/Program_Files/Raspberry_Pi/Pico_SDK_v1.5.1/pico-sdk/src/rp2_common/pico_stdio_usb/stdio_usb.c.obj
 .text.tud_descriptor_device_cb
                0x10005734        0x8 CMakeFiles/pusuarios.dir/C_/Program_Files/Raspberry_Pi/Pico_SDK_v1.5.1/pico-sdk/src/rp2_common/pico_stdio_usb/stdio_usb_descriptors.c.obj
                0x10005734                tud_descriptor_device_cb
 .text.tud_descriptor_configuration_cb
                0x1000573c        0x8 CMakeFiles/pusuarios.dir/C_/Program_Files/Raspberry_Pi/Pico_SDK_v1.5.1/pico-sdk/src/rp2_common/pico_stdio_usb/stdio_usb_descriptors.c.obj
                0x1000573c                tud_descriptor_configuration_cb
 .text.tud_descriptor_string_cb
                0x10005744       0x6c CMakeFiles/pusuarios.dir/C_/Program_Files/Raspberry_Pi/Pico_SDK_v1.5.1/pico-sdk/src/rp2_common/pico_stdio_usb/stdio_usb_descriptors.c.obj
                0x10005744                tud_descriptor_string_cb
 .text._retrieve_unique_id_on_boot
                0x100057b0       0x10 CMakeFiles/pusuarios.dir/C_/Program_Files/Raspberry_Pi/Pico_SDK_v1.5.1/pico-sdk/src/rp2_common/pico_unique_id/unique_id.c.obj
 .text.pico_get_unique_board_id_string
                0x100057c0       0x60 CMakeFiles/pusuarios.dir/C_/Program_Files/Raspberry_Pi/Pico_SDK_v1.5.1/pico-sdk/src/rp2_common/pico_unique_id/unique_id.c.obj
                0x100057c0                pico_get_unique_board_id_string
 .text.flash_get_unique_id
                0x10005820       0x46 CMakeFiles/pusuarios.dir/C_/Program_Files/Raspberry_Pi/Pico_SDK_v1.5.1/pico-sdk/src/rp2_common/hardware_flash/flash.c.obj
                0x10005820                flash_get_unique_id
 *fill*         0x10005866        0x2 
 .text.hw_endpoint_get_by_addr
                0x10005868       0x18 CMakeFiles/pusuarios.dir/C_/Program_Files/Raspberry_Pi/Pico_SDK_v1.5.1/pico-sdk/lib/tinyusb/src/portable/raspberrypi/rp2040/dcd_rp2040.c.obj
 .text._hw_endpoint_alloc
                0x10005880       0x70 CMakeFiles/pusuarios.dir/C_/Program_Files/Raspberry_Pi/Pico_SDK_v1.5.1/pico-sdk/lib/tinyusb/src/portable/raspberrypi/rp2040/dcd_rp2040.c.obj
 .text.hw_endpoint_init
                0x100058f0       0x88 CMakeFiles/pusuarios.dir/C_/Program_Files/Raspberry_Pi/Pico_SDK_v1.5.1/pico-sdk/lib/tinyusb/src/portable/raspberrypi/rp2040/dcd_rp2040.c.obj
 .text.hw_endpoint_xfer
                0x10005978       0x14 CMakeFiles/pusuarios.dir/C_/Program_Files/Raspberry_Pi/Pico_SDK_v1.5.1/pico-sdk/lib/tinyusb/src/portable/raspberrypi/rp2040/dcd_rp2040.c.obj
 .text.dcd_int_enable
                0x1000598c       0x2c CMakeFiles/pusuarios.dir/C_/Program_Files/Raspberry_Pi/Pico_SDK_v1.5.1/pico-sdk/lib/tinyusb/src/portable/raspberrypi/rp2040/dcd_rp2040.c.obj
                0x1000598c                dcd_int_enable
 .text.dcd_set_address
                0x100059b8       0x2c CMakeFiles/pusuarios.dir/C_/Program_Files/Raspberry_Pi/Pico_SDK_v1.5.1/pico-sdk/lib/tinyusb/src/portable/raspberrypi/rp2040/dcd_rp2040.c.obj
                0x100059b8                dcd_set_address
 .text.dcd_connect
                0x100059e4       0x10 CMakeFiles/pusuarios.dir/C_/Program_Files/Raspberry_Pi/Pico_SDK_v1.5.1/pico-sdk/lib/tinyusb/src/portable/raspberrypi/rp2040/dcd_rp2040.c.obj
                0x100059e4                dcd_connect
 .text.dcd_init
                0x100059f4       0x80 CMakeFiles/pusuarios.dir/C_/Program_Files/Raspberry_Pi/Pico_SDK_v1.5.1/pico-sdk/lib/tinyusb/src/portable/raspberrypi/rp2040/dcd_rp2040.c.obj
                0x100059f4                dcd_init
 .text.dcd_edpt0_status_complete
                0x10005a74       0x1c CMakeFiles/pusuarios.dir/C_/Program_Files/Raspberry_Pi/Pico_SDK_v1.5.1/pico-sdk/lib/tinyusb/src/portable/raspberrypi/rp2040/dcd_rp2040.c.obj
                0x10005a74                dcd_edpt0_status_complete
 .text.dcd_edpt_open
                0x10005a90       0x40 CMakeFiles/pusuarios.dir/C_/Program_Files/Raspberry_Pi/Pico_SDK_v1.5.1/pico-sdk/lib/tinyusb/src/portable/raspberrypi/rp2040/dcd_rp2040.c.obj
                0x10005a90                dcd_edpt_open
 .text.dcd_edpt_close_all
                0x10005ad0        0x8 CMakeFiles/pusuarios.dir/C_/Program_Files/Raspberry_Pi/Pico_SDK_v1.5.1/pico-sdk/lib/tinyusb/src/portable/raspberrypi/rp2040/dcd_rp2040.c.obj
                0x10005ad0                dcd_edpt_close_all
 .text.dcd_edpt_xfer
                0x10005ad8       0x34 CMakeFiles/pusuarios.dir/C_/Program_Files/Raspberry_Pi/Pico_SDK_v1.5.1/pico-sdk/lib/tinyusb/src/portable/raspberrypi/rp2040/dcd_rp2040.c.obj
                0x10005ad8                dcd_edpt_xfer
 .text.dcd_edpt_stall
                0x10005b0c       0x2c CMakeFiles/pusuarios.dir/C_/Program_Files/Raspberry_Pi/Pico_SDK_v1.5.1/pico-sdk/lib/tinyusb/src/portable/raspberrypi/rp2040/dcd_rp2040.c.obj
                0x10005b0c                dcd_edpt_stall
 .text.dcd_edpt_clear_stall
                0x10005b38       0x20 CMakeFiles/pusuarios.dir/C_/Program_Files/Raspberry_Pi/Pico_SDK_v1.5.1/pico-sdk/lib/tinyusb/src/portable/raspberrypi/rp2040/dcd_rp2040.c.obj
                0x10005b38                dcd_edpt_clear_stall
 .text.rp2040_usb_init
                0x10005b58       0x4c CMakeFiles/pusuarios.dir/C_/Program_Files/Raspberry_Pi/Pico_SDK_v1.5.1/pico-sdk/lib/tinyusb/src/portable/raspberrypi/rp2040/rp2040_usb.c.obj
                0x10005b58                rp2040_usb_init
 .text.hw_endpoint_xfer_start
                0x10005ba4       0x50 CMakeFiles/pusuarios.dir/C_/Program_Files/Raspberry_Pi/Pico_SDK_v1.5.1/pico-sdk/lib/tinyusb/src/portable/raspberrypi/rp2040/rp2040_usb.c.obj
                0x10005ba4                hw_endpoint_xfer_start
 .text.configuration_reset
                0x10005bf4       0x84 CMakeFiles/pusuarios.dir/C_/Program_Files/Raspberry_Pi/Pico_SDK_v1.5.1/pico-sdk/lib/tinyusb/src/device/usbd.c.obj
 .text.usbd_reset
                0x10005c78        0xc CMakeFiles/pusuarios.dir/C_/Program_Files/Raspberry_Pi/Pico_SDK_v1.5.1/pico-sdk/lib/tinyusb/src/device/usbd.c.obj
 .text.invoke_class_control
                0x10005c84       0x1a CMakeFiles/pusuarios.dir/C_/Program_Files/Raspberry_Pi/Pico_SDK_v1.5.1/pico-sdk/lib/tinyusb/src/device/usbd.c.obj
 *fill*         0x10005c9e        0x2 
 .text.process_set_config
                0x10005ca0      0x178 CMakeFiles/pusuarios.dir/C_/Program_Files/Raspberry_Pi/Pico_SDK_v1.5.1/pico-sdk/lib/tinyusb/src/device/usbd.c.obj
 .text.process_get_descriptor
                0x10005e18       0xdc CMakeFiles/pusuarios.dir/C_/Program_Files/Raspberry_Pi/Pico_SDK_v1.5.1/pico-sdk/lib/tinyusb/src/device/usbd.c.obj
 .text.tud_mounted
                0x10005ef4       0x10 CMakeFiles/pusuarios.dir/C_/Program_Files/Raspberry_Pi/Pico_SDK_v1.5.1/pico-sdk/lib/tinyusb/src/device/usbd.c.obj
                0x10005ef4                tud_mounted
 .text.tud_suspended
                0x10005f04       0x10 CMakeFiles/pusuarios.dir/C_/Program_Files/Raspberry_Pi/Pico_SDK_v1.5.1/pico-sdk/lib/tinyusb/src/device/usbd.c.obj
                0x10005f04                tud_suspended
 .text.tud_inited
                0x10005f14       0x14 CMakeFiles/pusuarios.dir/C_/Program_Files/Raspberry_Pi/Pico_SDK_v1.5.1/pico-sdk/lib/tinyusb/src/device/usbd.c.obj
                0x10005f14                tud_inited
 .text.tud_init
                0x10005f28       0xcc CMakeFiles/pusuarios.dir/C_/Program_Files/Raspberry_Pi/Pico_SDK_v1.5.1/pico-sdk/lib/tinyusb/src/device/usbd.c.obj
                0x10005f28                tud_init
 .text.usbd_defer_func
                0x10005ff4       0x2a CMakeFiles/pusuarios.dir/C_/Program_Files/Raspberry_Pi/Pico_SDK_v1.5.1/pico-sdk/lib/tinyusb/src/device/usbd.c.obj
                0x10005ff4                usbd_defer_func
 *fill*         0x1000601e        0x2 
 .text.usbd_edpt_open
                0x10006020       0x34 CMakeFiles/pusuarios.dir/C_/Program_Files/Raspberry_Pi/Pico_SDK_v1.5.1/pico-sdk/lib/tinyusb/src/device/usbd.c.obj
                0x10006020                usbd_edpt_open
 .text.usbd_open_edpt_pair
                0x10006054       0x62 CMakeFiles/pusuarios.dir/C_/Program_Files/Raspberry_Pi/Pico_SDK_v1.5.1/pico-sdk/lib/tinyusb/src/device/usbd.c.obj
                0x10006054                usbd_open_edpt_pair
 *fill*         0x100060b6        0x2 
 .text.usbd_edpt_claim
                0x100060b8       0x28 CMakeFiles/pusuarios.dir/C_/Program_Files/Raspberry_Pi/Pico_SDK_v1.5.1/pico-sdk/lib/tinyusb/src/device/usbd.c.obj
                0x100060b8                usbd_edpt_claim
 .text.usbd_edpt_release
                0x100060e0       0x28 CMakeFiles/pusuarios.dir/C_/Program_Files/Raspberry_Pi/Pico_SDK_v1.5.1/pico-sdk/lib/tinyusb/src/device/usbd.c.obj
                0x100060e0                usbd_edpt_release
 .text.usbd_edpt_xfer
                0x10006108       0x78 CMakeFiles/pusuarios.dir/C_/Program_Files/Raspberry_Pi/Pico_SDK_v1.5.1/pico-sdk/lib/tinyusb/src/device/usbd.c.obj
                0x10006108                usbd_edpt_xfer
 .text.usbd_edpt_stall
                0x10006180       0x48 CMakeFiles/pusuarios.dir/C_/Program_Files/Raspberry_Pi/Pico_SDK_v1.5.1/pico-sdk/lib/tinyusb/src/device/usbd.c.obj
                0x10006180                usbd_edpt_stall
 .text.usbd_edpt_clear_stall
                0x100061c8       0x48 CMakeFiles/pusuarios.dir/C_/Program_Files/Raspberry_Pi/Pico_SDK_v1.5.1/pico-sdk/lib/tinyusb/src/device/usbd.c.obj
                0x100061c8                usbd_edpt_clear_stall
 .text.usbd_edpt_stalled
                0x10006210       0x1c CMakeFiles/pusuarios.dir/C_/Program_Files/Raspberry_Pi/Pico_SDK_v1.5.1/pico-sdk/lib/tinyusb/src/device/usbd.c.obj
                0x10006210                usbd_edpt_stalled
 .text.process_control_request
                0x1000622c      0x37c CMakeFiles/pusuarios.dir/C_/Program_Files/Raspberry_Pi/Pico_SDK_v1.5.1/pico-sdk/lib/tinyusb/src/device/usbd.c.obj
 .text.tud_task_ext
                0x100065a8      0x1b8 CMakeFiles/pusuarios.dir/C_/Program_Files/Raspberry_Pi/Pico_SDK_v1.5.1/pico-sdk/lib/tinyusb/src/device/usbd.c.obj
                0x100065a8                tud_task_ext
 .text._data_stage_xact
                0x10006760       0x58 CMakeFiles/pusuarios.dir/C_/Program_Files/Raspberry_Pi/Pico_SDK_v1.5.1/pico-sdk/lib/tinyusb/src/device/usbd_control.c.obj
 .text.tud_control_status
                0x100067b8       0x38 CMakeFiles/pusuarios.dir/C_/Program_Files/Raspberry_Pi/Pico_SDK_v1.5.1/pico-sdk/lib/tinyusb/src/device/usbd_control.c.obj
                0x100067b8                tud_control_status
 .text.tud_control_xfer
                0x100067f0       0x74 CMakeFiles/pusuarios.dir/C_/Program_Files/Raspberry_Pi/Pico_SDK_v1.5.1/pico-sdk/lib/tinyusb/src/device/usbd_control.c.obj
                0x100067f0                tud_control_xfer
 .text.usbd_control_reset
                0x10006864       0x14 CMakeFiles/pusuarios.dir/C_/Program_Files/Raspberry_Pi/Pico_SDK_v1.5.1/pico-sdk/lib/tinyusb/src/device/usbd_control.c.obj
                0x10006864                usbd_control_reset
 .text.usbd_control_set_complete_callback
                0x10006878        0xc CMakeFiles/pusuarios.dir/C_/Program_Files/Raspberry_Pi/Pico_SDK_v1.5.1/pico-sdk/lib/tinyusb/src/device/usbd_control.c.obj
                0x10006878                usbd_control_set_complete_callback
 .text.usbd_control_set_request
                0x10006884       0x1c CMakeFiles/pusuarios.dir/C_/Program_Files/Raspberry_Pi/Pico_SDK_v1.5.1/pico-sdk/lib/tinyusb/src/device/usbd_control.c.obj
                0x10006884                usbd_control_set_request
 .text.usbd_control_xfer_cb
                0x100068a0       0xcc CMakeFiles/pusuarios.dir/C_/Program_Files/Raspberry_Pi/Pico_SDK_v1.5.1/pico-sdk/lib/tinyusb/src/device/usbd_control.c.obj
                0x100068a0                usbd_control_xfer_cb
 .text._prep_out_transaction
                0x1000696c       0x4a CMakeFiles/pusuarios.dir/C_/Program_Files/Raspberry_Pi/Pico_SDK_v1.5.1/pico-sdk/lib/tinyusb/src/class/cdc/cdc_device.c.obj
 *fill*         0x100069b6        0x2 
 .text.tud_cdc_n_connected
                0x100069b8       0x44 CMakeFiles/pusuarios.dir/C_/Program_Files/Raspberry_Pi/Pico_SDK_v1.5.1/pico-sdk/lib/tinyusb/src/class/cdc/cdc_device.c.obj
                0x100069b8                tud_cdc_n_connected
 .text.tud_cdc_n_available
                0x100069fc       0x18 CMakeFiles/pusuarios.dir/C_/Program_Files/Raspberry_Pi/Pico_SDK_v1.5.1/pico-sdk/lib/tinyusb/src/class/cdc/cdc_device.c.obj
                0x100069fc                tud_cdc_n_available
 .text.tud_cdc_n_read
                0x10006a14       0x28 CMakeFiles/pusuarios.dir/C_/Program_Files/Raspberry_Pi/Pico_SDK_v1.5.1/pico-sdk/lib/tinyusb/src/class/cdc/cdc_device.c.obj
                0x10006a14                tud_cdc_n_read
 .text.tud_cdc_n_write_flush
                0x10006a3c       0xb8 CMakeFiles/pusuarios.dir/C_/Program_Files/Raspberry_Pi/Pico_SDK_v1.5.1/pico-sdk/lib/tinyusb/src/class/cdc/cdc_device.c.obj
                0x10006a3c                tud_cdc_n_write_flush
 .text.tud_cdc_n_write
                0x10006af4       0x38 CMakeFiles/pusuarios.dir/C_/Program_Files/Raspberry_Pi/Pico_SDK_v1.5.1/pico-sdk/lib/tinyusb/src/class/cdc/cdc_device.c.obj
                0x10006af4                tud_cdc_n_write
 .text.tud_cdc_n_write_available
                0x10006b2c       0x1c CMakeFiles/pusuarios.dir/C_/Program_Files/Raspberry_Pi/Pico_SDK_v1.5.1/pico-sdk/lib/tinyusb/src/class/cdc/cdc_device.c.obj
                0x10006b2c                tud_cdc_n_write_available
 .text.cdcd_init
                0x10006b48       0xbc CMakeFiles/pusuarios.dir/C_/Program_Files/Raspberry_Pi/Pico_SDK_v1.5.1/pico-sdk/lib/tinyusb/src/class/cdc/cdc_device.c.obj
                0x10006b48                cdcd_init
 .text.cdcd_reset
                0x10006c04       0x44 CMakeFiles/pusuarios.dir/C_/Program_Files/Raspberry_Pi/Pico_SDK_v1.5.1/pico-sdk/lib/tinyusb/src/class/cdc/cdc_device.c.obj
                0x10006c04                cdcd_reset
 .text.cdcd_open
                0x10006c48       0xcc CMakeFiles/pusuarios.dir/C_/Program_Files/Raspberry_Pi/Pico_SDK_v1.5.1/pico-sdk/lib/tinyusb/src/class/cdc/cdc_device.c.obj
                0x10006c48                cdcd_open
 .text.cdcd_control_xfer_cb
                0x10006d14      0x134 CMakeFiles/pusuarios.dir/C_/Program_Files/Raspberry_Pi/Pico_SDK_v1.5.1/pico-sdk/lib/tinyusb/src/class/cdc/cdc_device.c.obj
                0x10006d14                cdcd_control_xfer_cb
 .text.cdcd_xfer_cb
                0x10006e48      0x130 CMakeFiles/pusuarios.dir/C_/Program_Files/Raspberry_Pi/Pico_SDK_v1.5.1/pico-sdk/lib/tinyusb/src/class/cdc/cdc_device.c.obj
                0x10006e48                cdcd_xfer_cb
 .text.tusb_init
                0x10006f78        0xa CMakeFiles/pusuarios.dir/C_/Program_Files/Raspberry_Pi/Pico_SDK_v1.5.1/pico-sdk/lib/tinyusb/src/tusb.c.obj
                0x10006f78                tusb_init
 .text.tusb_inited
                0x10006f82        0xe CMakeFiles/pusuarios.dir/C_/Program_Files/Raspberry_Pi/Pico_SDK_v1.5.1/pico-sdk/lib/tinyusb/src/tusb.c.obj
                0x10006f82                tusb_inited
 .text.tu_edpt_claim
                0x10006f90       0x50 CMakeFiles/pusuarios.dir/C_/Program_Files/Raspberry_Pi/Pico_SDK_v1.5.1/pico-sdk/lib/tinyusb/src/tusb.c.obj
                0x10006f90                tu_edpt_claim
 .text.tu_edpt_release
                0x10006fe0       0x3c CMakeFiles/pusuarios.dir/C_/Program_Files/Raspberry_Pi/Pico_SDK_v1.5.1/pico-sdk/lib/tinyusb/src/tusb.c.obj
                0x10006fe0                tu_edpt_release
 .text.tu_edpt_validate
                0x1000701c       0x78 CMakeFiles/pusuarios.dir/C_/Program_Files/Raspberry_Pi/Pico_SDK_v1.5.1/pico-sdk/lib/tinyusb/src/tusb.c.obj
                0x1000701c                tu_edpt_validate
 .text.tu_edpt_bind_driver
                0x10007094       0x26 CMakeFiles/pusuarios.dir/C_/Program_Files/Raspberry_Pi/Pico_SDK_v1.5.1/pico-sdk/lib/tinyusb/src/tusb.c.obj
                0x10007094                tu_edpt_bind_driver
 .text.advance_index
                0x100070ba       0x1a CMakeFiles/pusuarios.dir/C_/Program_Files/Raspberry_Pi/Pico_SDK_v1.5.1/pico-sdk/lib/tinyusb/src/common/tusb_fifo.c.obj
 .text._tu_fifo_peek
                0x100070d4       0x56 CMakeFiles/pusuarios.dir/C_/Program_Files/Raspberry_Pi/Pico_SDK_v1.5.1/pico-sdk/lib/tinyusb/src/common/tusb_fifo.c.obj
 .text._ff_pull_const_addr
                0x1000712a       0x4c CMakeFiles/pusuarios.dir/C_/Program_Files/Raspberry_Pi/Pico_SDK_v1.5.1/pico-sdk/lib/tinyusb/src/common/tusb_fifo.c.obj
 .text._ff_pull_n
                0x10007176      0x110 CMakeFiles/pusuarios.dir/C_/Program_Files/Raspberry_Pi/Pico_SDK_v1.5.1/pico-sdk/lib/tinyusb/src/common/tusb_fifo.c.obj
 .text._tu_fifo_peek_n
                0x10007286       0x6a CMakeFiles/pusuarios.dir/C_/Program_Files/Raspberry_Pi/Pico_SDK_v1.5.1/pico-sdk/lib/tinyusb/src/common/tusb_fifo.c.obj
 .text._tu_fifo_read_n
                0x100072f0       0x4e CMakeFiles/pusuarios.dir/C_/Program_Files/Raspberry_Pi/Pico_SDK_v1.5.1/pico-sdk/lib/tinyusb/src/common/tusb_fifo.c.obj
 .text._ff_push_const_addr
                0x1000733e       0x40 CMakeFiles/pusuarios.dir/C_/Program_Files/Raspberry_Pi/Pico_SDK_v1.5.1/pico-sdk/lib/tinyusb/src/common/tusb_fifo.c.obj
 .text._ff_push_n
                0x1000737e      0x10c CMakeFiles/pusuarios.dir/C_/Program_Files/Raspberry_Pi/Pico_SDK_v1.5.1/pico-sdk/lib/tinyusb/src/common/tusb_fifo.c.obj
 .text._tu_fifo_write_n
                0x1000748a       0xf0 CMakeFiles/pusuarios.dir/C_/Program_Files/Raspberry_Pi/Pico_SDK_v1.5.1/pico-sdk/lib/tinyusb/src/common/tusb_fifo.c.obj
 .text.tu_fifo_config
                0x1000757a       0x7c CMakeFiles/pusuarios.dir/C_/Program_Files/Raspberry_Pi/Pico_SDK_v1.5.1/pico-sdk/lib/tinyusb/src/common/tusb_fifo.c.obj
                0x1000757a                tu_fifo_config
 .text.tu_fifo_count
                0x100075f6       0x2a CMakeFiles/pusuarios.dir/C_/Program_Files/Raspberry_Pi/Pico_SDK_v1.5.1/pico-sdk/lib/tinyusb/src/common/tusb_fifo.c.obj
                0x100075f6                tu_fifo_count
 .text.tu_fifo_empty
                0x10007620       0x10 CMakeFiles/pusuarios.dir/C_/Program_Files/Raspberry_Pi/Pico_SDK_v1.5.1/pico-sdk/lib/tinyusb/src/common/tusb_fifo.c.obj
                0x10007620                tu_fifo_empty
 .text.tu_fifo_full
                0x10007630       0x28 CMakeFiles/pusuarios.dir/C_/Program_Files/Raspberry_Pi/Pico_SDK_v1.5.1/pico-sdk/lib/tinyusb/src/common/tusb_fifo.c.obj
                0x10007630                tu_fifo_full
 .text.tu_fifo_remaining
                0x10007658       0x2c CMakeFiles/pusuarios.dir/C_/Program_Files/Raspberry_Pi/Pico_SDK_v1.5.1/pico-sdk/lib/tinyusb/src/common/tusb_fifo.c.obj
                0x10007658                tu_fifo_remaining
 .text.tu_fifo_read
                0x10007684       0x42 CMakeFiles/pusuarios.dir/C_/Program_Files/Raspberry_Pi/Pico_SDK_v1.5.1/pico-sdk/lib/tinyusb/src/common/tusb_fifo.c.obj
                0x10007684                tu_fifo_read
 .text.tu_fifo_read_n
                0x100076c6        0xa CMakeFiles/pusuarios.dir/C_/Program_Files/Raspberry_Pi/Pico_SDK_v1.5.1/pico-sdk/lib/tinyusb/src/common/tusb_fifo.c.obj
                0x100076c6                tu_fifo_read_n
 .text.tu_fifo_write
                0x100076d0       0x64 CMakeFiles/pusuarios.dir/C_/Program_Files/Raspberry_Pi/Pico_SDK_v1.5.1/pico-sdk/lib/tinyusb/src/common/tusb_fifo.c.obj
                0x100076d0                tu_fifo_write
 .text.tu_fifo_write_n
                0x10007734        0xa CMakeFiles/pusuarios.dir/C_/Program_Files/Raspberry_Pi/Pico_SDK_v1.5.1/pico-sdk/lib/tinyusb/src/common/tusb_fifo.c.obj
                0x10007734                tu_fifo_write_n
 .text.tu_fifo_clear
                0x1000773e       0x3e CMakeFiles/pusuarios.dir/C_/Program_Files/Raspberry_Pi/Pico_SDK_v1.5.1/pico-sdk/lib/tinyusb/src/common/tusb_fifo.c.obj
                0x1000773e                tu_fifo_clear
 .text.tu_fifo_set_overwritable
                0x1000777c       0x46 CMakeFiles/pusuarios.dir/C_/Program_Files/Raspberry_Pi/Pico_SDK_v1.5.1/pico-sdk/lib/tinyusb/src/common/tusb_fifo.c.obj
                0x1000777c                tu_fifo_set_overwritable
 *fill*         0x100077c2        0x2 
 .text          0x100077c4       0x88 c:/progra~1/raspbe~1/picosd~1.1/gcc-ar~1/bin/../lib/gcc/arm-none-eabi/10.3.1/../../../../arm-none-eabi/lib/thumb/v6-m/nofp\libg.a(lib_a-strcmp.o)
                0x100077c4                strcmp
 .text.strcpy   0x1000784c       0x10 c:/progra~1/raspbe~1/picosd~1.1/gcc-ar~1/bin/../lib/gcc/arm-none-eabi/10.3.1/../../../../arm-none-eabi/lib/thumb/v6-m/nofp\libg.a(lib_a-strcpy.o)
                0x1000784c                strcpy
 .text.strlen   0x1000785c       0x5c c:/progra~1/raspbe~1/picosd~1.1/gcc-ar~1/bin/../lib/gcc/arm-none-eabi/10.3.1/../../../../arm-none-eabi/lib/thumb/v6-m/nofp\libg.a(lib_a-strlen-stub.o)
                0x1000785c                strlen
 *(.fini)
 .fini          0x100078b8        0x4 c:/progra~1/raspbe~1/picosd~1.1/gcc-ar~1/bin/../lib/gcc/arm-none-eabi/10.3.1/thumb/v6-m/nofp/crti.o
                0x100078b8                _fini
 *fill*         0x100078bc        0x4 
 .fini.__stub   0x100078c0       0xe0 linker stubs
 *crtbegin.o(.ctors)
 *crtbegin?.o(.ctors)
 *(EXCLUDE_FILE(*crtend.o *crtend?.o) .ctors)
 *(SORT_BY_NAME(.ctors.*))
 *(.ctors)
 *crtbegin.o(.dtors)
 *crtbegin?.o(.dtors)
 *(EXCLUDE_FILE(*crtend.o *crtend?.o) .dtors)
 *(SORT_BY_NAME(.dtors.*))
 *(.dtors)
 *(.eh_frame*)
 .eh_frame      0x100079a0        0x0 c:/progra~1/raspbe~1/picosd~1.1/gcc-ar~1/bin/../lib/gcc/arm-none-eabi/10.3.1/thumb/v6-m/nofp/crtbegin.o
                0x100079a0                . = ALIGN (0x4)

.glue_7         0x100079a0        0x0
 .glue_7        0x100079a0        0x0 linker stubs

.glue_7t        0x100079a0        0x0
 .glue_7t       0x100079a0        0x0 linker stubs

.vfp11_veneer   0x100079a0        0x0
 .vfp11_veneer  0x100079a0        0x0 linker stubs

.v4_bx          0x100079a0        0x0
 .v4_bx         0x100079a0        0x0 linker stubs

.iplt           0x100079a0        0x0
 .iplt          0x100079a0        0x0 c:/progra~1/raspbe~1/picosd~1.1/gcc-ar~1/bin/../lib/gcc/arm-none-eabi/10.3.1/thumb/v6-m/nofp/crtbegin.o

.rodata         0x100079a0     0x1c18
 *(EXCLUDE_FILE(*libm.a: *libc.a:*lib_a-mem*.o *libgcc.a:) .rodata*)
 .rodata.get_absolute_time.str1.4
                0x100079a0       0x7d CMakeFiles/pusuarios.dir/main.c.obj
 *fill*         0x10007a1d        0x3 
 .rodata.main.str1.4
                0x10007a20       0x3a CMakeFiles/pusuarios.dir/main.c.obj
 *fill*         0x10007a5a        0x2 
 .rodata.__func__.0
                0x10007a5c       0x15 CMakeFiles/pusuarios.dir/main.c.obj
 .rodata.timer_callback.str1.4
                0x10007a71       0x7d CMakeFiles/pusuarios.dir/tcl.c.obj
 *fill*         0x10007a71        0x3 
 .rodata.reset_state.str1.4
                0x10007a74       0x34 CMakeFiles/pusuarios.dir/tcl.c.obj
 .rodata.handle_timeout.str1.4
                0x10007aa8       0x31 CMakeFiles/pusuarios.dir/tcl.c.obj
 *fill*         0x10007ad9        0x3 
 .rodata.show_menu.str1.4
                0x10007adc       0x6f CMakeFiles/pusuarios.dir/tcl.c.obj
 *fill*         0x10007b4b        0x1 
 .rodata.amount_menu.str1.4
                0x10007b4c       0x50 CMakeFiles/pusuarios.dir/tcl.c.obj
 .rodata.check_balance.str1.4
                0x10007b9c       0x5d CMakeFiles/pusuarios.dir/tcl.c.obj
 *fill*         0x10007bf9        0x3 
 .rodata.process_logged_in_state.str1.4
                0x10007bfc       0x70 CMakeFiles/pusuarios.dir/tcl.c.obj
 .rodata.withdraw_money.str1.4
                0x10007c6c       0xb6 CMakeFiles/pusuarios.dir/tcl.c.obj
 *fill*         0x10007d22        0x2 
 .rodata.process_key.str1.4
                0x10007d24      0x19a CMakeFiles/pusuarios.dir/tcl.c.obj
 *fill*         0x10007ebe        0x2 
 .rodata.process_key
                0x10007ec0       0x1c CMakeFiles/pusuarios.dir/tcl.c.obj
 .rodata.COL_PINS
                0x10007edc        0x4 CMakeFiles/pusuarios.dir/tcl.c.obj
                0x10007edc                COL_PINS
 .rodata.KEYPAD
                0x10007ee0       0x10 CMakeFiles/pusuarios.dir/tcl.c.obj
                0x10007ee0                KEYPAD
 .rodata.ROW_PINS
                0x10007ef0        0x4 CMakeFiles/pusuarios.dir/tcl.c.obj
                0x10007ef0                ROW_PINS
 .rodata.__func__.0
                0x10007ef4       0x15 CMakeFiles/pusuarios.dir/tcl.c.obj
 *fill*         0x10007f09        0x3 
 .rodata.spin_lock_claim_unused.str1.4
                0x10007f0c       0x1b CMakeFiles/pusuarios.dir/C_/Program_Files/Raspberry_Pi/Pico_SDK_v1.5.1/pico-sdk/src/rp2_common/hardware_sync/sync.c.obj
 *fill*         0x10007f27        0x1 
 .rodata.make_branch.str1.4
                0x10007f28       0x89 CMakeFiles/pusuarios.dir/C_/Program_Files/Raspberry_Pi/Pico_SDK_v1.5.1/pico-sdk/src/rp2_common/hardware_irq/irq.c.obj
 *fill*         0x10007fb1        0x3 
 .rodata.insert_branch_and_link.str1.4
                0x10007fb4       0x10 CMakeFiles/pusuarios.dir/C_/Program_Files/Raspberry_Pi/Pico_SDK_v1.5.1/pico-sdk/src/rp2_common/hardware_irq/irq.c.obj
 .rodata.irq_set_exclusive_handler.str1.4
                0x10007fc4       0x36 CMakeFiles/pusuarios.dir/C_/Program_Files/Raspberry_Pi/Pico_SDK_v1.5.1/pico-sdk/src/rp2_common/hardware_irq/irq.c.obj
 *fill*         0x10007ffa        0x2 
 .rodata.irq_add_shared_handler.str1.4
                0x10007ffc       0xd9 CMakeFiles/pusuarios.dir/C_/Program_Files/Raspberry_Pi/Pico_SDK_v1.5.1/pico-sdk/src/rp2_common/hardware_irq/irq.c.obj
 *fill*         0x100080d5        0x3 
 .rodata.irq_remove_handler.str1.4
                0x100080d8       0x3a CMakeFiles/pusuarios.dir/C_/Program_Files/Raspberry_Pi/Pico_SDK_v1.5.1/pico-sdk/src/rp2_common/hardware_irq/irq.c.obj
 *fill*         0x10008112        0x2 
 .rodata.irq_add_tail_to_free_list.str1.4
                0x10008114       0x3a CMakeFiles/pusuarios.dir/C_/Program_Files/Raspberry_Pi/Pico_SDK_v1.5.1/pico-sdk/src/rp2_common/hardware_irq/irq.c.obj
 *fill*         0x1000814e        0x2 
 .rodata.user_irq_claim_unused.str1.4
                0x10008150       0x1b CMakeFiles/pusuarios.dir/C_/Program_Files/Raspberry_Pi/Pico_SDK_v1.5.1/pico-sdk/src/rp2_common/hardware_irq/irq.c.obj
 *fill*         0x1000816b        0x1 
 .rodata.__func__.0
                0x1000816c       0x1a CMakeFiles/pusuarios.dir/C_/Program_Files/Raspberry_Pi/Pico_SDK_v1.5.1/pico-sdk/src/rp2_common/hardware_irq/irq.c.obj
 *fill*         0x10008186        0x2 
 .rodata.__func__.1
                0x10008188       0x17 CMakeFiles/pusuarios.dir/C_/Program_Files/Raspberry_Pi/Pico_SDK_v1.5.1/pico-sdk/src/rp2_common/hardware_irq/irq.c.obj
 *fill*         0x1000819f        0x1 
 .rodata.__func__.2
                0x100081a0       0x13 CMakeFiles/pusuarios.dir/C_/Program_Files/Raspberry_Pi/Pico_SDK_v1.5.1/pico-sdk/src/rp2_common/hardware_irq/irq.c.obj
 *fill*         0x100081b3        0x1 
 .rodata.__func__.3
                0x100081b4        0xc CMakeFiles/pusuarios.dir/C_/Program_Files/Raspberry_Pi/Pico_SDK_v1.5.1/pico-sdk/src/rp2_common/hardware_irq/irq.c.obj
 .rodata.__func__.4
                0x100081c0        0xf CMakeFiles/pusuarios.dir/C_/Program_Files/Raspberry_Pi/Pico_SDK_v1.5.1/pico-sdk/src/rp2_common/hardware_irq/irq.c.obj
 *fill*         0x100081cf        0x1 
 .rodata.__func__.5
                0x100081d0       0x17 CMakeFiles/pusuarios.dir/C_/Program_Files/Raspberry_Pi/Pico_SDK_v1.5.1/pico-sdk/src/rp2_common/hardware_irq/irq.c.obj
 *fill*         0x100081e7        0x1 
 .rodata.__func__.6
                0x100081e8       0x1a CMakeFiles/pusuarios.dir/C_/Program_Files/Raspberry_Pi/Pico_SDK_v1.5.1/pico-sdk/src/rp2_common/hardware_irq/irq.c.obj
 *fill*         0x10008202        0x2 
 .rodata.str1.4
                0x10008204       0xa5 CMakeFiles/pusuarios.dir/C_/Program_Files/Raspberry_Pi/Pico_SDK_v1.5.1/pico-sdk/src/common/pico_sync/mutex.c.obj
                                0x125 (size before relaxing)
 *fill*         0x100082a9        0x3 
 .rodata.__func__.1
                0x100082ac        0xb CMakeFiles/pusuarios.dir/C_/Program_Files/Raspberry_Pi/Pico_SDK_v1.5.1/pico-sdk/src/common/pico_sync/mutex.c.obj
 *fill*         0x100082b7        0x1 
 .rodata.__func__.3
                0x100082b8       0x18 CMakeFiles/pusuarios.dir/C_/Program_Files/Raspberry_Pi/Pico_SDK_v1.5.1/pico-sdk/src/common/pico_sync/mutex.c.obj
 .rodata.__func__.4
                0x100082d0       0x15 CMakeFiles/pusuarios.dir/C_/Program_Files/Raspberry_Pi/Pico_SDK_v1.5.1/pico-sdk/src/common/pico_sync/mutex.c.obj
 *fill*         0x100082e5        0x3 
 .rodata.repeating_timer_callback.str1.4
                0x100082e8       0x67 CMakeFiles/pusuarios.dir/C_/Program_Files/Raspberry_Pi/Pico_SDK_v1.5.1/pico-sdk/src/common/pico_time/time.c.obj
 *fill*         0x1000834f        0x1 
 .rodata.timer_pool_entry_comparator.str1.4
                0x10008350       0x22 CMakeFiles/pusuarios.dir/C_/Program_Files/Raspberry_Pi/Pico_SDK_v1.5.1/pico-sdk/src/common/pico_time/time.c.obj
 *fill*         0x10008372        0x2 
 .rodata.ph_add_child_node.str1.4
                0x10008374       0xb2 CMakeFiles/pusuarios.dir/C_/Program_Files/Raspberry_Pi/Pico_SDK_v1.5.1/pico-sdk/src/common/pico_time/time.c.obj
 *fill*         0x10008426        0x2 
 .rodata.add_alarm_under_lock.str1.4
                0x10008428       0x28 CMakeFiles/pusuarios.dir/C_/Program_Files/Raspberry_Pi/Pico_SDK_v1.5.1/pico-sdk/src/common/pico_time/time.c.obj
                                 0x2b (size before relaxing)
 .rodata.alarm_pool_alarm_callback.str1.4
                0x10008450       0x98 CMakeFiles/pusuarios.dir/C_/Program_Files/Raspberry_Pi/Pico_SDK_v1.5.1/pico-sdk/src/common/pico_time/time.c.obj
                                0x118 (size before relaxing)
 .rodata.alarm_pool_get_default.str1.4
                0x100084e8       0x21 CMakeFiles/pusuarios.dir/C_/Program_Files/Raspberry_Pi/Pico_SDK_v1.5.1/pico-sdk/src/common/pico_time/time.c.obj
 *fill*         0x10008509        0x3 
 .rodata.alarm_pool_cancel_alarm.str1.4
                0x1000850c       0x27 CMakeFiles/pusuarios.dir/C_/Program_Files/Raspberry_Pi/Pico_SDK_v1.5.1/pico-sdk/src/common/pico_time/time.c.obj
 *fill*         0x10008533        0x1 
 .rodata.sleep_until.str1.4
                0x10008534       0x4d CMakeFiles/pusuarios.dir/C_/Program_Files/Raspberry_Pi/Pico_SDK_v1.5.1/pico-sdk/src/common/pico_time/time.c.obj
 *fill*         0x10008581        0x3 
 .rodata.__func__.1
                0x10008584       0x18 CMakeFiles/pusuarios.dir/C_/Program_Files/Raspberry_Pi/Pico_SDK_v1.5.1/pico-sdk/src/common/pico_time/time.c.obj
 .rodata.__func__.10
                0x1000859c       0x15 CMakeFiles/pusuarios.dir/C_/Program_Files/Raspberry_Pi/Pico_SDK_v1.5.1/pico-sdk/src/common/pico_time/time.c.obj
 *fill*         0x100085b1        0x3 
 .rodata.__func__.11
                0x100085b4       0x1a CMakeFiles/pusuarios.dir/C_/Program_Files/Raspberry_Pi/Pico_SDK_v1.5.1/pico-sdk/src/common/pico_time/time.c.obj
 *fill*         0x100085ce        0x2 
 .rodata.__func__.12
                0x100085d0        0xa CMakeFiles/pusuarios.dir/C_/Program_Files/Raspberry_Pi/Pico_SDK_v1.5.1/pico-sdk/src/common/pico_time/time.c.obj
 *fill*         0x100085da        0x2 
 .rodata.__func__.3
                0x100085dc       0x17 CMakeFiles/pusuarios.dir/C_/Program_Files/Raspberry_Pi/Pico_SDK_v1.5.1/pico-sdk/src/common/pico_time/time.c.obj
 *fill*         0x100085f3        0x1 
 .rodata.__func__.4
                0x100085f4       0x12 CMakeFiles/pusuarios.dir/C_/Program_Files/Raspberry_Pi/Pico_SDK_v1.5.1/pico-sdk/src/common/pico_time/time.c.obj
 *fill*         0x10008606        0x2 
 .rodata.__func__.5
                0x10008608        0xd CMakeFiles/pusuarios.dir/C_/Program_Files/Raspberry_Pi/Pico_SDK_v1.5.1/pico-sdk/src/common/pico_time/time.c.obj
 *fill*         0x10008615        0x3 
 .rodata.__func__.6
                0x10008618       0x12 CMakeFiles/pusuarios.dir/C_/Program_Files/Raspberry_Pi/Pico_SDK_v1.5.1/pico-sdk/src/common/pico_time/time.c.obj
 *fill*         0x1000862a        0x2 
 .rodata.__func__.7
                0x1000862c        0xf CMakeFiles/pusuarios.dir/C_/Program_Files/Raspberry_Pi/Pico_SDK_v1.5.1/pico-sdk/src/common/pico_time/time.c.obj
 *fill*         0x1000863b        0x1 
 .rodata.__func__.8
                0x1000863c        0xc CMakeFiles/pusuarios.dir/C_/Program_Files/Raspberry_Pi/Pico_SDK_v1.5.1/pico-sdk/src/common/pico_time/time.c.obj
 .rodata.__func__.9
                0x10008648       0x15 CMakeFiles/pusuarios.dir/C_/Program_Files/Raspberry_Pi/Pico_SDK_v1.5.1/pico-sdk/src/common/pico_time/time.c.obj
 *fill*         0x1000865d        0x3 
 .rodata.hardware_alarm_claim.str1.4
                0x10008660       0x22 CMakeFiles/pusuarios.dir/C_/Program_Files/Raspberry_Pi/Pico_SDK_v1.5.1/pico-sdk/src/rp2_common/hardware_timer/timer.c.obj
 *fill*         0x10008682        0x2 
 .rodata.hardware_alarm_set_target.str1.4
                0x10008684       0x81 CMakeFiles/pusuarios.dir/C_/Program_Files/Raspberry_Pi/Pico_SDK_v1.5.1/pico-sdk/src/rp2_common/hardware_timer/timer.c.obj
 *fill*         0x10008705        0x3 
 .rodata.__func__.0
                0x10008708       0x1a CMakeFiles/pusuarios.dir/C_/Program_Files/Raspberry_Pi/Pico_SDK_v1.5.1/pico-sdk/src/rp2_common/hardware_timer/timer.c.obj
 .rodata.ph_add_child_node.str1.4
                0x10008722       0xb2 CMakeFiles/pusuarios.dir/C_/Program_Files/Raspberry_Pi/Pico_SDK_v1.5.1/pico-sdk/src/common/pico_util/pheap.c.obj
 *fill*         0x10008722        0x2 
 .rodata.ph_remove_any_head.str1.4
                0x10008724       0xa8 CMakeFiles/pusuarios.dir/C_/Program_Files/Raspberry_Pi/Pico_SDK_v1.5.1/pico-sdk/src/common/pico_util/pheap.c.obj
                                 0xbc (size before relaxing)
 .rodata.ph_remove_and_free_node.str1.4
                0x100087cc       0x1e CMakeFiles/pusuarios.dir/C_/Program_Files/Raspberry_Pi/Pico_SDK_v1.5.1/pico-sdk/src/common/pico_util/pheap.c.obj
                                 0x26 (size before relaxing)
 *fill*         0x100087ea        0x2 
 .rodata.__func__.0
                0x100087ec       0x18 CMakeFiles/pusuarios.dir/C_/Program_Files/Raspberry_Pi/Pico_SDK_v1.5.1/pico-sdk/src/common/pico_util/pheap.c.obj
 .rodata.__func__.1
                0x10008804       0x13 CMakeFiles/pusuarios.dir/C_/Program_Files/Raspberry_Pi/Pico_SDK_v1.5.1/pico-sdk/src/common/pico_util/pheap.c.obj
 *fill*         0x10008817        0x1 
 .rodata.__func__.2
                0x10008818       0x12 CMakeFiles/pusuarios.dir/C_/Program_Files/Raspberry_Pi/Pico_SDK_v1.5.1/pico-sdk/src/common/pico_util/pheap.c.obj
 *fill*         0x1000882a        0x2 
 .rodata.__func__.3
                0x1000882c        0xc CMakeFiles/pusuarios.dir/C_/Program_Files/Raspberry_Pi/Pico_SDK_v1.5.1/pico-sdk/src/common/pico_util/pheap.c.obj
 .rodata.clock_configure.str1.4
                0x10008838       0x73 CMakeFiles/pusuarios.dir/C_/Program_Files/Raspberry_Pi/Pico_SDK_v1.5.1/pico-sdk/src/rp2_common/hardware_clocks/clocks.c.obj
 *fill*         0x100088ab        0x1 
 .rodata.__func__.1
                0x100088ac       0x10 CMakeFiles/pusuarios.dir/C_/Program_Files/Raspberry_Pi/Pico_SDK_v1.5.1/pico-sdk/src/rp2_common/hardware_clocks/clocks.c.obj
 .rodata.pll_init.str1.4
                0x100088bc      0x140 CMakeFiles/pusuarios.dir/C_/Program_Files/Raspberry_Pi/Pico_SDK_v1.5.1/pico-sdk/src/rp2_common/hardware_pll/pll.c.obj
 .rodata.__func__.0
                0x100089fc        0x9 CMakeFiles/pusuarios.dir/C_/Program_Files/Raspberry_Pi/Pico_SDK_v1.5.1/pico-sdk/src/rp2_common/hardware_pll/pll.c.obj
 *fill*         0x10008a05        0x3 
 .rodata.__assert_func.str1.4
                0x10008a08       0x3f CMakeFiles/pusuarios.dir/C_/Program_Files/Raspberry_Pi/Pico_SDK_v1.5.1/pico-sdk/src/rp2_common/pico_runtime/runtime.c.obj
                                 0x43 (size before relaxing)
 *fill*         0x10008a47        0x1 
 .rodata.runtime_init.str1.4
                0x10008a48       0x7d CMakeFiles/pusuarios.dir/C_/Program_Files/Raspberry_Pi/Pico_SDK_v1.5.1/pico-sdk/src/rp2_common/pico_runtime/runtime.c.obj
 *fill*         0x10008ac5        0x3 
 .rodata.panic.str1.4
                0x10008ac8       0x10 CMakeFiles/pusuarios.dir/C_/Program_Files/Raspberry_Pi/Pico_SDK_v1.5.1/pico-sdk/src/rp2_common/pico_runtime/runtime.c.obj
                                 0x12 (size before relaxing)
 .rodata.__func__.2
                0x10008ad8        0xd CMakeFiles/pusuarios.dir/C_/Program_Files/Raspberry_Pi/Pico_SDK_v1.5.1/pico-sdk/src/rp2_common/pico_runtime/runtime.c.obj
 *fill*         0x10008ae5        0x3 
 .rodata._ftoa.str1.4
                0x10008ae8       0x15 CMakeFiles/pusuarios.dir/C_/Program_Files/Raspberry_Pi/Pico_SDK_v1.5.1/pico-sdk/src/rp2_common/pico_printf/printf.c.obj
 *fill*         0x10008afd        0x3 
 .rodata._vsnprintf
                0x10008b00      0x1e0 CMakeFiles/pusuarios.dir/C_/Program_Files/Raspberry_Pi/Pico_SDK_v1.5.1/pico-sdk/src/rp2_common/pico_printf/printf.c.obj
 .rodata.pow10.0
                0x10008ce0       0x50 CMakeFiles/pusuarios.dir/C_/Program_Files/Raspberry_Pi/Pico_SDK_v1.5.1/pico-sdk/src/rp2_common/pico_printf/printf.c.obj
 .rodata.__aeabi_double_init.str1.4
                0x10008d30       0xb8 CMakeFiles/pusuarios.dir/C_/Program_Files/Raspberry_Pi/Pico_SDK_v1.5.1/pico-sdk/src/rp2_common/pico_double/double_init_rom.c.obj
 .rodata.__func__.0
                0x10008de8       0x14 CMakeFiles/pusuarios.dir/C_/Program_Files/Raspberry_Pi/Pico_SDK_v1.5.1/pico-sdk/src/rp2_common/pico_double/double_init_rom.c.obj
 .rodata.__aeabi_float_init.str1.4
                0x10008dfc       0x96 CMakeFiles/pusuarios.dir/C_/Program_Files/Raspberry_Pi/Pico_SDK_v1.5.1/pico-sdk/src/rp2_common/pico_float/float_init_rom.c.obj
                                 0x9a (size before relaxing)
 *fill*         0x10008e92        0x2 
 .rodata.__func__.0
                0x10008e94       0x13 CMakeFiles/pusuarios.dir/C_/Program_Files/Raspberry_Pi/Pico_SDK_v1.5.1/pico-sdk/src/rp2_common/pico_float/float_init_rom.c.obj
 *fill*         0x10008ea7        0x1 
 .rodata.str1.4
                0x10008ea8       0x40 CMakeFiles/pusuarios.dir/C_/Program_Files/Raspberry_Pi/Pico_SDK_v1.5.1/pico-sdk/src/rp2_common/pico_standard_link/binary_info.c.obj
 .rodata.__bi_44
                0x10008ee8        0xc CMakeFiles/pusuarios.dir/C_/Program_Files/Raspberry_Pi/Pico_SDK_v1.5.1/pico-sdk/src/rp2_common/pico_standard_link/binary_info.c.obj
 .rodata.__bi_75
                0x10008ef4        0xc CMakeFiles/pusuarios.dir/C_/Program_Files/Raspberry_Pi/Pico_SDK_v1.5.1/pico-sdk/src/rp2_common/pico_standard_link/binary_info.c.obj
 .rodata.__bi_81
                0x10008f00        0xc CMakeFiles/pusuarios.dir/C_/Program_Files/Raspberry_Pi/Pico_SDK_v1.5.1/pico-sdk/src/rp2_common/pico_standard_link/binary_info.c.obj
 .rodata.stdout_serialize_begin.str1.4
                0x10008f0c       0x7d CMakeFiles/pusuarios.dir/C_/Program_Files/Raspberry_Pi/Pico_SDK_v1.5.1/pico-sdk/src/rp2_common/pico_stdio/stdio.c.obj
 .rodata.__func__.3
                0x10008f0c       0x15 CMakeFiles/pusuarios.dir/C_/Program_Files/Raspberry_Pi/Pico_SDK_v1.5.1/pico-sdk/src/rp2_common/pico_stdio/stdio.c.obj
 *fill*         0x10008f21        0x3 
 .rodata.crlf_str.2
                0x10008f24        0x2 CMakeFiles/pusuarios.dir/C_/Program_Files/Raspberry_Pi/Pico_SDK_v1.5.1/pico-sdk/src/rp2_common/pico_stdio/stdio.c.obj
 *fill*         0x10008f26        0x2 
 .rodata._resetd_driver
                0x10008f28       0x18 CMakeFiles/pusuarios.dir/C_/Program_Files/Raspberry_Pi/Pico_SDK_v1.5.1/pico-sdk/src/rp2_common/pico_stdio_usb/reset_interface.c.obj
 .rodata.low_priority_worker_irq.str1.4
                0x10008f40       0x7d CMakeFiles/pusuarios.dir/C_/Program_Files/Raspberry_Pi/Pico_SDK_v1.5.1/pico-sdk/src/rp2_common/pico_stdio_usb/stdio_usb.c.obj
 .rodata.stdio_usb_init.str1.4
                0x10008f40       0x61 CMakeFiles/pusuarios.dir/C_/Program_Files/Raspberry_Pi/Pico_SDK_v1.5.1/pico-sdk/src/rp2_common/pico_stdio_usb/stdio_usb.c.obj
                                 0x69 (size before relaxing)
 *fill*         0x10008fa1        0x3 
 .rodata.str1.4
                0x10008fa4       0x13 CMakeFiles/pusuarios.dir/C_/Program_Files/Raspberry_Pi/Pico_SDK_v1.5.1/pico-sdk/src/rp2_common/pico_stdio_usb/stdio_usb.c.obj
 *fill*         0x10008fb7        0x1 
 .rodata.__bi_182.0
                0x10008fb8        0xc CMakeFiles/pusuarios.dir/C_/Program_Files/Raspberry_Pi/Pico_SDK_v1.5.1/pico-sdk/src/rp2_common/pico_stdio_usb/stdio_usb.c.obj
 .rodata.__func__.1
                0x10008fc4        0xf CMakeFiles/pusuarios.dir/C_/Program_Files/Raspberry_Pi/Pico_SDK_v1.5.1/pico-sdk/src/rp2_common/pico_stdio_usb/stdio_usb.c.obj
 *fill*         0x10008fd3        0x1 
 .rodata.__func__.3
                0x10008fd4       0x15 CMakeFiles/pusuarios.dir/C_/Program_Files/Raspberry_Pi/Pico_SDK_v1.5.1/pico-sdk/src/rp2_common/pico_stdio_usb/stdio_usb.c.obj
 *fill*         0x10008fe9        0x3 
 .rodata.str1.4
                0x10008fec       0x2a CMakeFiles/pusuarios.dir/C_/Program_Files/Raspberry_Pi/Pico_SDK_v1.5.1/pico-sdk/src/rp2_common/pico_stdio_usb/stdio_usb_descriptors.c.obj
 *fill*         0x10009016        0x2 
 .rodata.usbd_desc_cfg
                0x10009018       0x54 CMakeFiles/pusuarios.dir/C_/Program_Files/Raspberry_Pi/Pico_SDK_v1.5.1/pico-sdk/src/rp2_common/pico_stdio_usb/stdio_usb_descriptors.c.obj
 .rodata.usbd_desc_device
                0x1000906c       0x12 CMakeFiles/pusuarios.dir/C_/Program_Files/Raspberry_Pi/Pico_SDK_v1.5.1/pico-sdk/src/rp2_common/pico_stdio_usb/stdio_usb_descriptors.c.obj
 *fill*         0x1000907e        0x2 
 .rodata.usbd_desc_str
                0x10009080       0x18 CMakeFiles/pusuarios.dir/C_/Program_Files/Raspberry_Pi/Pico_SDK_v1.5.1/pico-sdk/src/rp2_common/pico_stdio_usb/stdio_usb_descriptors.c.obj
 .rodata.pico_get_unique_board_id_string.str1.4
                0x10009098       0x69 CMakeFiles/pusuarios.dir/C_/Program_Files/Raspberry_Pi/Pico_SDK_v1.5.1/pico-sdk/src/rp2_common/pico_unique_id/unique_id.c.obj
 *fill*         0x10009101        0x3 
 .rodata.__func__.0
                0x10009104       0x20 CMakeFiles/pusuarios.dir/C_/Program_Files/Raspberry_Pi/Pico_SDK_v1.5.1/pico-sdk/src/rp2_common/pico_unique_id/unique_id.c.obj
 .rodata.str1.4
                0x10009124      0x176 CMakeFiles/pusuarios.dir/C_/Program_Files/Raspberry_Pi/Pico_SDK_v1.5.1/pico-sdk/src/rp2_common/hardware_flash/flash.c.obj
 *fill*         0x1000929a        0x2 
 .rodata.__func__.0
                0x1000929c        0xd CMakeFiles/pusuarios.dir/C_/Program_Files/Raspberry_Pi/Pico_SDK_v1.5.1/pico-sdk/src/rp2_common/hardware_flash/flash.c.obj
 *fill*         0x100092a9        0x3 
 .rodata._hw_endpoint_alloc.str1.4
                0x100092ac       0xd1 CMakeFiles/pusuarios.dir/C_/Program_Files/Raspberry_Pi/Pico_SDK_v1.5.1/pico-sdk/lib/tinyusb/src/portable/raspberrypi/rp2040/dcd_rp2040.c.obj
 *fill*         0x1000937d        0x3 
 .rodata.str1.4
                0x10009380       0x14 CMakeFiles/pusuarios.dir/C_/Program_Files/Raspberry_Pi/Pico_SDK_v1.5.1/pico-sdk/lib/tinyusb/src/portable/raspberrypi/rp2040/dcd_rp2040.c.obj
 .rodata.dcd_int_enable.str1.4
                0x10009394        0xc CMakeFiles/pusuarios.dir/C_/Program_Files/Raspberry_Pi/Pico_SDK_v1.5.1/pico-sdk/lib/tinyusb/src/portable/raspberrypi/rp2040/dcd_rp2040.c.obj
 .rodata.__func__.0
                0x100093a0        0xe CMakeFiles/pusuarios.dir/C_/Program_Files/Raspberry_Pi/Pico_SDK_v1.5.1/pico-sdk/lib/tinyusb/src/portable/raspberrypi/rp2040/dcd_rp2040.c.obj
 *fill*         0x100093ae        0x2 
 .rodata.__func__.1
                0x100093b0        0xe CMakeFiles/pusuarios.dir/C_/Program_Files/Raspberry_Pi/Pico_SDK_v1.5.1/pico-sdk/lib/tinyusb/src/portable/raspberrypi/rp2040/dcd_rp2040.c.obj
 *fill*         0x100093be        0x2 
 .rodata.__func__.3
                0x100093c0       0x10 CMakeFiles/pusuarios.dir/C_/Program_Files/Raspberry_Pi/Pico_SDK_v1.5.1/pico-sdk/lib/tinyusb/src/portable/raspberrypi/rp2040/dcd_rp2040.c.obj
 .rodata.__func__.5
                0x100093d0        0xf CMakeFiles/pusuarios.dir/C_/Program_Files/Raspberry_Pi/Pico_SDK_v1.5.1/pico-sdk/lib/tinyusb/src/portable/raspberrypi/rp2040/dcd_rp2040.c.obj
 *fill*         0x100093df        0x1 
 .rodata.__func__.6
                0x100093e0       0x13 CMakeFiles/pusuarios.dir/C_/Program_Files/Raspberry_Pi/Pico_SDK_v1.5.1/pico-sdk/lib/tinyusb/src/portable/raspberrypi/rp2040/dcd_rp2040.c.obj
 *fill*         0x100093f3        0x1 
 .rodata.__func__.7
                0x100093f4        0x9 CMakeFiles/pusuarios.dir/C_/Program_Files/Raspberry_Pi/Pico_SDK_v1.5.1/pico-sdk/lib/tinyusb/src/portable/raspberrypi/rp2040/dcd_rp2040.c.obj
 *fill*         0x100093fd        0x3 
 .rodata.str1.4
                0x10009400      0x103 CMakeFiles/pusuarios.dir/C_/Program_Files/Raspberry_Pi/Pico_SDK_v1.5.1/pico-sdk/lib/tinyusb/src/portable/raspberrypi/rp2040/rp2040_usb.c.obj
 *fill*         0x10009503        0x1 
 .rodata.__func__.0
                0x10009504        0xf CMakeFiles/pusuarios.dir/C_/Program_Files/Raspberry_Pi/Pico_SDK_v1.5.1/pico-sdk/lib/tinyusb/src/portable/raspberrypi/rp2040/rp2040_usb.c.obj
 *fill*         0x10009513        0x1 
 .rodata.process_get_descriptor
                0x10009514       0x40 CMakeFiles/pusuarios.dir/C_/Program_Files/Raspberry_Pi/Pico_SDK_v1.5.1/pico-sdk/lib/tinyusb/src/device/usbd.c.obj
 .rodata.process_control_request
                0x10009554       0x28 CMakeFiles/pusuarios.dir/C_/Program_Files/Raspberry_Pi/Pico_SDK_v1.5.1/pico-sdk/lib/tinyusb/src/device/usbd.c.obj
 .rodata.tud_task_ext
                0x1000957c       0x24 CMakeFiles/pusuarios.dir/C_/Program_Files/Raspberry_Pi/Pico_SDK_v1.5.1/pico-sdk/lib/tinyusb/src/device/usbd.c.obj
 .rodata._usbd_driver
                0x100095a0       0x18 CMakeFiles/pusuarios.dir/C_/Program_Files/Raspberry_Pi/Pico_SDK_v1.5.1/pico-sdk/lib/tinyusb/src/device/usbd.c.obj
                0x100095b8                . = ALIGN (0x4)
 *(SORT_BY_ALIGNMENT(SORT_BY_NAME(.flashdata*)))
                0x100095b8                . = ALIGN (0x4)

.ARM.extab
 *(.ARM.extab* .gnu.linkonce.armextab.*)
                0x100095b8                __exidx_start = .

.ARM.exidx
 *(.ARM.exidx* .gnu.linkonce.armexidx.*)
                0x100095b8                __exidx_end = .
                0x100095b8                . = ALIGN (0x4)
                0x100095b8                __binary_info_start = .

.binary_info    0x100095b8       0x20
 *(.binary_info.keep.*)
 .binary_info.keep.__bi_ptr22
                0x100095b8        0x4 CMakeFiles/pusuarios.dir/C_/Program_Files/Raspberry_Pi/Pico_SDK_v1.5.1/pico-sdk/src/rp2_common/pico_standard_link/binary_info.c.obj
 .binary_info.keep.__bi_ptr30
                0x100095bc        0x4 CMakeFiles/pusuarios.dir/C_/Program_Files/Raspberry_Pi/Pico_SDK_v1.5.1/pico-sdk/src/rp2_common/pico_standard_link/binary_info.c.obj
 .binary_info.keep.__bi_ptr38
                0x100095c0        0x4 CMakeFiles/pusuarios.dir/C_/Program_Files/Raspberry_Pi/Pico_SDK_v1.5.1/pico-sdk/src/rp2_common/pico_standard_link/binary_info.c.obj
 .binary_info.keep.__bi_ptr44
                0x100095c4        0x4 CMakeFiles/pusuarios.dir/C_/Program_Files/Raspberry_Pi/Pico_SDK_v1.5.1/pico-sdk/src/rp2_common/pico_standard_link/binary_info.c.obj
 .binary_info.keep.__bi_ptr50
                0x100095c8        0x4 CMakeFiles/pusuarios.dir/C_/Program_Files/Raspberry_Pi/Pico_SDK_v1.5.1/pico-sdk/src/rp2_common/pico_standard_link/binary_info.c.obj
 .binary_info.keep.__bi_ptr75
                0x100095cc        0x4 CMakeFiles/pusuarios.dir/C_/Program_Files/Raspberry_Pi/Pico_SDK_v1.5.1/pico-sdk/src/rp2_common/pico_standard_link/binary_info.c.obj
 .binary_info.keep.__bi_ptr81
                0x100095d0        0x4 CMakeFiles/pusuarios.dir/C_/Program_Files/Raspberry_Pi/Pico_SDK_v1.5.1/pico-sdk/src/rp2_common/pico_standard_link/binary_info.c.obj
 *(.binary_info.*)
 .binary_info.__bi_ptr182
                0x100095d4        0x4 CMakeFiles/pusuarios.dir/C_/Program_Files/Raspberry_Pi/Pico_SDK_v1.5.1/pico-sdk/src/rp2_common/pico_stdio_usb/stdio_usb.c.obj
                0x100095d8                __binary_info_end = .

.rel.dyn        0x100095d8        0x0
 .rel.iplt      0x100095d8        0x0 c:/progra~1/raspbe~1/picosd~1.1/gcc-ar~1/bin/../lib/gcc/arm-none-eabi/10.3.1/thumb/v6-m/nofp/crtbegin.o
                0x100095d8                . = ALIGN (0x4)

.ram_vector_table
                0x20000000       0xc0
 *(.ram_vector_table)