Archive member included to satisfy reference by file (symbol)

c:/progra~1/raspbe~1/picosd~1.1/gcc-ar~1/bin/../lib/gcc/arm-none-eabi/10.3.1/thumb/v6-m/nofp\libgcc.a(_dvmd_tls.o)
                              CMakeFiles/pusuarios.dir/C_/Program_Files/Raspberry_Pi/Pico_SDK_v1.5.1/pico-sdk/src/rp2_common/pico_divider/divider.S.obj (__aeabi_idiv0)
c:/progra~1/raspbe~1/picosd~1.1/gcc-ar~1/bin/../lib/gcc/arm-none-eabi/10.3.1/../../../../arm-none-eabi/lib/thumb/v6-m/nofp\libg.a(lib_a-calloc.o)
                              CMakeFiles/pusuarios.dir/C_/Program_Files/Raspberry_Pi/Pico_SDK_v1.5.1/pico-sdk/src/rp2_common/pico_malloc/pico_malloc.c.obj (calloc)
c:/progra~1/raspbe~1/picosd~1.1/gcc-ar~1/bin/../lib/gcc/arm-none-eabi/10.3.1/../../../../arm-none-eabi/lib/thumb/v6-m/nofp\libg.a(lib_a-callocr.o)
                              c:/progra~1/raspbe~1/picosd~1.1/gcc-ar~1/bin/../lib/gcc/arm-none-eabi/10.3.1/../../../../arm-none-eabi/lib/thumb/v6-m/nofp\libg.a(lib_a-calloc.o) (_calloc_r)
c:/progra~1/raspbe~1/picosd~1.1/gcc-ar~1/bin/../lib/gcc/arm-none-eabi/10.3.1/../../../../arm-none-eabi/lib/thumb/v6-m/nofp\libg.a(lib_a-errno.o)
                              c:/progra~1/raspbe~1/picosd~1.1/gcc-ar~1/bin/../lib/gcc/arm-none-eabi/10.3.1/../../../../arm-none-eabi/lib/thumb/v6-m/nofp\libg.a(lib_a-callocr.o) (__errno)
c:/progra~1/raspbe~1/picosd~1.1/gcc-ar~1/bin/../lib/gcc/arm-none-eabi/10.3.1/../../../../arm-none-eabi/lib/thumb/v6-m/nofp\libg.a(lib_a-impure.o)
                              c:/progra~1/raspbe~1/picosd~1.1/gcc-ar~1/bin/../lib/gcc/arm-none-eabi/10.3.1/../../../../arm-none-eabi/lib/thumb/v6-m/nofp\libg.a(lib_a-calloc.o) (_impure_ptr)
c:/progra~1/raspbe~1/picosd~1.1/gcc-ar~1/bin/../lib/gcc/arm-none-eabi/10.3.1/../../../../arm-none-eabi/lib/thumb/v6-m/nofp\libg.a(lib_a-init.o)
                              c:/progra~1/raspbe~1/picosd~1.1/gcc-ar~1/bin/../lib/gcc/arm-none-eabi/10.3.1/../../../../arm-none-eabi/lib/thumb/v6-m/nofp/crt0.o (__libc_init_array)
c:/progra~1/raspbe~1/picosd~1.1/gcc-ar~1/bin/../lib/gcc/arm-none-eabi/10.3.1/../../../../arm-none-eabi/lib/thumb/v6-m/nofp\libg.a(lib_a-malloc.o)
                              CMakeFiles/pusuarios.dir/C_/Program_Files/Raspberry_Pi/Pico_SDK_v1.5.1/pico-sdk/src/rp2_common/pico_malloc/pico_malloc.c.obj (malloc)
c:/progra~1/raspbe~1/picosd~1.1/gcc-ar~1/bin/../lib/gcc/arm-none-eabi/10.3.1/../../../../arm-none-eabi/lib/thumb/v6-m/nofp\libg.a(lib_a-mallocr.o)
                              c:/progra~1/raspbe~1/picosd~1.1/gcc-ar~1/bin/../lib/gcc/arm-none-eabi/10.3.1/../../../../arm-none-eabi/lib/thumb/v6-m/nofp\libg.a(lib_a-callocr.o) (_malloc_r)
c:/progra~1/raspbe~1/picosd~1.1/gcc-ar~1/bin/../lib/gcc/arm-none-eabi/10.3.1/../../../../arm-none-eabi/lib/thumb/v6-m/nofp\libg.a(lib_a-mlock.o)
                              c:/progra~1/raspbe~1/picosd~1.1/gcc-ar~1/bin/../lib/gcc/arm-none-eabi/10.3.1/../../../../arm-none-eabi/lib/thumb/v6-m/nofp\libg.a(lib_a-mallocr.o) (__malloc_lock)
c:/progra~1/raspbe~1/picosd~1.1/gcc-ar~1/bin/../lib/gcc/arm-none-eabi/10.3.1/../../../../arm-none-eabi/lib/thumb/v6-m/nofp\libg.a(lib_a-realloc.o)
                              CMakeFiles/pusuarios.dir/C_/Program_Files/Raspberry_Pi/Pico_SDK_v1.5.1/pico-sdk/src/rp2_common/pico_malloc/pico_malloc.c.obj (realloc)
c:/progra~1/raspbe~1/picosd~1.1/gcc-ar~1/bin/../lib/gcc/arm-none-eabi/10.3.1/../../../../arm-none-eabi/lib/thumb/v6-m/nofp\libg.a(lib_a-reallocr.o)
                              c:/progra~1/raspbe~1/picosd~1.1/gcc-ar~1/bin/../lib/gcc/arm-none-eabi/10.3.1/../../../../arm-none-eabi/lib/thumb/v6-m/nofp\libg.a(lib_a-realloc.o) (_realloc_r)
c:/progra~1/raspbe~1/picosd~1.1/gcc-ar~1/bin/../lib/gcc/arm-none-eabi/10.3.1/../../../../arm-none-eabi/lib/thumb/v6-m/nofp\libg.a(lib_a-sbrkr.o)
                              c:/progra~1/raspbe~1/picosd~1.1/gcc-ar~1/bin/../lib/gcc/arm-none-eabi/10.3.1/../../../../arm-none-eabi/lib/thumb/v6-m/nofp\libg.a(lib_a-mallocr.o) (_sbrk_r)
c:/progra~1/raspbe~1/picosd~1.1/gcc-ar~1/bin/../lib/gcc/arm-none-eabi/10.3.1/../../../../arm-none-eabi/lib/thumb/v6-m/nofp\libg.a(lib_a-strcmp.o)
                              CMakeFiles/pusuarios.dir/tcl.c.obj (strcmp)
c:/progra~1/raspbe~1/picosd~1.1/gcc-ar~1/bin/../lib/gcc/arm-none-eabi/10.3.1/../../../../arm-none-eabi/lib/thumb/v6-m/nofp\libg.a(lib_a-strcpy.o)
                              CMakeFiles/pusuarios.dir/tcl.c.obj (strcpy)
c:/progra~1/raspbe~1/picosd~1.1/gcc-ar~1/bin/../lib/gcc/arm-none-eabi/10.3.1/../../../../arm-none-eabi/lib/thumb/v6-m/nofp\libg.a(lib_a-strlen-stub.o)
                              CMakeFiles/pusuarios.dir/C_/Program_Files/Raspberry_Pi/Pico_SDK_v1.5.1/pico-sdk/src/rp2_common/pico_stdio/stdio.c.obj (strlen)
c:/progra~1/raspbe~1/picosd~1.1/gcc-ar~1/bin/../lib/gcc/arm-none-eabi/10.3.1/../../../../arm-none-eabi/lib/thumb/v6-m/nofp\libg.a(lib_a-freer.o)
[...]
Memory Configuration

Name             Origin             Length             Attributes
FLASH            0x10000000         0x00200000         xr
RAM              0x20000000         0x00040000         xrw
SCRATCH_X        0x20040000         0x00001000         xrw
SCRATCH_Y        0x20041000         0x00001000         xrw
*default*        0x00000000         0xffffffff

Linker script and memory map

LOAD c:/progra~1/raspbe~1/picosd~1.1/gcc-ar~1/bin/../lib/gcc/arm-none-eabi/10.3.1/thumb/v6-m/nofp/crti.o
LOAD c:/progra~1/raspbe~1/picosd~1.1/gcc-ar~1/bin/../lib/gcc/arm-none-eabi/10.3.1/thumb/v6-m/nofp/crtbegin.o
LOAD c:/progra~1/raspbe~1/picosd~1.1/gcc-ar~1/bin/../lib/gcc/arm-none-eabi/10.3.1/../../../../arm-none-eabi/lib/thumb/v6-m/nofp/crt0.o

.flash_begin    0x10000000        0x0
                0x10000000                __flash_binary_start = .

.boot2          0x10000000      0x100
                0x10000000                __boot2_start__ = .
 *(.boot2)
 .boot2         0x10000000      0x100 C:\Users\57321\AppData\Local\Temp\cc6VUdek.o
                0x10000100                __boot2_end__ = .
                0x00000001                ASSERT (((__boot2_end__ - __boot2_start__) == 0x100), ERROR: Pico second stage bootloader must be 256 bytes in size)

.text           0x10000100     0x78b8
                0x10000100                __logical_binary_start = .
 *(.vectors)
 .vectors       0x10000100       0xd4 CMakeFiles/pusuarios.dir/C_/Program_Files/Raspberry_Pi/Pico_SDK_v1.5.1/pico-sdk/src/rp2_common/pico_standard_link/crt0.S.obj
                0x10000100                __VECTOR_TABLE
                0x10000100                __vectors
                0x100001c0                isr_invalid
                0x100001c0                __default_isrs_start
                0x100001c2                isr_nmi
                0x100001c4                isr_hardfault
                0x100001c6                isr_svcall
                0x100001c8                isr_pendsv
                0x100001ca                isr_systick
                0x100001cc                isr_irq23
                0x100001cc                isr_irq18
                0x100001cc                isr_irq11
                0x100001cc                isr_irq28
                0x100001cc                isr_irq19
                0x100001cc                isr_irq0
                0x100001cc                isr_irq6
                0x100001cc                isr_irq5
                0x100001cc                isr_irq12
                0x100001cc                isr_irq22
                0x100001cc                isr_irq31
                0x100001cc                isr_irq17
                0x100001cc                isr_irq27
                0x100001cc                isr_irq30
                0x100001cc                isr_irq2
                0x100001cc                isr_irq10
                0x100001cc                isr_irq8
                0x100001cc                isr_irq24
                0x100001cc                isr_irq1
                0x100001cc                isr_irq7
                0x100001cc                isr_irq21
                0x100001cc                isr_irq20
                0x100001cc                isr_irq15
                0x100001cc                isr_irq25
                0x100001cc                isr_irq13
                0x100001cc                __unhandled_user_irq
                0x100001cc                isr_irq4
                0x100001cc                isr_irq16
                0x100001cc                isr_irq29
                0x100001cc                isr_irq26
                0x100001cc                __default_isrs_end
                0x100001cc                isr_irq3
                0x100001cc                isr_irq14
                0x100001cc                isr_irq9
                0x100001d2                unhandled_user_irq_num_in_r0
 *(.binary_info_header)
 .binary_info_header
                0x100001d4       0x14 CMakeFiles/pusuarios.dir/C_/Program_Files/Raspberry_Pi/Pico_SDK_v1.5.1/pico-sdk/src/rp2_common/pico_standard_link/crt0.S.obj
                0x100001e8                __binary_info_header_end = .
 *(.reset)
 .reset         0x100001e8       0xa0 CMakeFiles/pusuarios.dir/C_/Program_Files/Raspberry_Pi/Pico_SDK_v1.5.1/pico-sdk/src/rp2_common/pico_standard_link/crt0.S.obj
                0x100001e8                _entry_point
 .reset         0x10000288       0x30 CMakeFiles/pusuarios.dir/C_/Program_Files/Raspberry_Pi/Pico_SDK_v1.5.1/pico-sdk/src/rp2_common/pico_standard_link/binary_info.c.obj
 *(.init)
 .init          0x100002b8        0x4 c:/progra~1/raspbe~1/picosd~1.1/gcc-ar~1/bin/../lib/gcc/arm-none-eabi/10.3.1/thumb/v6-m/nofp/crti.o
                0x100002b8                _init
 *(EXCLUDE_FILE(*libm.a: *libc.a:*lib_a-mem*.o *libgcc.a:) .text*)
 .text          0x100002bc       0x48 c:/progra~1/raspbe~1/picosd~1.1/gcc-ar~1/bin/../lib/gcc/arm-none-eabi/10.3.1/thumb/v6-m/nofp/crtbegin.o
 .text.get_absolute_time
                0x10000304       0x2c CMakeFiles/pusuarios.dir/main.c.obj
 .text.main     0x10000330       0xd0 CMakeFiles/pusuarios.dir/main.c.obj
                0x10000330                main
 .text.timer_callback
                0x10000400       0x8c CMakeFiles/pusuarios.dir/tcl.c.obj
                0x10000400                timer_callback
 .text.gpio_callback
                0x1000048c       0x98 CMakeFiles/pusuarios.dir/tcl.c.obj
                0x1000048c                gpio_callback
 .text.init_keypad
                0x10000524       0xbc CMakeFiles/pusuarios.dir/tcl.c.obj
                0x10000524                init_keypad
 .text.find_user
                0x100005e0       0x38 CMakeFiles/pusuarios.dir/tcl.c.obj
                0x100005e0                find_user
 .text.reset_state
                0x10000618       0x8c CMakeFiles/pusuarios.dir/tcl.c.obj
                0x10000618                reset_state
 .text.handle_timeout
                0x100006a4       0x1c CMakeFiles/pusuarios.dir/tcl.c.obj
                0x100006a4                handle_timeout
 .text.show_menu
                0x100006c0       0x40 CMakeFiles/pusuarios.dir/tcl.c.obj
                0x100006c0                show_menu
 .text.amount_menu
                0x10000700       0x40 CMakeFiles/pusuarios.dir/tcl.c.obj
                0x10000700                amount_menu
 .text.check_balance
                0x10000740       0x38 CMakeFiles/pusuarios.dir/tcl.c.obj
                0x10000740                check_balance
 .text.process_logged_in_state
                0x10000778       0xa4 CMakeFiles/pusuarios.dir/tcl.c.obj
                0x10000778                process_logged_in_state
 .text.withdraw_money
                0x1000081c       0xc4 CMakeFiles/pusuarios.dir/tcl.c.obj
                0x1000081c                withdraw_money
 .text.amount_selection
                0x100008e0       0x58 CMakeFiles/pusuarios.dir/tcl.c.obj
                0x100008e0                amount_selection
 .text.process_key
                0x10000938      0x284 CMakeFiles/pusuarios.dir/tcl.c.obj
                0x10000938                process_key
 .text.inicialization
                0x10000bbc       0x2c CMakeFiles/pusuarios.dir/s_luminosa.c.obj
                0x10000bbc                inicialization
 .text.led_on_gpio10_5_seconds
                0x10000be8       0x1c CMakeFiles/pusuarios.dir/s_luminosa.c.obj
                0x10000be8                led_on_gpio10_5_seconds
 .text.led_on_gpio11_2_seconds
                0x10000c04       0x18 CMakeFiles/pusuarios.dir/s_luminosa.c.obj
                0x10000c04                led_on_gpio11_2_seconds
 .text.led_on_gpio12_permanently
                0x10000c1c        0xc CMakeFiles/pusuarios.dir/s_luminosa.c.obj
                0x10000c1c                led_on_gpio12_permanently
 .text.led_off_gpio12
                0x10000c28        0xc CMakeFiles/pusuarios.dir/s_luminosa.c.obj
                0x10000c28                led_off_gpio12
 .text.start_blink
                0x10000c34       0x30 CMakeFiles/pusuarios.dir/s_luminosa.c.obj
                0x10000c34                start_blink
 .text.stop_blink
                0x10000c64       0x18 CMakeFiles/pusuarios.dir/s_luminosa.c.obj
                0x10000c64                stop_blink
 .text.update_blink
                0x10000c7c       0x58 CMakeFiles/pusuarios.dir/s_luminosa.c.obj
                0x10000c7c                update_blink
 .text.mov_motors
                0x10000cd4       0x2c CMakeFiles/pusuarios.dir/pwm.c.obj
                0x10000cd4                mov_motors
 .text.gpio_set_function
                0x10000d00       0x30 CMakeFiles/pusuarios.dir/C_/Program_Files/Raspberry_Pi/Pico_SDK_v1.5.1/pico-sdk/src/rp2_common/hardware_gpio/gpio.c.obj
                0x10000d00                gpio_set_function
 .text.gpio_set_pulls
                0x10000d30       0x34 CMakeFiles/pusuarios.dir/C_/Program_Files/Raspberry_Pi/Pico_SDK_v1.5.1/pico-sdk/src/rp2_common/hardware_gpio/gpio.c.obj
                0x10000d30                gpio_set_pulls
 .text.gpio_set_irq_callback
                0x10000d64       0x48 CMakeFiles/pusuarios.dir/C_/Program_Files/Raspberry_Pi/Pico_SDK_v1.5.1/pico-sdk/src/rp2_common/hardware_gpio/gpio.c.obj
                0x10000d64                gpio_set_irq_callback
 .text.gpio_acknowledge_irq
                0x10000dac       0x18 CMakeFiles/pusuarios.dir/C_/Program_Files/Raspberry_Pi/Pico_SDK_v1.5.1/pico-sdk/src/rp2_common/hardware_gpio/gpio.c.obj
                0x10000dac                gpio_acknowledge_irq
 .text._gpio_set_irq_enabled
                0x10000dc4       0x34 CMakeFiles/pusuarios.dir/C_/Program_Files/Raspberry_Pi/Pico_SDK_v1.5.1/pico-sdk/src/rp2_common/hardware_gpio/gpio.c.obj
 .text.gpio_set_irq_enabled
                0x10000df8       0x20 CMakeFiles/pusuarios.dir/C_/Program_Files/Raspberry_Pi/Pico_SDK_v1.5.1/pico-sdk/src/rp2_common/hardware_gpio/gpio.c.obj
                0x10000df8                gpio_set_irq_enabled
 .text.gpio_set_irq_enabled_with_callback
                0x10000e18       0x20 CMakeFiles/pusuarios.dir/C_/Program_Files/Raspberry_Pi/Pico_SDK_v1.5.1/pico-sdk/src/rp2_common/hardware_gpio/gpio.c.obj
                0x10000e18                gpio_set_irq_enabled_with_callback
 .text.gpio_default_irq_handler
                0x10000e38       0x98 CMakeFiles/pusuarios.dir/C_/Program_Files/Raspberry_Pi/Pico_SDK_v1.5.1/pico-sdk/src/rp2_common/hardware_gpio/gpio.c.obj
 .text.gpio_init
                0x10000ed0       0x16 CMakeFiles/pusuarios.dir/C_/Program_Files/Raspberry_Pi/Pico_SDK_v1.5.1/pico-sdk/src/rp2_common/hardware_gpio/gpio.c.obj
                0x10000ed0                gpio_init
 *fill*         0x10000ee6        0x2 
 .text.running_on_fpga
                0x10000ee8       0x14 CMakeFiles/pusuarios.dir/C_/Program_Files/Raspberry_Pi/Pico_SDK_v1.5.1/pico-sdk/src/rp2_common/pico_platform/platform.c.obj
                0x10000ee8                running_on_fpga
 .text.hw_claim_lock
                0x10000efc       0x18 CMakeFiles/pusuarios.dir/C_/Program_Files/Raspberry_Pi/Pico_SDK_v1.5.1/pico-sdk/src/rp2_common/hardware_claim/claim.c.obj
                0x10000efc                hw_claim_lock
 .text.hw_claim_unlock
                0x10000f14       0x14 CMakeFiles/pusuarios.dir/C_/Program_Files/Raspberry_Pi/Pico_SDK_v1.5.1/pico-sdk/src/rp2_common/hardware_claim/claim.c.obj
                0x10000f14                hw_claim_unlock
 .text.hw_claim_or_assert
                0x10000f28       0x32 CMakeFiles/pusuarios.dir/C_/Program_Files/Raspberry_Pi/Pico_SDK_v1.5.1/pico-sdk/src/rp2_common/hardware_claim/claim.c.obj
                0x10000f28                hw_claim_or_assert
 .text.hw_claim_unused_from_range
                0x10000f5a       0x50 CMakeFiles/pusuarios.dir/C_/Program_Files/Raspberry_Pi/Pico_SDK_v1.5.1/pico-sdk/src/rp2_common/hardware_claim/claim.c.obj
                0x10000f5a                hw_claim_unused_from_range
 *fill*         0x10000faa        0x2 
 .text.spin_locks_reset
                0x10000fac       0x20 CMakeFiles/pusuarios.dir/C_/Program_Files/Raspberry_Pi/Pico_SDK_v1.5.1/pico-sdk/src/rp2_common/hardware_sync/sync.c.obj
                0x10000fac                spin_locks_reset
 .text.next_striped_spin_lock_num
                0x10000fcc       0x1c CMakeFiles/pusuarios.dir/C_/Program_Files/Raspberry_Pi/Pico_SDK_v1.5.1/pico-sdk/src/rp2_common/hardware_sync/sync.c.obj
                0x10000fcc                next_striped_spin_lock_num
 .text.spin_lock_claim_unused
                0x10000fe8       0x20 CMakeFiles/pusuarios.dir/C_/Program_Files/Raspberry_Pi/Pico_SDK_v1.5.1/pico-sdk/src/rp2_common/hardware_sync/sync.c.obj
                0x10000fe8                spin_lock_claim_unused
 .text.set_raw_irq_handler_and_unlock
                0x10001008       0x28 CMakeFiles/pusuarios.dir/C_/Program_Files/Raspberry_Pi/Pico_SDK_v1.5.1/pico-sdk/src/rp2_common/hardware_irq/irq.c.obj
 .text.make_branch
                0x10001030       0x48 CMakeFiles/pusuarios.dir/C_/Program_Files/Raspberry_Pi/Pico_SDK_v1.5.1/pico-sdk/src/rp2_common/hardware_irq/irq.c.obj
 .text.insert_branch_and_link
                0x10001078       0x40 CMakeFiles/pusuarios.dir/C_/Program_Files/Raspberry_Pi/Pico_SDK_v1.5.1/pico-sdk/src/rp2_common/hardware_irq/irq.c.obj
 .text.irq_is_enabled
                0x100010b8       0x18 CMakeFiles/pusuarios.dir/C_/Program_Files/Raspberry_Pi/Pico_SDK_v1.5.1/pico-sdk/src/rp2_common/hardware_irq/irq.c.obj
                0x100010b8                irq_is_enabled
 .text.irq_set_mask_enabled
                0x100010d0       0x20 CMakeFiles/pusuarios.dir/C_/Program_Files/Raspberry_Pi/Pico_SDK_v1.5.1/pico-sdk/src/rp2_common/hardware_irq/irq.c.obj
                0x100010d0                irq_set_mask_enabled
 .text.irq_set_enabled
                0x100010f0        0xe CMakeFiles/pusuarios.dir/C_/Program_Files/Raspberry_Pi/Pico_SDK_v1.5.1/pico-sdk/src/rp2_common/hardware_irq/irq.c.obj
                0x100010f0                irq_set_enabled
 *fill*         0x100010fe        0x2 
 .text.irq_set_pending
                0x10001100       0x10 CMakeFiles/pusuarios.dir/C_/Program_Files/Raspberry_Pi/Pico_SDK_v1.5.1/pico-sdk/src/rp2_common/hardware_irq/irq.c.obj
                0x10001100                irq_set_pending
 .text.irq_get_vtable_handler
                0x10001110       0x10 CMakeFiles/pusuarios.dir/C_/Program_Files/Raspberry_Pi/Pico_SDK_v1.5.1/pico-sdk/src/rp2_common/hardware_irq/irq.c.obj
                0x10001110                irq_get_vtable_handler
 .text.irq_has_shared_handler
                0x10001120       0x24 CMakeFiles/pusuarios.dir/C_/Program_Files/Raspberry_Pi/Pico_SDK_v1.5.1/pico-sdk/src/rp2_common/hardware_irq/irq.c.obj
                0x10001120                irq_has_shared_handler
 .text.irq_set_exclusive_handler
                0x10001144       0x54 CMakeFiles/pusuarios.dir/C_/Program_Files/Raspberry_Pi/Pico_SDK_v1.5.1/pico-sdk/src/rp2_common/hardware_irq/irq.c.obj
                0x10001144                irq_set_exclusive_handler
 .text.irq_add_shared_handler
                0x10001198      0x234 CMakeFiles/pusuarios.dir/C_/Program_Files/Raspberry_Pi/Pico_SDK_v1.5.1/pico-sdk/src/rp2_common/hardware_irq/irq.c.obj
                0x10001198                irq_add_shared_handler
 .text.irq_remove_handler
                0x100013cc      0x1ac CMakeFiles/pusuarios.dir/C_/Program_Files/Raspberry_Pi/Pico_SDK_v1.5.1/pico-sdk/src/rp2_common/hardware_irq/irq.c.obj
                0x100013cc                irq_remove_handler
 .text.irq_add_tail_to_free_list
                0x10001578       0xf0 CMakeFiles/pusuarios.dir/C_/Program_Files/Raspberry_Pi/Pico_SDK_v1.5.1/pico-sdk/src/rp2_common/hardware_irq/irq.c.obj
                0x10001578                irq_add_tail_to_free_list
 .text.irq_init_priorities
                0x10001668       0x1c CMakeFiles/pusuarios.dir/C_/Program_Files/Raspberry_Pi/Pico_SDK_v1.5.1/pico-sdk/src/rp2_common/hardware_irq/irq.c.obj
                0x10001668                irq_init_priorities
 .text.user_irq_claim_unused
                0x10001684       0x28 CMakeFiles/pusuarios.dir/C_/Program_Files/Raspberry_Pi/Pico_SDK_v1.5.1/pico-sdk/src/rp2_common/hardware_irq/irq.c.obj
                0x10001684                user_irq_claim_unused
 .text.lock_init
                0x100016ac       0x10 CMakeFiles/pusuarios.dir/C_/Program_Files/Raspberry_Pi/Pico_SDK_v1.5.1/pico-sdk/src/common/pico_sync/lock_core.c.obj
                0x100016ac                lock_init
 .text.mutex_init
                0x100016bc       0x1a CMakeFiles/pusuarios.dir/C_/Program_Files/Raspberry_Pi/Pico_SDK_v1.5.1/pico-sdk/src/common/pico_sync/mutex.c.obj
                0x100016bc                mutex_init
 .text.recursive_mutex_init
                0x100016d6       0x1e CMakeFiles/pusuarios.dir/C_/Program_Files/Raspberry_Pi/Pico_SDK_v1.5.1/pico-sdk/src/common/pico_sync/mutex.c.obj
                0x100016d6                recursive_mutex_init
 .text.critical_section_init_with_lock_num
                0x100016f4       0x14 CMakeFiles/pusuarios.dir/C_/Program_Files/Raspberry_Pi/Pico_SDK_v1.5.1/pico-sdk/src/common/pico_sync/critical_section.c.obj
                0x100016f4                critical_section_init_with_lock_num
 .text.critical_section_init
                0x10001708       0x14 CMakeFiles/pusuarios.dir/C_/Program_Files/Raspberry_Pi/Pico_SDK_v1.5.1/pico-sdk/src/common/pico_sync/critical_section.c.obj
                0x10001708                critical_section_init
 .text.alarm_pool_post_alloc_init
                0x1000171c       0x40 CMakeFiles/pusuarios.dir/C_/Program_Files/Raspberry_Pi/Pico_SDK_v1.5.1/pico-sdk/src/common/pico_time/time.c.obj
 .text.sleep_until_callback
                0x1000175c       0x30 CMakeFiles/pusuarios.dir/C_/Program_Files/Raspberry_Pi/Pico_SDK_v1.5.1/pico-sdk/src/common/pico_time/time.c.obj
 .text.timer_pool_entry_comparator
                0x1000178c       0x7c CMakeFiles/pusuarios.dir/C_/Program_Files/Raspberry_Pi/Pico_SDK_v1.5.1/pico-sdk/src/common/pico_time/time.c.obj
                0x1000178c                timer_pool_entry_comparator
 .text.ph_add_child_node
                0x10001808       0xa4 CMakeFiles/pusuarios.dir/C_/Program_Files/Raspberry_Pi/Pico_SDK_v1.5.1/pico-sdk/src/common/pico_time/time.c.obj
 .text.ph_merge_nodes
                0x100018ac       0x3e CMakeFiles/pusuarios.dir/C_/Program_Files/Raspberry_Pi/Pico_SDK_v1.5.1/pico-sdk/src/common/pico_time/time.c.obj
 *fill*         0x100018ea        0x2 
 .text.add_alarm_under_lock
                0x100018ec      0x174 CMakeFiles/pusuarios.dir/C_/Program_Files/Raspberry_Pi/Pico_SDK_v1.5.1/pico-sdk/src/common/pico_time/time.c.obj
 .text.alarm_pool_alarm_callback
                0x10001a60      0x33c CMakeFiles/pusuarios.dir/C_/Program_Files/Raspberry_Pi/Pico_SDK_v1.5.1/pico-sdk/src/common/pico_time/time.c.obj
 .text.alarm_pool_init_default
                0x10001d9c       0x40 CMakeFiles/pusuarios.dir/C_/Program_Files/Raspberry_Pi/Pico_SDK_v1.5.1/pico-sdk/src/common/pico_time/time.c.obj
                0x10001d9c                alarm_pool_init_default
 .text.alarm_pool_get_default
                0x10001ddc       0x2c CMakeFiles/pusuarios.dir/C_/Program_Files/Raspberry_Pi/Pico_SDK_v1.5.1/pico-sdk/src/common/pico_time/time.c.obj
                0x10001ddc                alarm_pool_get_default
 .text.alarm_pool_add_alarm_at
                0x10001e08      0x168 CMakeFiles/pusuarios.dir/C_/Program_Files/Raspberry_Pi/Pico_SDK_v1.5.1/pico-sdk/src/common/pico_time/time.c.obj
                0x10001e08                alarm_pool_add_alarm_at
 .text.alarm_pool_cancel_alarm
                0x10001f70       0xf8 CMakeFiles/pusuarios.dir/C_/Program_Files/Raspberry_Pi/Pico_SDK_v1.5.1/pico-sdk/src/common/pico_time/time.c.obj
                0x10001f70                alarm_pool_cancel_alarm
 .text.alarm_pool_core_num
                0x10002068        0x4 CMakeFiles/pusuarios.dir/C_/Program_Files/Raspberry_Pi/Pico_SDK_v1.5.1/pico-sdk/src/common/pico_time/time.c.obj
                0x10002068                alarm_pool_core_num
 .text.sleep_until
                0x1000206c       0xfc CMakeFiles/pusuarios.dir/C_/Program_Files/Raspberry_Pi/Pico_SDK_v1.5.1/pico-sdk/src/common/pico_time/time.c.obj
                0x1000206c                sleep_until
 .text.sleep_us
                0x10002168       0x58 CMakeFiles/pusuarios.dir/C_/Program_Files/Raspberry_Pi/Pico_SDK_v1.5.1/pico-sdk/src/common/pico_time/time.c.obj
                0x10002168                sleep_us
 .text.sleep_ms
                0x100021c0       0x14 CMakeFiles/pusuarios.dir/C_/Program_Files/Raspberry_Pi/Pico_SDK_v1.5.1/pico-sdk/src/common/pico_time/time.c.obj
                0x100021c0                sleep_ms
 .text.best_effort_wfe_or_timeout
                0x100021d4       0xac CMakeFiles/pusuarios.dir/C_/Program_Files/Raspberry_Pi/Pico_SDK_v1.5.1/pico-sdk/src/common/pico_time/time.c.obj
                0x100021d4                best_effort_wfe_or_timeout
 .text.hardware_alarm_irq_handler
                0x10002280       0x90 CMakeFiles/pusuarios.dir/C_/Program_Files/Raspberry_Pi/Pico_SDK_v1.5.1/pico-sdk/src/rp2_common/hardware_timer/timer.c.obj
 .text.hardware_alarm_claim
                0x10002310       0x18 CMakeFiles/pusuarios.dir/C_/Program_Files/Raspberry_Pi/Pico_SDK_v1.5.1/pico-sdk/src/rp2_common/hardware_timer/timer.c.obj
                0x10002310                hardware_alarm_claim
 .text.time_us_64
                0x10002328       0x18 CMakeFiles/pusuarios.dir/C_/Program_Files/Raspberry_Pi/Pico_SDK_v1.5.1/pico-sdk/src/rp2_common/hardware_timer/timer.c.obj
                0x10002328                time_us_64
 .text.busy_wait_until
                0x10002340       0x28 CMakeFiles/pusuarios.dir/C_/Program_Files/Raspberry_Pi/Pico_SDK_v1.5.1/pico-sdk/src/rp2_common/hardware_timer/timer.c.obj
                0x10002340                busy_wait_until
 .text.hardware_alarm_set_callback
                0x10002368       0x90 CMakeFiles/pusuarios.dir/C_/Program_Files/Raspberry_Pi/Pico_SDK_v1.5.1/pico-sdk/src/rp2_common/hardware_timer/timer.c.obj
                0x10002368                hardware_alarm_set_callback
 .text.hardware_alarm_set_target
                0x100023f8       0xe8 CMakeFiles/pusuarios.dir/C_/Program_Files/Raspberry_Pi/Pico_SDK_v1.5.1/pico-sdk/src/rp2_common/hardware_timer/timer.c.obj
                0x100023f8                hardware_alarm_set_target
 .text.hardware_alarm_cancel
                0x100024e0       0x40 CMakeFiles/pusuarios.dir/C_/Program_Files/Raspberry_Pi/Pico_SDK_v1.5.1/pico-sdk/src/rp2_common/hardware_timer/timer.c.obj
                0x100024e0                hardware_alarm_cancel
 .text.ph_add_child_node
                0x10002520       0xa4 CMakeFiles/pusuarios.dir/C_/Program_Files/Raspberry_Pi/Pico_SDK_v1.5.1/pico-sdk/src/common/pico_util/pheap.c.obj
 .text.ph_merge_nodes
                0x100025c4       0x3e CMakeFiles/pusuarios.dir/C_/Program_Files/Raspberry_Pi/Pico_SDK_v1.5.1/pico-sdk/src/common/pico_util/pheap.c.obj
 *fill*         0x10002602        0x2 
 .text.ph_clear
                0x10002604       0x70 CMakeFiles/pusuarios.dir/C_/Program_Files/Raspberry_Pi/Pico_SDK_v1.5.1/pico-sdk/src/common/pico_util/pheap.c.obj
                0x10002604                ph_clear
 .text.ph_post_alloc_init
                0x10002674        0xe CMakeFiles/pusuarios.dir/C_/Program_Files/Raspberry_Pi/Pico_SDK_v1.5.1/pico-sdk/src/common/pico_util/pheap.c.obj
                0x10002674                ph_post_alloc_init
 *fill*         0x10002682        0x2 
 .text.ph_merge_two_pass
                0x10002684       0xa8 CMakeFiles/pusuarios.dir/C_/Program_Files/Raspberry_Pi/Pico_SDK_v1.5.1/pico-sdk/src/common/pico_util/pheap.c.obj
                0x10002684                ph_merge_two_pass
 .text.ph_remove_any_head
                0x1000272c      0x128 CMakeFiles/pusuarios.dir/C_/Program_Files/Raspberry_Pi/Pico_SDK_v1.5.1/pico-sdk/src/common/pico_util/pheap.c.obj
 .text.ph_remove_head
                0x10002854       0x14 CMakeFiles/pusuarios.dir/C_/Program_Files/Raspberry_Pi/Pico_SDK_v1.5.1/pico-sdk/src/common/pico_util/pheap.c.obj
                0x10002854                ph_remove_head
 .text.ph_remove_and_free_node
                0x10002868       0xf8 CMakeFiles/pusuarios.dir/C_/Program_Files/Raspberry_Pi/Pico_SDK_v1.5.1/pico-sdk/src/common/pico_util/pheap.c.obj
                0x10002868                ph_remove_and_free_node
 .text.clock_configure
                0x10002960      0x108 CMakeFiles/pusuarios.dir/C_/Program_Files/Raspberry_Pi/Pico_SDK_v1.5.1/pico-sdk/src/rp2_common/hardware_clocks/clocks.c.obj
                0x10002960                clock_configure
 .text.clocks_init
                0x10002a68      0x100 CMakeFiles/pusuarios.dir/C_/Program_Files/Raspberry_Pi/Pico_SDK_v1.5.1/pico-sdk/src/rp2_common/hardware_clocks/clocks.c.obj
                0x10002a68                clocks_init
 .text.pll_init
                0x10002b68      0x120 CMakeFiles/pusuarios.dir/C_/Program_Files/Raspberry_Pi/Pico_SDK_v1.5.1/pico-sdk/src/rp2_common/hardware_pll/pll.c.obj
                0x10002b68                pll_init
 .text.watchdog_start_tick
                0x10002c88       0x10 CMakeFiles/pusuarios.dir/C_/Program_Files/Raspberry_Pi/Pico_SDK_v1.5.1/pico-sdk/src/rp2_common/hardware_watchdog/watchdog.c.obj
                0x10002c88                watchdog_start_tick
 .text.watchdog_update
                0x10002c98       0x14 CMakeFiles/pusuarios.dir/C_/Program_Files/Raspberry_Pi/Pico_SDK_v1.5.1/pico-sdk/src/rp2_common/hardware_watchdog/watchdog.c.obj
                0x10002c98                watchdog_update
 .text._watchdog_enable
                0x10002cac       0x78 CMakeFiles/pusuarios.dir/C_/Program_Files/Raspberry_Pi/Pico_SDK_v1.5.1/pico-sdk/src/rp2_common/hardware_watchdog/watchdog.c.obj
                0x10002cac                _watchdog_enable
 .text.watchdog_reboot
                0x10002d24       0x48 CMakeFiles/pusuarios.dir/C_/Program_Files/Raspberry_Pi/Pico_SDK_v1.5.1/pico-sdk/src/rp2_common/hardware_watchdog/watchdog.c.obj
                0x10002d24                watchdog_reboot
 .text.xosc_init
                0x10002d6c       0x28 CMakeFiles/pusuarios.dir/C_/Program_Files/Raspberry_Pi/Pico_SDK_v1.5.1/pico-sdk/src/rp2_common/hardware_xosc/xosc.c.obj
                0x10002d6c                xosc_init
 .text._exit    0x10002d94        0x4 CMakeFiles/pusuarios.dir/C_/Program_Files/Raspberry_Pi/Pico_SDK_v1.5.1/pico-sdk/src/rp2_common/pico_runtime/runtime.c.obj
                0x10002d94                _exit
 .text.exit     0x10002d98        0x6 CMakeFiles/pusuarios.dir/C_/Program_Files/Raspberry_Pi/Pico_SDK_v1.5.1/pico-sdk/src/rp2_common/pico_runtime/runtime.c.obj
                0x10002d98                exit
 *fill*         0x10002d9e        0x2 
 .text.__assert_func
                0x10002da0       0x3c CMakeFiles/pusuarios.dir/C_/Program_Files/Raspberry_Pi/Pico_SDK_v1.5.1/pico-sdk/src/rp2_common/pico_runtime/runtime.c.obj
                0x10002da0                __assert_func
 .text.runtime_init
                0x10002ddc       0xf8 CMakeFiles/pusuarios.dir/C_/Program_Files/Raspberry_Pi/Pico_SDK_v1.5.1/pico-sdk/src/rp2_common/pico_runtime/runtime.c.obj
                0x10002ddc                runtime_init
 .text.panic    0x10002ed4       0x30 CMakeFiles/pusuarios.dir/C_/Program_Files/Raspberry_Pi/Pico_SDK_v1.5.1/pico-sdk/src/rp2_common/pico_runtime/runtime.c.obj
                0x10002ed4                panic
 .text._out_null
                0x10002f04        0x2 CMakeFiles/pusuarios.dir/C_/Program_Files/Raspberry_Pi/Pico_SDK_v1.5.1/pico-sdk/src/rp2_common/pico_printf/printf.c.obj
 .text._out_fct
                0x10002f06        0xe CMakeFiles/pusuarios.dir/C_/Program_Files/Raspberry_Pi/Pico_SDK_v1.5.1/pico-sdk/src/rp2_common/pico_printf/printf.c.obj
 .text._atoi    0x10002f14       0x24 CMakeFiles/pusuarios.dir/C_/Program_Files/Raspberry_Pi/Pico_SDK_v1.5.1/pico-sdk/src/rp2_common/pico_printf/printf.c.obj
 .text._out_rev
                0x10002f38       0xae CMakeFiles/pusuarios.dir/C_/Program_Files/Raspberry_Pi/Pico_SDK_v1.5.1/pico-sdk/src/rp2_common/pico_printf/printf.c.obj
 .text._ntoa_format
                0x10002fe6      0x112 CMakeFiles/pusuarios.dir/C_/Program_Files/Raspberry_Pi/Pico_SDK_v1.5.1/pico-sdk/src/rp2_common/pico_printf/printf.c.obj
 .text._ntoa_long
                0x100030f8       0xbc CMakeFiles/pusuarios.dir/C_/Program_Files/Raspberry_Pi/Pico_SDK_v1.5.1/pico-sdk/src/rp2_common/pico_printf/printf.c.obj
 .text._ntoa_long_long
                0x100031b4       0xe2 CMakeFiles/pusuarios.dir/C_/Program_Files/Raspberry_Pi/Pico_SDK_v1.5.1/pico-sdk/src/rp2_common/pico_printf/printf.c.obj
 *fill*         0x10003296        0x2 
 .text._etoa    0x10003298      0x414 CMakeFiles/pusuarios.dir/C_/Program_Files/Raspberry_Pi/Pico_SDK_v1.5.1/pico-sdk/src/rp2_common/pico_printf/printf.c.obj
 .text._ftoa    0x100036ac      0x354 CMakeFiles/pusuarios.dir/C_/Program_Files/Raspberry_Pi/Pico_SDK_v1.5.1/pico-sdk/src/rp2_common/pico_printf/printf.c.obj
 .text._vsnprintf
                0x10003a00      0x624 CMakeFiles/pusuarios.dir/C_/Program_Files/Raspberry_Pi/Pico_SDK_v1.5.1/pico-sdk/src/rp2_common/pico_printf/printf.c.obj
 .text.vfctprintf
                0x10004024       0x20 CMakeFiles/pusuarios.dir/C_/Program_Files/Raspberry_Pi/Pico_SDK_v1.5.1/pico-sdk/src/rp2_common/pico_printf/printf.c.obj
                0x10004024                vfctprintf
 .text          0x10004044       0x10 CMakeFiles/pusuarios.dir/C_/Program_Files/Raspberry_Pi/Pico_SDK_v1.5.1/pico-sdk/src/rp2_common/pico_bit_ops/bit_ops_aeabi.S.obj
 .text.rom_func_lookup
                0x10004054       0x10 CMakeFiles/pusuarios.dir/C_/Program_Files/Raspberry_Pi/Pico_SDK_v1.5.1/pico-sdk/src/rp2_common/pico_bootrom/bootrom.c.obj
                0x10004054                rom_func_lookup
 .text.rom_data_lookup
                0x10004064       0x10 CMakeFiles/pusuarios.dir/C_/Program_Files/Raspberry_Pi/Pico_SDK_v1.5.1/pico-sdk/src/rp2_common/pico_bootrom/bootrom.c.obj
                0x10004064                rom_data_lookup
 .text.rom_funcs_lookup
                0x10004074       0x36 CMakeFiles/pusuarios.dir/C_/Program_Files/Raspberry_Pi/Pico_SDK_v1.5.1/pico-sdk/src/rp2_common/pico_bootrom/bootrom.c.obj
                0x10004074                rom_funcs_lookup
 *fill*         0x100040aa        0x2 
 .text.__wrap___aeabi_idiv
                0x100040ac       0x50 CMakeFiles/pusuarios.dir/C_/Program_Files/Raspberry_Pi/Pico_SDK_v1.5.1/pico-sdk/src/rp2_common/pico_divider/divider.S.obj
                0x100040ac                __wrap___aeabi_idivmod
                0x100040ac                divmod_s32s32
                0x100040ac                div_s32s32
                0x100040ac                __wrap___aeabi_idiv
                0x100040b4                divmod_s32s32_unsafe
                0x100040e0                divmod_s32s32_savestate
 .text.__wrap___aeabi_uidiv
                0x100040fc       0x4c CMakeFiles/pusuarios.dir/C_/Program_Files/Raspberry_Pi/Pico_SDK_v1.5.1/pico-sdk/src/rp2_common/pico_divider/divider.S.obj
                0x100040fc                __wrap___aeabi_uidiv
                0x100040fc                __wrap___aeabi_uidivmod
                0x100040fc                div_u32u32
                0x100040fc                divmod_u32u32
                0x10004104                divmod_u32u32_unsafe
                0x1000412c                divmod_u32u32_savestate
 .text.__wrap___aeabi_ldiv
                0x10004148      0x424 CMakeFiles/pusuarios.dir/C_/Program_Files/Raspberry_Pi/Pico_SDK_v1.5.1/pico-sdk/src/rp2_common/pico_divider/divider.S.obj
                0x10004148                div_s64s64
                0x10004148                divmod_s64s64
                0x10004148                __wrap___aeabi_ldivmod
                0x10004178                divmod_u64u64
                0x10004178                div_u64u64
                0x10004178                __wrap___aeabi_uldivmod
                0x10004188                divmod_u64u64_savestate
                0x100041a8                divmod_s64s64_unsafe
                0x10004230                divmod_u64u64_unsafe
 .text.__wrap___aeabi_darithmetic
                0x1000456c       0x80 CMakeFiles/pusuarios.dir/C_/Program_Files/Raspberry_Pi/Pico_SDK_v1.5.1/pico-sdk/src/rp2_common/pico_double/double_aeabi.S.obj
                0x1000456c                __wrap___aeabi_drsub
                0x10004572                __wrap___aeabi_dsub
                0x10004584                __wrap___aeabi_dadd
                0x10004596                __wrap___aeabi_ddiv
                0x100045d2                __wrap___aeabi_dmul
 .text.__wrap___aeabi_cdcmple
                0x100045ec       0x6c CMakeFiles/pusuarios.dir/C_/Program_Files/Raspberry_Pi/Pico_SDK_v1.5.1/pico-sdk/src/rp2_common/pico_double/double_aeabi.S.obj
                0x100045ec                __wrap___aeabi_cdrcmple
                0x100045fc                __wrap___aeabi_cdcmpeq
                0x100045fc                __wrap___aeabi_cdcmple
 .text.__wrap___aeabi_dcmplt
                0x10004658        0xc CMakeFiles/pusuarios.dir/C_/Program_Files/Raspberry_Pi/Pico_SDK_v1.5.1/pico-sdk/src/rp2_common/pico_double/double_aeabi.S.obj
                0x10004658                __wrap___aeabi_dcmplt
 .text.__wrap___aeabi_dcmple
                0x10004664       0x10 CMakeFiles/pusuarios.dir/C_/Program_Files/Raspberry_Pi/Pico_SDK_v1.5.1/pico-sdk/src/rp2_common/pico_double/double_aeabi.S.obj
                0x10004664                __wrap___aeabi_dcmple
 .text.__wrap___aeabi_dcmpge
                0x10004674       0x10 CMakeFiles/pusuarios.dir/C_/Program_Files/Raspberry_Pi/Pico_SDK_v1.5.1/pico-sdk/src/rp2_common/pico_double/double_aeabi.S.obj
                0x10004674                __wrap___aeabi_dcmpge
 .text.__wrap___aeabi_dcmpgt
                0x10004684        0xa CMakeFiles/pusuarios.dir/C_/Program_Files/Raspberry_Pi/Pico_SDK_v1.5.1/pico-sdk/src/rp2_common/pico_double/double_aeabi.S.obj
                0x10004684                __wrap___aeabi_dcmpgt
 .text.__wrap___aeabi_dcmpun
                0x1000468e       0x1c CMakeFiles/pusuarios.dir/C_/Program_Files/Raspberry_Pi/Pico_SDK_v1.5.1/pico-sdk/src/rp2_common/pico_double/double_aeabi.S.obj
                0x1000468e                __wrap___aeabi_dcmpun
 *fill*         0x100046aa        0x2 
 .text.__wrap___aeabi_i2d
                0x100046ac       0x38 CMakeFiles/pusuarios.dir/C_/Program_Files/Raspberry_Pi/Pico_SDK_v1.5.1/pico-sdk/src/rp2_common/pico_double/double_aeabi.S.obj
                0x100046ac                __wrap___aeabi_ui2d
                0x100046b4                __wrap___aeabi_i2d
 .text.__wrap___aeabi_d2iz
                0x100046e4       0x48 CMakeFiles/pusuarios.dir/C_/Program_Files/Raspberry_Pi/Pico_SDK_v1.5.1/pico-sdk/src/rp2_common/pico_double/double_aeabi.S.obj
                0x100046e4                double2int_z
                0x100046e4                __wrap___aeabi_d2iz
 .text.__wrap___aeabi_d2uiz
                0x1000472c       0x18 CMakeFiles/pusuarios.dir/C_/Program_Files/Raspberry_Pi/Pico_SDK_v1.5.1/pico-sdk/src/rp2_common/pico_double/double_aeabi.S.obj
                0x1000472c                __wrap___aeabi_d2uiz
                0x1000472c                double2uint
 .text.__aeabi_double_init
                0x10004744       0xc8 CMakeFiles/pusuarios.dir/C_/Program_Files/Raspberry_Pi/Pico_SDK_v1.5.1/pico-sdk/src/rp2_common/pico_double/double_init_rom.c.obj
                0x10004744                __aeabi_double_init
 .text.double_table_shim_on_use_helper
                0x1000480c       0x34 CMakeFiles/pusuarios.dir/C_/Program_Files/Raspberry_Pi/Pico_SDK_v1.5.1/pico-sdk/src/rp2_common/pico_double/double_v1_rom_shim.S.obj
                0x1000480c                double_table_shim_on_use_helper
 .text.__wrap___aeabi_dsub
                0x10004840       0x10 CMakeFiles/pusuarios.dir/C_/Program_Files/Raspberry_Pi/Pico_SDK_v1.5.1/pico-sdk/src/rp2_common/pico_double/double_v1_rom_shim.S.obj
                0x10004840                drsub_shim
                0x10004846                dsub_shim
 .text.dadd_shim
                0x10004850      0x15c CMakeFiles/pusuarios.dir/C_/Program_Files/Raspberry_Pi/Pico_SDK_v1.5.1/pico-sdk/src/rp2_common/pico_double/double_v1_rom_shim.S.obj
                0x10004850                dadd_shim
 .text.dmul_shim
                0x100049ac      0x15c CMakeFiles/pusuarios.dir/C_/Program_Files/Raspberry_Pi/Pico_SDK_v1.5.1/pico-sdk/src/rp2_common/pico_double/double_v1_rom_shim.S.obj
                0x100049ac                dmul_shim
 .text.ddiv_shim
                0x10004b08      0x1b0 CMakeFiles/pusuarios.dir/C_/Program_Files/Raspberry_Pi/Pico_SDK_v1.5.1/pico-sdk/src/rp2_common/pico_double/double_v1_rom_shim.S.obj
                0x10004b08                ddiv_shim
 .text.double2uint_shim
                0x10004cb8        0xe CMakeFiles/pusuarios.dir/C_/Program_Files/Raspberry_Pi/Pico_SDK_v1.5.1/pico-sdk/src/rp2_common/pico_double/double_v1_rom_shim.S.obj
                0x10004cb8                double2uint_shim
                0x10004cba                double2ufix_shim
 *fill*         0x10004cc6        0x2 
 .text.double2uint64_shim
                0x10004cc8       0x70 CMakeFiles/pusuarios.dir/C_/Program_Files/Raspberry_Pi/Pico_SDK_v1.5.1/pico-sdk/src/rp2_common/pico_double/double_v1_rom_shim.S.obj
                0x10004cc8                double2uint64_shim
                0x10004cca                double2ufix64_shim
                0x10004cea                d2fix_a
 .text.dunpacks
                0x10004d38       0x3c CMakeFiles/pusuarios.dir/C_/Program_Files/Raspberry_Pi/Pico_SDK_v1.5.1/pico-sdk/src/rp2_common/pico_double/double_v1_rom_shim.S.obj
                0x10004d38                dunpacks
 .text.__aeabi_lmul
                0x10004d74       0x32 CMakeFiles/pusuarios.dir/C_/Program_Files/Raspberry_Pi/Pico_SDK_v1.5.1/pico-sdk/src/rp2_common/pico_int64_ops/pico_int64_ops_aeabi.S.obj
                0x10004d74                __wrap___aeabi_lmul
 *fill*         0x10004da6        0x2 
 .text.__aeabi_float_init
                0x10004da8       0xfc CMakeFiles/pusuarios.dir/C_/Program_Files/Raspberry_Pi/Pico_SDK_v1.5.1/pico-sdk/src/rp2_common/pico_float/float_init_rom.c.obj
                0x10004da8                __aeabi_float_init
 .text.float_table_shim_on_use_helper
                0x10004ea4       0x34 CMakeFiles/pusuarios.dir/C_/Program_Files/Raspberry_Pi/Pico_SDK_v1.5.1/pico-sdk/src/rp2_common/pico_float/float_v1_rom_shim.S.obj
                0x10004ea4                float_table_shim_on_use_helper
 .text          0x10004ed8       0x10 CMakeFiles/pusuarios.dir/C_/Program_Files/Raspberry_Pi/Pico_SDK_v1.5.1/pico-sdk/src/rp2_common/pico_mem_ops/mem_ops_aeabi.S.obj
                0x10004ed8                __aeabi_mem_init
 .text.memset   0x10004ee8        0xc CMakeFiles/pusuarios.dir/C_/Program_Files/Raspberry_Pi/Pico_SDK_v1.5.1/pico-sdk/src/rp2_common/pico_mem_ops/mem_ops_aeabi.S.obj
                0x10004ee8                __wrap_memset
 .text.memcpy   0x10004ef4        0xc CMakeFiles/pusuarios.dir/C_/Program_Files/Raspberry_Pi/Pico_SDK_v1.5.1/pico-sdk/src/rp2_common/pico_mem_ops/mem_ops_aeabi.S.obj
                0x10004ef4                __wrap_memcpy
                0x10004ef4                __wrap___aeabi_memcpy
 .text.stdio_out_chars_no_crlf
                0x10004f00        0xe CMakeFiles/pusuarios.dir/C_/Program_Files/Raspberry_Pi/Pico_SDK_v1.5.1/pico-sdk/src/rp2_common/pico_stdio/stdio.c.obj
 *fill*         0x10004f0e        0x2 
 .text.stdio_out_chars_crlf
                0x10004f10       0x80 CMakeFiles/pusuarios.dir/C_/Program_Files/Raspberry_Pi/Pico_SDK_v1.5.1/pico-sdk/src/rp2_common/pico_stdio/stdio.c.obj
 .text.stdio_stack_buffer_flush
                0x10004f90       0x44 CMakeFiles/pusuarios.dir/C_/Program_Files/Raspberry_Pi/Pico_SDK_v1.5.1/pico-sdk/src/rp2_common/pico_stdio/stdio.c.obj
 .text.stdio_buffered_printer
                0x10004fd4       0x20 CMakeFiles/pusuarios.dir/C_/Program_Files/Raspberry_Pi/Pico_SDK_v1.5.1/pico-sdk/src/rp2_common/pico_stdio/stdio.c.obj
 .text.stdout_serialize_begin
                0x10004ff4       0x5c CMakeFiles/pusuarios.dir/C_/Program_Files/Raspberry_Pi/Pico_SDK_v1.5.1/pico-sdk/src/rp2_common/pico_stdio/stdio.c.obj
                0x10004ff4                stdout_serialize_begin
 .text.stdout_serialize_end
                0x10005050       0x10 CMakeFiles/pusuarios.dir/C_/Program_Files/Raspberry_Pi/Pico_SDK_v1.5.1/pico-sdk/src/rp2_common/pico_stdio/stdio.c.obj
                0x10005050                stdout_serialize_end
 .text.stdio_put_string
                0x10005060       0x98 CMakeFiles/pusuarios.dir/C_/Program_Files/Raspberry_Pi/Pico_SDK_v1.5.1/pico-sdk/src/rp2_common/pico_stdio/stdio.c.obj
 .text.__wrap_putchar
                0x100050f8       0x1c CMakeFiles/pusuarios.dir/C_/Program_Files/Raspberry_Pi/Pico_SDK_v1.5.1/pico-sdk/src/rp2_common/pico_stdio/stdio.c.obj
                0x100050f8                __wrap_putchar
 .text.stdio_set_driver_enabled
                0x10005114       0x2c CMakeFiles/pusuarios.dir/C_/Program_Files/Raspberry_Pi/Pico_SDK_v1.5.1/pico-sdk/src/rp2_common/pico_stdio/stdio.c.obj
                0x10005114                stdio_set_driver_enabled
 .text.stdio_flush
                0x10005140       0x20 CMakeFiles/pusuarios.dir/C_/Program_Files/Raspberry_Pi/Pico_SDK_v1.5.1/pico-sdk/src/rp2_common/pico_stdio/stdio.c.obj
                0x10005140                stdio_flush
 .text.__wrap_puts
                0x10005160       0x1e CMakeFiles/pusuarios.dir/C_/Program_Files/Raspberry_Pi/Pico_SDK_v1.5.1/pico-sdk/src/rp2_common/pico_stdio/stdio.c.obj
                0x10005160                __wrap_puts
 *fill*         0x1000517e        0x2 
 .text.__wrap_vprintf
                0x10005180       0x40 CMakeFiles/pusuarios.dir/C_/Program_Files/Raspberry_Pi/Pico_SDK_v1.5.1/pico-sdk/src/rp2_common/pico_stdio/stdio.c.obj
                0x10005180                __wrap_vprintf
 .text.__wrap_printf
                0x100051c0       0x18 CMakeFiles/pusuarios.dir/C_/Program_Files/Raspberry_Pi/Pico_SDK_v1.5.1/pico-sdk/src/rp2_common/pico_stdio/stdio.c.obj
                0x100051c0                __wrap_printf
 .text.stdio_init_all
                0x100051d8        0x8 CMakeFiles/pusuarios.dir/C_/Program_Files/Raspberry_Pi/Pico_SDK_v1.5.1/pico-sdk/src/rp2_common/pico_stdio/stdio.c.obj
                0x100051d8                stdio_init_all
 .text.resetd_init
                0x100051e0        0x2 CMakeFiles/pusuarios.dir/C_/Program_Files/Raspberry_Pi/Pico_SDK_v1.5.1/pico-sdk/src/rp2_common/pico_stdio_usb/reset_interface.c.obj
 *fill*         0x100051e2        0x2 
 .text.resetd_reset
                0x100051e4        0xc CMakeFiles/pusuarios.dir/C_/Program_Files/Raspberry_Pi/Pico_SDK_v1.5.1/pico-sdk/src/rp2_common/pico_stdio_usb/reset_interface.c.obj
 .text.resetd_open
                0x100051f0       0x34 CMakeFiles/pusuarios.dir/C_/Program_Files/Raspberry_Pi/Pico_SDK_v1.5.1/pico-sdk/src/rp2_common/pico_stdio_usb/reset_interface.c.obj
 .text.resetd_xfer_cb
                0x10005224        0x4 CMakeFiles/pusuarios.dir/C_/Program_Files/Raspberry_Pi/Pico_SDK_v1.5.1/pico-sdk/src/rp2_common/pico_stdio_usb/reset_interface.c.obj
 .text.reset_usb_boot
                0x10005228       0x18 CMakeFiles/pusuarios.dir/C_/Program_Files/Raspberry_Pi/Pico_SDK_v1.5.1/pico-sdk/src/rp2_common/pico_stdio_usb/reset_interface.c.obj
 .text.resetd_control_xfer_cb
                0x10005240       0x5c CMakeFiles/pusuarios.dir/C_/Program_Files/Raspberry_Pi/Pico_SDK_v1.5.1/pico-sdk/src/rp2_common/pico_stdio_usb/reset_interface.c.obj
 .text.usbd_app_driver_get_cb
                0x1000529c        0xc CMakeFiles/pusuarios.dir/C_/Program_Files/Raspberry_Pi/Pico_SDK_v1.5.1/pico-sdk/src/rp2_common/pico_stdio_usb/reset_interface.c.obj
                0x1000529c                usbd_app_driver_get_cb
 .text.tud_cdc_line_coding_cb
                0x100052a8       0x28 CMakeFiles/pusuarios.dir/C_/Program_Files/Raspberry_Pi/Pico_SDK_v1.5.1/pico-sdk/src/rp2_common/pico_stdio_usb/reset_interface.c.obj
                0x100052a8                tud_cdc_line_coding_cb
 .text.stdio_usb_set_chars_available_callback
                0x100052d0       0x14 CMakeFiles/pusuarios.dir/C_/Program_Files/Raspberry_Pi/Pico_SDK_v1.5.1/pico-sdk/src/rp2_common/pico_stdio_usb/stdio_usb.c.obj
                0x100052d0                stdio_usb_set_chars_available_callback
 .text.usb_irq  0x100052e4       0x10 CMakeFiles/pusuarios.dir/C_/Program_Files/Raspberry_Pi/Pico_SDK_v1.5.1/pico-sdk/src/rp2_common/pico_stdio_usb/stdio_usb.c.obj
 .text.timer_task
                0x100052f4       0x5c CMakeFiles/pusuarios.dir/C_/Program_Files/Raspberry_Pi/Pico_SDK_v1.5.1/pico-sdk/src/rp2_common/pico_stdio_usb/stdio_usb.c.obj
 .text.low_priority_worker_irq
                0x10005350       0xdc CMakeFiles/pusuarios.dir/C_/Program_Files/Raspberry_Pi/Pico_SDK_v1.5.1/pico-sdk/src/rp2_common/pico_stdio_usb/stdio_usb.c.obj
 .text.tud_cdc_rx_cb
                0x1000542c       0x20 CMakeFiles/pusuarios.dir/C_/Program_Files/Raspberry_Pi/Pico_SDK_v1.5.1/pico-sdk/src/rp2_common/pico_stdio_usb/stdio_usb.c.obj
                0x1000542c                tud_cdc_rx_cb
 .text.stdio_usb_init
                0x1000544c      0x11c CMakeFiles/pusuarios.dir/C_/Program_Files/Raspberry_Pi/Pico_SDK_v1.5.1/pico-sdk/src/rp2_common/pico_stdio_usb/stdio_usb.c.obj
                0x1000544c                stdio_usb_init
 .text.stdio_usb_connected
                0x10005568        0xa CMakeFiles/pusuarios.dir/C_/Program_Files/Raspberry_Pi/Pico_SDK_v1.5.1/pico-sdk/src/rp2_common/pico_stdio_usb/stdio_usb.c.obj
                0x10005568                stdio_usb_connected
 *fill*         0x10005572        0x2 
 .text.stdio_usb_in_chars
                0x10005574       0xc4 CMakeFiles/pusuarios.dir/C_/Program_Files/Raspberry_Pi/Pico_SDK_v1.5.1/pico-sdk/src/rp2_common/pico_stdio_usb/stdio_usb.c.obj
                0x10005574                stdio_usb_in_chars
 .text.stdio_usb_out_chars
                0x10005638      0x114 CMakeFiles/pusuarios.dir/C_/Program_Files/Raspberry_Pi/Pico_SDK_v1.5.1/pico-sdk/src/rp2_common/pico_stdio_usb/stdio_usb.c.obj
 .text.tud_descriptor_device_cb
                0x1000574c        0x8 CMakeFiles/pusuarios.dir/C_/Program_Files/Raspberry_Pi/Pico_SDK_v1.5.1/pico-sdk/src/rp2_common/pico_stdio_usb/stdio_usb_descriptors.c.obj
                0x1000574c                tud_descriptor_device_cb
 .text.tud_descriptor_configuration_cb
                0x10005754        0x8 CMakeFiles/pusuarios.dir/C_/Program_Files/Raspberry_Pi/Pico_SDK_v1.5.1/pico-sdk/src/rp2_common/pico_stdio_usb/stdio_usb_descriptors.c.obj
                0x10005754                tud_descriptor_configuration_cb
 .text.tud_descriptor_string_cb
                0x1000575c       0x6c CMakeFiles/pusuarios.dir/C_/Program_Files/Raspberry_Pi/Pico_SDK_v1.5.1/pico-sdk/src/rp2_common/pico_stdio_usb/stdio_usb_descriptors.c.obj
                0x1000575c                tud_descriptor_string_cb
 .text._retrieve_unique_id_on_boot
                0x100057c8       0x10 CMakeFiles/pusuarios.dir/C_/Program_Files/Raspberry_Pi/Pico_SDK_v1.5.1/pico-sdk/src/rp2_common/pico_unique_id/unique_id.c.obj
 .text.pico_get_unique_board_id_string
                0x100057d8       0x60 CMakeFiles/pusuarios.dir/C_/Program_Files/Raspberry_Pi/Pico_SDK_v1.5.1/pico-sdk/src/rp2_common/pico_unique_id/unique_id.c.obj
                0x100057d8                pico_get_unique_board_id_string
 .text.flash_get_unique_id
                0x10005838       0x46 CMakeFiles/pusuarios.dir/C_/Program_Files/Raspberry_Pi/Pico_SDK_v1.5.1/pico-sdk/src/rp2_common/hardware_flash/flash.c.obj
                0x10005838                flash_get_unique_id
 *fill*         0x1000587e        0x2 
 .text.hw_endpoint_get_by_addr
                0x10005880       0x18 CMakeFiles/pusuarios.dir/C_/Program_Files/Raspberry_Pi/Pico_SDK_v1.5.1/pico-sdk/lib/tinyusb/src/portable/raspberrypi/rp2040/dcd_rp2040.c.obj
 .text._hw_endpoint_alloc
                0x10005898       0x70 CMakeFiles/pusuarios.dir/C_/Program_Files/Raspberry_Pi/Pico_SDK_v1.5.1/pico-sdk/lib/tinyusb/src/portable/raspberrypi/rp2040/dcd_rp2040.c.obj
 .text.hw_endpoint_init
                0x10005908       0x88 CMakeFiles/pusuarios.dir/C_/Program_Files/Raspberry_Pi/Pico_SDK_v1.5.1/pico-sdk/lib/tinyusb/src/portable/raspberrypi/rp2040/dcd_rp2040.c.obj
 .text.hw_endpoint_xfer
                0x10005990       0x14 CMakeFiles/pusuarios.dir/C_/Program_Files/Raspberry_Pi/Pico_SDK_v1.5.1/pico-sdk/lib/tinyusb/src/portable/raspberrypi/rp2040/dcd_rp2040.c.obj
 .text.dcd_int_enable
                0x100059a4       0x2c CMakeFiles/pusuarios.dir/C_/Program_Files/Raspberry_Pi/Pico_SDK_v1.5.1/pico-sdk/lib/tinyusb/src/portable/raspberrypi/rp2040/dcd_rp2040.c.obj
                0x100059a4                dcd_int_enable
 .text.dcd_set_address
                0x100059d0       0x2c CMakeFiles/pusuarios.dir/C_/Program_Files/Raspberry_Pi/Pico_SDK_v1.5.1/pico-sdk/lib/tinyusb/src/portable/raspberrypi/rp2040/dcd_rp2040.c.obj
                0x100059d0                dcd_set_address
 .text.dcd_connect
                0x100059fc       0x10 CMakeFiles/pusuarios.dir/C_/Program_Files/Raspberry_Pi/Pico_SDK_v1.5.1/pico-sdk/lib/tinyusb/src/portable/raspberrypi/rp2040/dcd_rp2040.c.obj
                0x100059fc                dcd_connect
 .text.dcd_init
                0x10005a0c       0x80 CMakeFiles/pusuarios.dir/C_/Program_Files/Raspberry_Pi/Pico_SDK_v1.5.1/pico-sdk/lib/tinyusb/src/portable/raspberrypi/rp2040/dcd_rp2040.c.obj
                0x10005a0c                dcd_init
 .text.dcd_edpt0_status_complete
                0x10005a8c       0x1c CMakeFiles/pusuarios.dir/C_/Program_Files/Raspberry_Pi/Pico_SDK_v1.5.1/pico-sdk/lib/tinyusb/src/portable/raspberrypi/rp2040/dcd_rp2040.c.obj
                0x10005a8c                dcd_edpt0_status_complete
 .text.dcd_edpt_open
                0x10005aa8       0x40 CMakeFiles/pusuarios.dir/C_/Program_Files/Raspberry_Pi/Pico_SDK_v1.5.1/pico-sdk/lib/tinyusb/src/portable/raspberrypi/rp2040/dcd_rp2040.c.obj
                0x10005aa8                dcd_edpt_open
 .text.dcd_edpt_close_all
                0x10005ae8        0x8 CMakeFiles/pusuarios.dir/C_/Program_Files/Raspberry_Pi/Pico_SDK_v1.5.1/pico-sdk/lib/tinyusb/src/portable/raspberrypi/rp2040/dcd_rp2040.c.obj
                0x10005ae8                dcd_edpt_close_all
 .text.dcd_edpt_xfer
                0x10005af0       0x34 CMakeFiles/pusuarios.dir/C_/Program_Files/Raspberry_Pi/Pico_SDK_v1.5.1/pico-sdk/lib/tinyusb/src/portable/raspberrypi/rp2040/dcd_rp2040.c.obj
                0x10005af0                dcd_edpt_xfer
 .text.dcd_edpt_stall
                0x10005b24       0x2c CMakeFiles/pusuarios.dir/C_/Program_Files/Raspberry_Pi/Pico_SDK_v1.5.1/pico-sdk/lib/tinyusb/src/portable/raspberrypi/rp2040/dcd_rp2040.c.obj
                0x10005b24                dcd_edpt_stall
 .text.dcd_edpt_clear_stall
                0x10005b50       0x20 CMakeFiles/pusuarios.dir/C_/Program_Files/Raspberry_Pi/Pico_SDK_v1.5.1/pico-sdk/lib/tinyusb/src/portable/raspberrypi/rp2040/dcd_rp2040.c.obj
                0x10005b50                dcd_edpt_clear_stall
 .text.rp2040_usb_init
                0x10005b70       0x4c CMakeFiles/pusuarios.dir/C_/Program_Files/Raspberry_Pi/Pico_SDK_v1.5.1/pico-sdk/lib/tinyusb/src/portable/raspberrypi/rp2040/rp2040_usb.c.obj
                0x10005b70                rp2040_usb_init
 .text.hw_endpoint_xfer_start
                0x10005bbc       0x50 CMakeFiles/pusuarios.dir/C_/Program_Files/Raspberry_Pi/Pico_SDK_v1.5.1/pico-sdk/lib/tinyusb/src/portable/raspberrypi/rp2040/rp2040_usb.c.obj
                0x10005bbc                hw_endpoint_xfer_start
 .text.configuration_reset
                0x10005c0c       0x84 CMakeFiles/pusuarios.dir/C_/Program_Files/Raspberry_Pi/Pico_SDK_v1.5.1/pico-sdk/lib/tinyusb/src/device/usbd.c.obj
 .text.usbd_reset
                0x10005c90        0xc CMakeFiles/pusuarios.dir/C_/Program_Files/Raspberry_Pi/Pico_SDK_v1.5.1/pico-sdk/lib/tinyusb/src/device/usbd.c.obj
 .text.invoke_class_control
                0x10005c9c       0x1a CMakeFiles/pusuarios.dir/C_/Program_Files/Raspberry_Pi/Pico_SDK_v1.5.1/pico-sdk/lib/tinyusb/src/device/usbd.c.obj
 *fill*         0x10005cb6        0x2 
 .text.process_set_config
                0x10005cb8      0x178 CMakeFiles/pusuarios.dir/C_/Program_Files/Raspberry_Pi/Pico_SDK_v1.5.1/pico-sdk/lib/tinyusb/src/device/usbd.c.obj
 .text.process_get_descriptor
                0x10005e30       0xdc CMakeFiles/pusuarios.dir/C_/Program_Files/Raspberry_Pi/Pico_SDK_v1.5.1/pico-sdk/lib/tinyusb/src/device/usbd.c.obj
 .text.tud_mounted
                0x10005f0c       0x10 CMakeFiles/pusuarios.dir/C_/Program_Files/Raspberry_Pi/Pico_SDK_v1.5.1/pico-sdk/lib/tinyusb/src/device/usbd.c.obj
                0x10005f0c                tud_mounted
 .text.tud_suspended
                0x10005f1c       0x10 CMakeFiles/pusuarios.dir/C_/Program_Files/Raspberry_Pi/Pico_SDK_v1.5.1/pico-sdk/lib/tinyusb/src/device/usbd.c.obj
                0x10005f1c                tud_suspended
 .text.tud_inited
                0x10005f2c       0x14 CMakeFiles/pusuarios.dir/C_/Program_Files/Raspberry_Pi/Pico_SDK_v1.5.1/pico-sdk/lib/tinyusb/src/device/usbd.c.obj
                0x10005f2c                tud_inited
 .text.tud_init
                0x10005f40       0xcc CMakeFiles/pusuarios.dir/C_/Program_Files/Raspberry_Pi/Pico_SDK_v1.5.1/pico-sdk/lib/tinyusb/src/device/usbd.c.obj
                0x10005f40                tud_init
 .text.usbd_defer_func
                0x1000600c       0x2a CMakeFiles/pusuarios.dir/C_/Program_Files/Raspberry_Pi/Pico_SDK_v1.5.1/pico-sdk/lib/tinyusb/src/device/usbd.c.obj
                0x1000600c                usbd_defer_func
 *fill*         0x10006036        0x2 
 .text.usbd_edpt_open
                0x10006038       0x34 CMakeFiles/pusuarios.dir/C_/Program_Files/Raspberry_Pi/Pico_SDK_v1.5.1/pico-sdk/lib/tinyusb/src/device/usbd.c.obj
                0x10006038                usbd_edpt_open
 .text.usbd_open_edpt_pair
                0x1000606c       0x62 CMakeFiles/pusuarios.dir/C_/Program_Files/Raspberry_Pi/Pico_SDK_v1.5.1/pico-sdk/lib/tinyusb/src/device/usbd.c.obj
                0x1000606c                usbd_open_edpt_pair
 *fill*         0x100060ce        0x2 
 .text.usbd_edpt_claim
                0x100060d0       0x28 CMakeFiles/pusuarios.dir/C_/Program_Files/Raspberry_Pi/Pico_SDK_v1.5.1/pico-sdk/lib/tinyusb/src/device/usbd.c.obj
                0x100060d0                usbd_edpt_claim
 .text.usbd_edpt_release
                0x100060f8       0x28 CMakeFiles/pusuarios.dir/C_/Program_Files/Raspberry_Pi/Pico_SDK_v1.5.1/pico-sdk/lib/tinyusb/src/device/usbd.c.obj
                0x100060f8                usbd_edpt_release
 .text.usbd_edpt_xfer
                0x10006120       0x78 CMakeFiles/pusuarios.dir/C_/Program_Files/Raspberry_Pi/Pico_SDK_v1.5.1/pico-sdk/lib/tinyusb/src/device/usbd.c.obj
                0x10006120                usbd_edpt_xfer
 .text.usbd_edpt_stall
                0x10006198       0x48 CMakeFiles/pusuarios.dir/C_/Program_Files/Raspberry_Pi/Pico_SDK_v1.5.1/pico-sdk/lib/tinyusb/src/device/usbd.c.obj
                0x10006198                usbd_edpt_stall
 .text.usbd_edpt_clear_stall
                0x100061e0       0x48 CMakeFiles/pusuarios.dir/C_/Program_Files/Raspberry_Pi/Pico_SDK_v1.5.1/pico-sdk/lib/tinyusb/src/device/usbd.c.obj
                0x100061e0                usbd_edpt_clear_stall
 .text.usbd_edpt_stalled
                0x10006228       0x1c CMakeFiles/pusuarios.dir/C_/Program_Files/Raspberry_Pi/Pico_SDK_v1.5.1/pico-sdk/lib/tinyusb/src/device/usbd.c.obj
                0x10006228                usbd_edpt_stalled
 .text.process_control_request
                0x10006244      0x37c CMakeFiles/pusuarios.dir/C_/Program_Files/Raspberry_Pi/Pico_SDK_v1.5.1/pico-sdk/lib/tinyusb/src/device/usbd.c.obj
 .text.tud_task_ext
                0x100065c0      0x1b8 CMakeFiles/pusuarios.dir/C_/Program_Files/Raspberry_Pi/Pico_SDK_v1.5.1/pico-sdk/lib/tinyusb/src/device/usbd.c.obj
                0x100065c0                tud_task_ext
 .text._data_stage_xact
                0x10006778       0x58 CMakeFiles/pusuarios.dir/C_/Program_Files/Raspberry_Pi/Pico_SDK_v1.5.1/pico-sdk/lib/tinyusb/src/device/usbd_control.c.obj
 .text.tud_control_status
                0x100067d0       0x38 CMakeFiles/pusuarios.dir/C_/Program_Files/Raspberry_Pi/Pico_SDK_v1.5.1/pico-sdk/lib/tinyusb/src/device/usbd_control.c.obj
                0x100067d0                tud_control_status
 .text.tud_control_xfer
                0x10006808       0x74 CMakeFiles/pusuarios.dir/C_/Program_Files/Raspberry_Pi/Pico_SDK_v1.5.1/pico-sdk/lib/tinyusb/src/device/usbd_control.c.obj
                0x10006808                tud_control_xfer
 .text.usbd_control_reset
                0x1000687c       0x14 CMakeFiles/pusuarios.dir/C_/Program_Files/Raspberry_Pi/Pico_SDK_v1.5.1/pico-sdk/lib/tinyusb/src/device/usbd_control.c.obj
                0x1000687c                usbd_control_reset
 .text.usbd_control_set_complete_callback
                0x10006890        0xc CMakeFiles/pusuarios.dir/C_/Program_Files/Raspberry_Pi/Pico_SDK_v1.5.1/pico-sdk/lib/tinyusb/src/device/usbd_control.c.obj
                0x10006890                usbd_control_set_complete_callback
 .text.usbd_control_set_request
                0x1000689c       0x1c CMakeFiles/pusuarios.dir/C_/Program_Files/Raspberry_Pi/Pico_SDK_v1.5.1/pico-sdk/lib/tinyusb/src/device/usbd_control.c.obj
                0x1000689c                usbd_control_set_request
 .text.usbd_control_xfer_cb
                0x100068b8       0xcc CMakeFiles/pusuarios.dir/C_/Program_Files/Raspberry_Pi/Pico_SDK_v1.5.1/pico-sdk/lib/tinyusb/src/device/usbd_control.c.obj
                0x100068b8                usbd_control_xfer_cb
 .text._prep_out_transaction
                0x10006984       0x4a CMakeFiles/pusuarios.dir/C_/Program_Files/Raspberry_Pi/Pico_SDK_v1.5.1/pico-sdk/lib/tinyusb/src/class/cdc/cdc_device.c.obj
 *fill*         0x100069ce        0x2 
 .text.tud_cdc_n_connected
                0x100069d0       0x44 CMakeFiles/pusuarios.dir/C_/Program_Files/Raspberry_Pi/Pico_SDK_v1.5.1/pico-sdk/lib/tinyusb/src/class/cdc/cdc_device.c.obj
                0x100069d0                tud_cdc_n_connected
 .text.tud_cdc_n_available
                0x10006a14       0x18 CMakeFiles/pusuarios.dir/C_/Program_Files/Raspberry_Pi/Pico_SDK_v1.5.1/pico-sdk/lib/tinyusb/src/class/cdc/cdc_device.c.obj
                0x10006a14                tud_cdc_n_available
 .text.tud_cdc_n_read
                0x10006a2c       0x28 CMakeFiles/pusuarios.dir/C_/Program_Files/Raspberry_Pi/Pico_SDK_v1.5.1/pico-sdk/lib/tinyusb/src/class/cdc/cdc_device.c.obj
                0x10006a2c                tud_cdc_n_read
 .text.tud_cdc_n_write_flush
                0x10006a54       0xb8 CMakeFiles/pusuarios.dir/C_/Program_Files/Raspberry_Pi/Pico_SDK_v1.5.1/pico-sdk/lib/tinyusb/src/class/cdc/cdc_device.c.obj
                0x10006a54                tud_cdc_n_write_flush
 .text.tud_cdc_n_write
                0x10006b0c       0x38 CMakeFiles/pusuarios.dir/C_/Program_Files/Raspberry_Pi/Pico_SDK_v1.5.1/pico-sdk/lib/tinyusb/src/class/cdc/cdc_device.c.obj
                0x10006b0c                tud_cdc_n_write
 .text.tud_cdc_n_write_available
                0x10006b44       0x1c CMakeFiles/pusuarios.dir/C_/Program_Files/Raspberry_Pi/Pico_SDK_v1.5.1/pico-sdk/lib/tinyusb/src/class/cdc/cdc_device.c.obj
                0x10006b44                tud_cdc_n_write_available
 .text.cdcd_init
                0x10006b60       0xbc CMakeFiles/pusuarios.dir/C_/Program_Files/Raspberry_Pi/Pico_SDK_v1.5.1/pico-sdk/lib/tinyusb/src/class/cdc/cdc_device.c.obj
                0x10006b60                cdcd_init
 .text.cdcd_reset
                0x10006c1c       0x44 CMakeFiles/pusuarios.dir/C_/Program_Files/Raspberry_Pi/Pico_SDK_v1.5.1/pico-sdk/lib/tinyusb/src/class/cdc/cdc_device.c.obj
                0x10006c1c                cdcd_reset
 .text.cdcd_open
                0x10006c60       0xcc CMakeFiles/pusuarios.dir/C_/Program_Files/Raspberry_Pi/Pico_SDK_v1.5.1/pico-sdk/lib/tinyusb/src/class/cdc/cdc_device.c.obj
                0x10006c60                cdcd_open
 .text.cdcd_control_xfer_cb
                0x10006d2c      0x134 CMakeFiles/pusuarios.dir/C_/Program_Files/Raspberry_Pi/Pico_SDK_v1.5.1/pico-sdk/lib/tinyusb/src/class/cdc/cdc_device.c.obj
                0x10006d2c                cdcd_control_xfer_cb
 .text.cdcd_xfer_cb
                0x10006e60      0x130 CMakeFiles/pusuarios.dir/C_/Program_Files/Raspberry_Pi/Pico_SDK_v1.5.1/pico-sdk/lib/tinyusb/src/class/cdc/cdc_device.c.obj
                0x10006e60                cdcd_xfer_cb
 .text.tusb_init
                0x10006f90        0xa CMakeFiles/pusuarios.dir/C_/Program_Files/Raspberry_Pi/Pico_SDK_v1.5.1/pico-sdk/lib/tinyusb/src/tusb.c.obj
                0x10006f90                tusb_init
 .text.tusb_inited
                0x10006f9a        0xe CMakeFiles/pusuarios.dir/C_/Program_Files/Raspberry_Pi/Pico_SDK_v1.5.1/pico-sdk/lib/tinyusb/src/tusb.c.obj
                0x10006f9a                tusb_inited
 .text.tu_edpt_claim
                0x10006fa8       0x50 CMakeFiles/pusuarios.dir/C_/Program_Files/Raspberry_Pi/Pico_SDK_v1.5.1/pico-sdk/lib/tinyusb/src/tusb.c.obj
                0x10006fa8                tu_edpt_claim
 .text.tu_edpt_release
                0x10006ff8       0x3c CMakeFiles/pusuarios.dir/C_/Program_Files/Raspberry_Pi/Pico_SDK_v1.5.1/pico-sdk/lib/tinyusb/src/tusb.c.obj
                0x10006ff8                tu_edpt_release
 .text.tu_edpt_validate
                0x10007034       0x78 CMakeFiles/pusuarios.dir/C_/Program_Files/Raspberry_Pi/Pico_SDK_v1.5.1/pico-sdk/lib/tinyusb/src/tusb.c.obj
                0x10007034                tu_edpt_validate
 .text.tu_edpt_bind_driver
                0x100070ac       0x26 CMakeFiles/pusuarios.dir/C_/Program_Files/Raspberry_Pi/Pico_SDK_v1.5.1/pico-sdk/lib/tinyusb/src/tusb.c.obj
                0x100070ac                tu_edpt_bind_driver
 .text.advance_index
                0x100070d2       0x1a CMakeFiles/pusuarios.dir/C_/Program_Files/Raspberry_Pi/Pico_SDK_v1.5.1/pico-sdk/lib/tinyusb/src/common/tusb_fifo.c.obj
 .text._tu_fifo_peek
                0x100070ec       0x56 CMakeFiles/pusuarios.dir/C_/Program_Files/Raspberry_Pi/Pico_SDK_v1.5.1/pico-sdk/lib/tinyusb/src/common/tusb_fifo.c.obj
 .text._ff_pull_const_addr
                0x10007142       0x4c CMakeFiles/pusuarios.dir/C_/Program_Files/Raspberry_Pi/Pico_SDK_v1.5.1/pico-sdk/lib/tinyusb/src/common/tusb_fifo.c.obj
 .text._ff_pull_n
                0x1000718e      0x110 CMakeFiles/pusuarios.dir/C_/Program_Files/Raspberry_Pi/Pico_SDK_v1.5.1/pico-sdk/lib/tinyusb/src/common/tusb_fifo.c.obj
 .text._tu_fifo_peek_n
                0x1000729e       0x6a CMakeFiles/pusuarios.dir/C_/Program_Files/Raspberry_Pi/Pico_SDK_v1.5.1/pico-sdk/lib/tinyusb/src/common/tusb_fifo.c.obj
 .text._tu_fifo_read_n
                0x10007308       0x4e CMakeFiles/pusuarios.dir/C_/Program_Files/Raspberry_Pi/Pico_SDK_v1.5.1/pico-sdk/lib/tinyusb/src/common/tusb_fifo.c.obj
 .text._ff_push_const_addr
                0x10007356       0x40 CMakeFiles/pusuarios.dir/C_/Program_Files/Raspberry_Pi/Pico_SDK_v1.5.1/pico-sdk/lib/tinyusb/src/common/tusb_fifo.c.obj
 .text._ff_push_n
                0x10007396      0x10c CMakeFiles/pusuarios.dir/C_/Program_Files/Raspberry_Pi/Pico_SDK_v1.5.1/pico-sdk/lib/tinyusb/src/common/tusb_fifo.c.obj
 .text._tu_fifo_write_n
                0x100074a2       0xf0 CMakeFiles/pusuarios.dir/C_/Program_Files/Raspberry_Pi/Pico_SDK_v1.5.1/pico-sdk/lib/tinyusb/src/common/tusb_fifo.c.obj
 .text.tu_fifo_config
                0x10007592       0x7c CMakeFiles/pusuarios.dir/C_/Program_Files/Raspberry_Pi/Pico_SDK_v1.5.1/pico-sdk/lib/tinyusb/src/common/tusb_fifo.c.obj
                0x10007592                tu_fifo_config
 .text.tu_fifo_count
                0x1000760e       0x2a CMakeFiles/pusuarios.dir/C_/Program_Files/Raspberry_Pi/Pico_SDK_v1.5.1/pico-sdk/lib/tinyusb/src/common/tusb_fifo.c.obj
                0x1000760e                tu_fifo_count
 .text.tu_fifo_empty
                0x10007638       0x10 CMakeFiles/pusuarios.dir/C_/Program_Files/Raspberry_Pi/Pico_SDK_v1.5.1/pico-sdk/lib/tinyusb/src/common/tusb_fifo.c.obj
                0x10007638                tu_fifo_empty
 .text.tu_fifo_full
                0x10007648       0x28 CMakeFiles/pusuarios.dir/C_/Program_Files/Raspberry_Pi/Pico_SDK_v1.5.1/pico-sdk/lib/tinyusb/src/common/tusb_fifo.c.obj
                0x10007648                tu_fifo_full
 .text.tu_fifo_remaining
                0x10007670       0x2c CMakeFiles/pusuarios.dir/C_/Program_Files/Raspberry_Pi/Pico_SDK_v1.5.1/pico-sdk/lib/tinyusb/src/common/tusb_fifo.c.obj
                0x10007670                tu_fifo_remaining
 .text.tu_fifo_read
                0x1000769c       0x42 CMakeFiles/pusuarios.dir/C_/Program_Files/Raspberry_Pi/Pico_SDK_v1.5.1/pico-sdk/lib/tinyusb/src/common/tusb_fifo.c.obj
                0x1000769c                tu_fifo_read
 .text.tu_fifo_read_n
                0x100076de        0xa CMakeFiles/pusuarios.dir/C_/Program_Files/Raspberry_Pi/Pico_SDK_v1.5.1/pico-sdk/lib/tinyusb/src/common/tusb_fifo.c.obj
                0x100076de                tu_fifo_read_n
 .text.tu_fifo_write
                0x100076e8       0x64 CMakeFiles/pusuarios.dir/C_/Program_Files/Raspberry_Pi/Pico_SDK_v1.5.1/pico-sdk/lib/tinyusb/src/common/tusb_fifo.c.obj
                0x100076e8                tu_fifo_write
 .text.tu_fifo_write_n
                0x1000774c        0xa CMakeFiles/pusuarios.dir/C_/Program_Files/Raspberry_Pi/Pico_SDK_v1.5.1/pico-sdk/lib/tinyusb/src/common/tusb_fifo.c.obj
                0x1000774c                tu_fifo_write_n
 .text.tu_fifo_clear
                0x10007756       0x3e CMakeFiles/pusuarios.dir/C_/Program_Files/Raspberry_Pi/Pico_SDK_v1.5.1/pico-sdk/lib/tinyusb/src/common/tusb_fifo.c.obj
                0x10007756                tu_fifo_clear
 .text.tu_fifo_set_overwritable
                0x10007794       0x46 CMakeFiles/pusuarios.dir/C_/Program_Files/Raspberry_Pi/Pico_SDK_v1.5.1/pico-sdk/lib/tinyusb/src/common/tusb_fifo.c.obj
                0x10007794                tu_fifo_set_overwritable
 *fill*         0x100077da        0x2 
 .text          0x100077dc       0x88 c:/progra~1/raspbe~1/picosd~1.1/gcc-ar~1/bin/../lib/gcc/arm-none-eabi/10.3.1/../../../../arm-none-eabi/lib/thumb/v6-m/nofp\libg.a(lib_a-strcmp.o)
                0x100077dc                strcmp
 .text.strcpy   0x10007864       0x10 c:/progra~1/raspbe~1/picosd~1.1/gcc-ar~1/bin/../lib/gcc/arm-none-eabi/10.3.1/../../../../arm-none-eabi/lib/thumb/v6-m/nofp\libg.a(lib_a-strcpy.o)
                0x10007864                strcpy
 .text.strlen   0x10007874       0x5c c:/progra~1/raspbe~1/picosd~1.1/gcc-ar~1/bin/../lib/gcc/arm-none-eabi/10.3.1/../../../../arm-none-eabi/lib/thumb/v6-m/nofp\libg.a(lib_a-strlen-stub.o)
                0x10007874                strlen
 *(.fini)
 .fini          0x100078d0        0x4 c:/progra~1/raspbe~1/picosd~1.1/gcc-ar~1/bin/../lib/gcc/arm-none-eabi/10.3.1/thumb/v6-m/nofp/crti.o
                0x100078d0                _fini
 *fill*         0x100078d4        0x4 
 .fini.__stub   0x100078d8       0xe0 linker stubs
 *crtbegin.o(.ctors)
 *crtbegin?.o(.ctors)
 *(EXCLUDE_FILE(*crtend.o *crtend?.o) .ctors)
 *(SORT_BY_NAME(.ctors.*))
 *(.ctors)
 *crtbegin.o(.dtors)
 *crtbegin?.o(.dtors)
 *(EXCLUDE_FILE(*crtend.o *crtend?.o) .dtors)
 *(SORT_BY_NAME(.dtors.*))
 *(.dtors)
 *(.eh_frame*)
 .eh_frame      0x100079b8        0x0 c:/progra~1/raspbe~1/picosd~1.1/gcc-ar~1/bin/../lib/gcc/arm-none-eabi/10.3.1/thumb/v6-m/nofp/crtbegin.o
                0x100079b8                . = ALIGN (0x4)

.glue_7         0x100079b8        0x0
 .glue_7        0x100079b8        0x0 linker stubs

.glue_7t        0x100079b8        0x0
 .glue_7t       0x100079b8        0x0 linker stubs

.vfp11_veneer   0x100079b8        0x0
 .vfp11_veneer  0x100079b8        0x0 linker stubs

.v4_bx          0x100079b8        0x0
 .v4_bx         0x100079b8        0x0 linker stubs

.iplt           0x100079b8        0x0
 .iplt          0x100079b8        0x0 c:/progra~1/raspbe~1/picosd~1.1/gcc-ar~1/bin/../lib/gcc/arm-none-eabi/10.3.1/thumb/v6-m/nofp/crtbegin.o

.rodata         0x100079b8     0x1c18
 *(EXCLUDE_FILE(*libm.a: *libc.a:*lib_a-mem*.o *libgcc.a:) .rodata*)
 .rodata.get_absolute_time.str1.4
                0x100079b8       0x7d CMakeFiles/pusuarios.dir/main.c.obj
 *fill*         0x10007a35        0x3 
 .rodata.main.str1.4
                0x10007a38       0x3a CMakeFiles/pusuarios.dir/main.c.obj
 *fill*         0x10007a72        0x2 
 .rodata.__func__.0
                0x10007a74       0x15 CMakeFiles/pusuarios.dir/main.c.obj
 .rodata.timer_callback.str1.4
                0x10007a89       0x7d CMakeFiles/pusuarios.dir/tcl.c.obj
 *fill*         0x10007a89        0x3 
 .rodata.reset_state.str1.4
                0x10007a8c       0x34 CMakeFiles/pusuarios.dir/tcl.c.obj
 .rodata.handle_timeout.str1.4
                0x10007ac0       0x31 CMakeFiles/pusuarios.dir/tcl.c.obj
 *fill*         0x10007af1        0x3 
 .rodata.show_menu.str1.4
                0x10007af4       0x6f CMakeFiles/pusuarios.dir/tcl.c.obj
 *fill*         0x10007b63        0x1 
 .rodata.amount_menu.str1.4
                0x10007b64       0x50 CMakeFiles/pusuarios.dir/tcl.c.obj
 .rodata.check_balance.str1.4
                0x10007bb4       0x5d CMakeFiles/pusuarios.dir/tcl.c.obj
 *fill*         0x10007c11        0x3 
 .rodata.process_logged_in_state.str1.4
                0x10007c14       0x70 CMakeFiles/pusuarios.dir/tcl.c.obj
 .rodata.withdraw_money.str1.4
                0x10007c84       0xb6 CMakeFiles/pusuarios.dir/tcl.c.obj
 *fill*         0x10007d3a        0x2 
 .rodata.process_key.str1.4
                0x10007d3c      0x19a CMakeFiles/pusuarios.dir/tcl.c.obj
 *fill*         0x10007ed6        0x2 
 .rodata.process_key
                0x10007ed8       0x1c CMakeFiles/pusuarios.dir/tcl.c.obj
 .rodata.COL_PINS
                0x10007ef4        0x4 CMakeFiles/pusuarios.dir/tcl.c.obj
                0x10007ef4                COL_PINS
 .rodata.KEYPAD
                0x10007ef8       0x10 CMakeFiles/pusuarios.dir/tcl.c.obj
                0x10007ef8                KEYPAD
 .rodata.ROW_PINS
                0x10007f08        0x4 CMakeFiles/pusuarios.dir/tcl.c.obj
                0x10007f08                ROW_PINS
 .rodata.__func__.0
                0x10007f0c       0x15 CMakeFiles/pusuarios.dir/tcl.c.obj
 *fill*         0x10007f21        0x3 
 .rodata.spin_lock_claim_unused.str1.4
                0x10007f24       0x1b CMakeFiles/pusuarios.dir/C_/Program_Files/Raspberry_Pi/Pico_SDK_v1.5.1/pico-sdk/src/rp2_common/hardware_sync/sync.c.obj
 *fill*         0x10007f3f        0x1 
 .rodata.make_branch.str1.4
                0x10007f40       0x89 CMakeFiles/pusuarios.dir/C_/Program_Files/Raspberry_Pi/Pico_SDK_v1.5.1/pico-sdk/src/rp2_common/hardware_irq/irq.c.obj
 *fill*         0x10007fc9        0x3 
 .rodata.insert_branch_and_link.str1.4
                0x10007fcc       0x10 CMakeFiles/pusuarios.dir/C_/Program_Files/Raspberry_Pi/Pico_SDK_v1.5.1/pico-sdk/src/rp2_common/hardware_irq/irq.c.obj
 .rodata.irq_set_exclusive_handler.str1.4
                0x10007fdc       0x36 CMakeFiles/pusuarios.dir/C_/Program_Files/Raspberry_Pi/Pico_SDK_v1.5.1/pico-sdk/src/rp2_common/hardware_irq/irq.c.obj
 *fill*         0x10008012        0x2 
 .rodata.irq_add_shared_handler.str1.4
                0x10008014       0xd9 CMakeFiles/pusuarios.dir/C_/Program_Files/Raspberry_Pi/Pico_SDK_v1.5.1/pico-sdk/src/rp2_common/hardware_irq/irq.c.obj
 *fill*         0x100080ed        0x3 
 .rodata.irq_remove_handler.str1.4
                0x100080f0       0x3a CMakeFiles/pusuarios.dir/C_/Program_Files/Raspberry_Pi/Pico_SDK_v1.5.1/pico-sdk/src/rp2_common/hardware_irq/irq.c.obj
 *fill*         0x1000812a        0x2 
 .rodata.irq_add_tail_to_free_list.str1.4
                0x1000812c       0x3a CMakeFiles/pusuarios.dir/C_/Program_Files/Raspberry_Pi/Pico_SDK_v1.5.1/pico-sdk/src/rp2_common/hardware_irq/irq.c.obj
 *fill*         0x10008166        0x2 
 .rodata.user_irq_claim_unused.str1.4
                0x10008168       0x1b CMakeFiles/pusuarios.dir/C_/Program_Files/Raspberry_Pi/Pico_SDK_v1.5.1/pico-sdk/src/rp2_common/hardware_irq/irq.c.obj
 *fill*         0x10008183        0x1 
 .rodata.__func__.0
                0x10008184       0x1a CMakeFiles/pusuarios.dir/C_/Program_Files/Raspberry_Pi/Pico_SDK_v1.5.1/pico-sdk/src/rp2_common/hardware_irq/irq.c.obj
 *fill*         0x1000819e        0x2 
 .rodata.__func__.1
                0x100081a0       0x17 CMakeFiles/pusuarios.dir/C_/Program_Files/Raspberry_Pi/Pico_SDK_v1.5.1/pico-sdk/src/rp2_common/hardware_irq/irq.c.obj
 *fill*         0x100081b7        0x1 
 .rodata.__func__.2
                0x100081b8       0x13 CMakeFiles/pusuarios.dir/C_/Program_Files/Raspberry_Pi/Pico_SDK_v1.5.1/pico-sdk/src/rp2_common/hardware_irq/irq.c.obj
 *fill*         0x100081cb        0x1 
 .rodata.__func__.3
                0x100081cc        0xc CMakeFiles/pusuarios.dir/C_/Program_Files/Raspberry_Pi/Pico_SDK_v1.5.1/pico-sdk/src/rp2_common/hardware_irq/irq.c.obj
 .rodata.__func__.4
                0x100081d8        0xf CMakeFiles/pusuarios.dir/C_/Program_Files/Raspberry_Pi/Pico_SDK_v1.5.1/pico-sdk/src/rp2_common/hardware_irq/irq.c.obj
 *fill*         0x100081e7        0x1 
 .rodata.__func__.5
                0x100081e8       0x17 CMakeFiles/pusuarios.dir/C_/Program_Files/Raspberry_Pi/Pico_SDK_v1.5.1/pico-sdk/src/rp2_common/hardware_irq/irq.c.obj
 *fill*         0x100081ff        0x1 
 .rodata.__func__.6
                0x10008200       0x1a CMakeFiles/pusuarios.dir/C_/Program_Files/Raspberry_Pi/Pico_SDK_v1.5.1/pico-sdk/src/rp2_common/hardware_irq/irq.c.obj
 *fill*         0x1000821a        0x2 
 .rodata.str1.4
                0x1000821c       0xa5 CMakeFiles/pusuarios.dir/C_/Program_Files/Raspberry_Pi/Pico_SDK_v1.5.1/pico-sdk/src/common/pico_sync/mutex.c.obj
                                0x125 (size before relaxing)
 *fill*         0x100082c1        0x3 
 .rodata.__func__.1
                0x100082c4        0xb CMakeFiles/pusuarios.dir/C_/Program_Files/Raspberry_Pi/Pico_SDK_v1.5.1/pico-sdk/src/common/pico_sync/mutex.c.obj
 *fill*         0x100082cf        0x1 
 .rodata.__func__.3
                0x100082d0       0x18 CMakeFiles/pusuarios.dir/C_/Program_Files/Raspberry_Pi/Pico_SDK_v1.5.1/pico-sdk/src/common/pico_sync/mutex.c.obj
 .rodata.__func__.4
                0x100082e8       0x15 CMakeFiles/pusuarios.dir/C_/Program_Files/Raspberry_Pi/Pico_SDK_v1.5.1/pico-sdk/src/common/pico_sync/mutex.c.obj
 *fill*         0x100082fd        0x3 
 .rodata.repeating_timer_callback.str1.4
                0x10008300       0x67 CMakeFiles/pusuarios.dir/C_/Program_Files/Raspberry_Pi/Pico_SDK_v1.5.1/pico-sdk/src/common/pico_time/time.c.obj
 *fill*         0x10008367        0x1 
 .rodata.timer_pool_entry_comparator.str1.4
                0x10008368       0x22 CMakeFiles/pusuarios.dir/C_/Program_Files/Raspberry_Pi/Pico_SDK_v1.5.1/pico-sdk/src/common/pico_time/time.c.obj
 *fill*         0x1000838a        0x2 
 .rodata.ph_add_child_node.str1.4
                0x1000838c       0xb2 CMakeFiles/pusuarios.dir/C_/Program_Files/Raspberry_Pi/Pico_SDK_v1.5.1/pico-sdk/src/common/pico_time/time.c.obj
 *fill*         0x1000843e        0x2 
 .rodata.add_alarm_under_lock.str1.4
                0x10008440       0x28 CMakeFiles/pusuarios.dir/C_/Program_Files/Raspberry_Pi/Pico_SDK_v1.5.1/pico-sdk/src/common/pico_time/time.c.obj
                                 0x2b (size before relaxing)
 .rodata.alarm_pool_alarm_callback.str1.4
                0x10008468       0x98 CMakeFiles/pusuarios.dir/C_/Program_Files/Raspberry_Pi/Pico_SDK_v1.5.1/pico-sdk/src/common/pico_time/time.c.obj
                                0x118 (size before relaxing)
 .rodata.alarm_pool_get_default.str1.4
                0x10008500       0x21 CMakeFiles/pusuarios.dir/C_/Program_Files/Raspberry_Pi/Pico_SDK_v1.5.1/pico-sdk/src/common/pico_time/time.c.obj
 *fill*         0x10008521        0x3 
 .rodata.alarm_pool_cancel_alarm.str1.4
                0x10008524       0x27 CMakeFiles/pusuarios.dir/C_/Program_Files/Raspberry_Pi/Pico_SDK_v1.5.1/pico-sdk/src/common/pico_time/time.c.obj
 *fill*         0x1000854b        0x1 
 .rodata.sleep_until.str1.4
                0x1000854c       0x4d CMakeFiles/pusuarios.dir/C_/Program_Files/Raspberry_Pi/Pico_SDK_v1.5.1/pico-sdk/src/common/pico_time/time.c.obj
 *fill*         0x10008599        0x3 
 .rodata.__func__.1
                0x1000859c       0x18 CMakeFiles/pusuarios.dir/C_/Program_Files/Raspberry_Pi/Pico_SDK_v1.5.1/pico-sdk/src/common/pico_time/time.c.obj
 .rodata.__func__.10
                0x100085b4       0x15 CMakeFiles/pusuarios.dir/C_/Program_Files/Raspberry_Pi/Pico_SDK_v1.5.1/pico-sdk/src/common/pico_time/time.c.obj
 *fill*         0x100085c9        0x3 
 .rodata.__func__.11
                0x100085cc       0x1a CMakeFiles/pusuarios.dir/C_/Program_Files/Raspberry_Pi/Pico_SDK_v1.5.1/pico-sdk/src/common/pico_time/time.c.obj
 *fill*         0x100085e6        0x2 
 .rodata.__func__.12
                0x100085e8        0xa CMakeFiles/pusuarios.dir/C_/Program_Files/Raspberry_Pi/Pico_SDK_v1.5.1/pico-sdk/src/common/pico_time/time.c.obj
 *fill*         0x100085f2        0x2 
 .rodata.__func__.3
                0x100085f4       0x17 CMakeFiles/pusuarios.dir/C_/Program_Files/Raspberry_Pi/Pico_SDK_v1.5.1/pico-sdk/src/common/pico_time/time.c.obj
 *fill*         0x1000860b        0x1 
 .rodata.__func__.4
                0x1000860c       0x12 CMakeFiles/pusuarios.dir/C_/Program_Files/Raspberry_Pi/Pico_SDK_v1.5.1/pico-sdk/src/common/pico_time/time.c.obj
 *fill*         0x1000861e        0x2 
 .rodata.__func__.5
                0x10008620        0xd CMakeFiles/pusuarios.dir/C_/Program_Files/Raspberry_Pi/Pico_SDK_v1.5.1/pico-sdk/src/common/pico_time/time.c.obj
 *fill*         0x1000862d        0x3 
 .rodata.__func__.6
                0x10008630       0x12 CMakeFiles/pusuarios.dir/C_/Program_Files/Raspberry_Pi/Pico_SDK_v1.5.1/pico-sdk/src/common/pico_time/time.c.obj
 *fill*         0x10008642        0x2 
 .rodata.__func__.7
                0x10008644        0xf CMakeFiles/pusuarios.dir/C_/Program_Files/Raspberry_Pi/Pico_SDK_v1.5.1/pico-sdk/src/common/pico_time/time.c.obj
 *fill*         0x10008653        0x1 
 .rodata.__func__.8
                0x10008654        0xc CMakeFiles/pusuarios.dir/C_/Program_Files/Raspberry_Pi/Pico_SDK_v1.5.1/pico-sdk/src/common/pico_time/time.c.obj
 .rodata.__func__.9
                0x10008660       0x15 CMakeFiles/pusuarios.dir/C_/Program_Files/Raspberry_Pi/Pico_SDK_v1.5.1/pico-sdk/src/common/pico_time/time.c.obj
 *fill*         0x10008675        0x3 
 .rodata.hardware_alarm_claim.str1.4
                0x10008678       0x22 CMakeFiles/pusuarios.dir/C_/Program_Files/Raspberry_Pi/Pico_SDK_v1.5.1/pico-sdk/src/rp2_common/hardware_timer/timer.c.obj
 *fill*         0x1000869a        0x2 
 .rodata.hardware_alarm_set_target.str1.4
                0x1000869c       0x81 CMakeFiles/pusuarios.dir/C_/Program_Files/Raspberry_Pi/Pico_SDK_v1.5.1/pico-sdk/src/rp2_common/hardware_timer/timer.c.obj
 *fill*         0x1000871d        0x3 
 .rodata.__func__.0
                0x10008720       0x1a CMakeFiles/pusuarios.dir/C_/Program_Files/Raspberry_Pi/Pico_SDK_v1.5.1/pico-sdk/src/rp2_common/hardware_timer/timer.c.obj
 .rodata.ph_add_child_node.str1.4
                0x1000873a       0xb2 CMakeFiles/pusuarios.dir/C_/Program_Files/Raspberry_Pi/Pico_SDK_v1.5.1/pico-sdk/src/common/pico_util/pheap.c.obj
 *fill*         0x1000873a        0x2 
 .rodata.ph_remove_any_head.str1.4
                0x1000873c       0xa8 CMakeFiles/pusuarios.dir/C_/Program_Files/Raspberry_Pi/Pico_SDK_v1.5.1/pico-sdk/src/common/pico_util/pheap.c.obj
                                 0xbc (size before relaxing)
 .rodata.ph_remove_and_free_node.str1.4
                0x100087e4       0x1e CMakeFiles/pusuarios.dir/C_/Program_Files/Raspberry_Pi/Pico_SDK_v1.5.1/pico-sdk/src/common/pico_util/pheap.c.obj
                                 0x26 (size before relaxing)
 *fill*         0x10008802        0x2 
 .rodata.__func__.0
                0x10008804       0x18 CMakeFiles/pusuarios.dir/C_/Program_Files/Raspberry_Pi/Pico_SDK_v1.5.1/pico-sdk/src/common/pico_util/pheap.c.obj
 .rodata.__func__.1
                0x1000881c       0x13 CMakeFiles/pusuarios.dir/C_/Program_Files/Raspberry_Pi/Pico_SDK_v1.5.1/pico-sdk/src/common/pico_util/pheap.c.obj
 *fill*         0x1000882f        0x1 
 .rodata.__func__.2
                0x10008830       0x12 CMakeFiles/pusuarios.dir/C_/Program_Files/Raspberry_Pi/Pico_SDK_v1.5.1/pico-sdk/src/common/pico_util/pheap.c.obj
 *fill*         0x10008842        0x2 
 .rodata.__func__.3
                0x10008844        0xc CMakeFiles/pusuarios.dir/C_/Program_Files/Raspberry_Pi/Pico_SDK_v1.5.1/pico-sdk/src/common/pico_util/pheap.c.obj
 .rodata.clock_configure.str1.4
                0x10008850       0x73 CMakeFiles/pusuarios.dir/C_/Program_Files/Raspberry_Pi/Pico_SDK_v1.5.1/pico-sdk/src/rp2_common/hardware_clocks/clocks.c.obj
 *fill*         0x100088c3        0x1 
 .rodata.__func__.1
                0x100088c4       0x10 CMakeFiles/pusuarios.dir/C_/Program_Files/Raspberry_Pi/Pico_SDK_v1.5.1/pico-sdk/src/rp2_common/hardware_clocks/clocks.c.obj
 .rodata.pll_init.str1.4
                0x100088d4      0x140 CMakeFiles/pusuarios.dir/C_/Program_Files/Raspberry_Pi/Pico_SDK_v1.5.1/pico-sdk/src/rp2_common/hardware_pll/pll.c.obj
 .rodata.__func__.0
                0x10008a14        0x9 CMakeFiles/pusuarios.dir/C_/Program_Files/Raspberry_Pi/Pico_SDK_v1.5.1/pico-sdk/src/rp2_common/hardware_pll/pll.c.obj
 *fill*         0x10008a1d        0x3 
 .rodata.__assert_func.str1.4
                0x10008a20       0x3f CMakeFiles/pusuarios.dir/C_/Program_Files/Raspberry_Pi/Pico_SDK_v1.5.1/pico-sdk/src/rp2_common/pico_runtime/runtime.c.obj
                                 0x43 (size before relaxing)
 *fill*         0x10008a5f        0x1 
 .rodata.runtime_init.str1.4
                0x10008a60       0x7d CMakeFiles/pusuarios.dir/C_/Program_Files/Raspberry_Pi/Pico_SDK_v1.5.1/pico-sdk/src/rp2_common/pico_runtime/runtime.c.obj
 *fill*         0x10008add        0x3 
 .rodata.panic.str1.4
                0x10008ae0       0x10 CMakeFiles/pusuarios.dir/C_/Program_Files/Raspberry_Pi/Pico_SDK_v1.5.1/pico-sdk/src/rp2_common/pico_runtime/runtime.c.obj
                                 0x12 (size before relaxing)
 .rodata.__func__.2
                0x10008af0        0xd CMakeFiles/pusuarios.dir/C_/Program_Files/Raspberry_Pi/Pico_SDK_v1.5.1/pico-sdk/src/rp2_common/pico_runtime/runtime.c.obj
 *fill*         0x10008afd        0x3 
 .rodata._ftoa.str1.4
                0x10008b00       0x15 CMakeFiles/pusuarios.dir/C_/Program_Files/Raspberry_Pi/Pico_SDK_v1.5.1/pico-sdk/src/rp2_common/pico_printf/printf.c.obj
 *fill*         0x10008b15        0x3 
 .rodata._vsnprintf
                0x10008b18      0x1e0 CMakeFiles/pusuarios.dir/C_/Program_Files/Raspberry_Pi/Pico_SDK_v1.5.1/pico-sdk/src/rp2_common/pico_printf/printf.c.obj
 .rodata.pow10.0
                0x10008cf8       0x50 CMakeFiles/pusuarios.dir/C_/Program_Files/Raspberry_Pi/Pico_SDK_v1.5.1/pico-sdk/src/rp2_common/pico_printf/printf.c.obj
 .rodata.__aeabi_double_init.str1.4
                0x10008d48       0xb8 CMakeFiles/pusuarios.dir/C_/Program_Files/Raspberry_Pi/Pico_SDK_v1.5.1/pico-sdk/src/rp2_common/pico_double/double_init_rom.c.obj
 .rodata.__func__.0
                0x10008e00       0x14 CMakeFiles/pusuarios.dir/C_/Program_Files/Raspberry_Pi/Pico_SDK_v1.5.1/pico-sdk/src/rp2_common/pico_double/double_init_rom.c.obj
 .rodata.__aeabi_float_init.str1.4
                0x10008e14       0x96 CMakeFiles/pusuarios.dir/C_/Program_Files/Raspberry_Pi/Pico_SDK_v1.5.1/pico-sdk/src/rp2_common/pico_float/float_init_rom.c.obj
                                 0x9a (size before relaxing)
 *fill*         0x10008eaa        0x2 
 .rodata.__func__.0
                0x10008eac       0x13 CMakeFiles/pusuarios.dir/C_/Program_Files/Raspberry_Pi/Pico_SDK_v1.5.1/pico-sdk/src/rp2_common/pico_float/float_init_rom.c.obj
 *fill*         0x10008ebf        0x1 
 .rodata.str1.4
                0x10008ec0       0x40 CMakeFiles/pusuarios.dir/C_/Program_Files/Raspberry_Pi/Pico_SDK_v1.5.1/pico-sdk/src/rp2_common/pico_standard_link/binary_info.c.obj
 .rodata.__bi_44
                0x10008f00        0xc CMakeFiles/pusuarios.dir/C_/Program_Files/Raspberry_Pi/Pico_SDK_v1.5.1/pico-sdk/src/rp2_common/pico_standard_link/binary_info.c.obj
 .rodata.__bi_75
                0x10008f0c        0xc CMakeFiles/pusuarios.dir/C_/Program_Files/Raspberry_Pi/Pico_SDK_v1.5.1/pico-sdk/src/rp2_common/pico_standard_link/binary_info.c.obj
 .rodata.__bi_81
                0x10008f18        0xc CMakeFiles/pusuarios.dir/C_/Program_Files/Raspberry_Pi/Pico_SDK_v1.5.1/pico-sdk/src/rp2_common/pico_standard_link/binary_info.c.obj
 .rodata.stdout_serialize_begin.str1.4
                0x10008f24       0x7d CMakeFiles/pusuarios.dir/C_/Program_Files/Raspberry_Pi/Pico_SDK_v1.5.1/pico-sdk/src/rp2_common/pico_stdio/stdio.c.obj
 .rodata.__func__.3
                0x10008f24       0x15 CMakeFiles/pusuarios.dir/C_/Program_Files/Raspberry_Pi/Pico_SDK_v1.5.1/pico-sdk/src/rp2_common/pico_stdio/stdio.c.obj
 *fill*         0x10008f39        0x3 
 .rodata.crlf_str.2
                0x10008f3c        0x2 CMakeFiles/pusuarios.dir/C_/Program_Files/Raspberry_Pi/Pico_SDK_v1.5.1/pico-sdk/src/rp2_common/pico_stdio/stdio.c.obj
 *fill*         0x10008f3e        0x2 
 .rodata._resetd_driver
                0x10008f40       0x18 CMakeFiles/pusuarios.dir/C_/Program_Files/Raspberry_Pi/Pico_SDK_v1.5.1/pico-sdk/src/rp2_common/pico_stdio_usb/reset_interface.c.obj
 .rodata.low_priority_worker_irq.str1.4
                0x10008f58       0x7d CMakeFiles/pusuarios.dir/C_/Program_Files/Raspberry_Pi/Pico_SDK_v1.5.1/pico-sdk/src/rp2_common/pico_stdio_usb/stdio_usb.c.obj
 .rodata.stdio_usb_init.str1.4
                0x10008f58       0x61 CMakeFiles/pusuarios.dir/C_/Program_Files/Raspberry_Pi/Pico_SDK_v1.5.1/pico-sdk/src/rp2_common/pico_stdio_usb/stdio_usb.c.obj
                                 0x69 (size before relaxing)
 *fill*         0x10008fb9        0x3 
 .rodata.str1.4
                0x10008fbc       0x13 CMakeFiles/pusuarios.dir/C_/Program_Files/Raspberry_Pi/Pico_SDK_v1.5.1/pico-sdk/src/rp2_common/pico_stdio_usb/stdio_usb.c.obj
 *fill*         0x10008fcf        0x1 
 .rodata.__bi_182.0
                0x10008fd0        0xc CMakeFiles/pusuarios.dir/C_/Program_Files/Raspberry_Pi/Pico_SDK_v1.5.1/pico-sdk/src/rp2_common/pico_stdio_usb/stdio_usb.c.obj
 .rodata.__func__.1
                0x10008fdc        0xf CMakeFiles/pusuarios.dir/C_/Program_Files/Raspberry_Pi/Pico_SDK_v1.5.1/pico-sdk/src/rp2_common/pico_stdio_usb/stdio_usb.c.obj
 *fill*         0x10008feb        0x1 
 .rodata.__func__.3
                0x10008fec       0x15 CMakeFiles/pusuarios.dir/C_/Program_Files/Raspberry_Pi/Pico_SDK_v1.5.1/pico-sdk/src/rp2_common/pico_stdio_usb/stdio_usb.c.obj
 *fill*         0x10009001        0x3 
 .rodata.str1.4
                0x10009004       0x2a CMakeFiles/pusuarios.dir/C_/Program_Files/Raspberry_Pi/Pico_SDK_v1.5.1/pico-sdk/src/rp2_common/pico_stdio_usb/stdio_usb_descriptors.c.obj
 *fill*         0x1000902e        0x2 
 .rodata.usbd_desc_cfg
                0x10009030       0x54 CMakeFiles/pusuarios.dir/C_/Program_Files/Raspberry_Pi/Pico_SDK_v1.5.1/pico-sdk/src/rp2_common/pico_stdio_usb/stdio_usb_descriptors.c.obj
 .rodata.usbd_desc_device
                0x10009084       0x12 CMakeFiles/pusuarios.dir/C_/Program_Files/Raspberry_Pi/Pico_SDK_v1.5.1/pico-sdk/src/rp2_common/pico_stdio_usb/stdio_usb_descriptors.c.obj
 *fill*         0x10009096        0x2 
 .rodata.usbd_desc_str
                0x10009098       0x18 CMakeFiles/pusuarios.dir/C_/Program_Files/Raspberry_Pi/Pico_SDK_v1.5.1/pico-sdk/src/rp2_common/pico_stdio_usb/stdio_usb_descriptors.c.obj
 .rodata.pico_get_unique_board_id_string.str1.4
                0x100090b0       0x69 CMakeFiles/pusuarios.dir/C_/Program_Files/Raspberry_Pi/Pico_SDK_v1.5.1/pico-sdk/src/rp2_common/pico_unique_id/unique_id.c.obj
 *fill*         0x10009119        0x3 
 .rodata.__func__.0
                0x1000911c       0x20 CMakeFiles/pusuarios.dir/C_/Program_Files/Raspberry_Pi/Pico_SDK_v1.5.1/pico-sdk/src/rp2_common/pico_unique_id/unique_id.c.obj
 .rodata.str1.4
                0x1000913c      0x176 CMakeFiles/pusuarios.dir/C_/Program_Files/Raspberry_Pi/Pico_SDK_v1.5.1/pico-sdk/src/rp2_common/hardware_flash/flash.c.obj
 *fill*         0x100092b2        0x2 
 .rodata.__func__.0
                0x100092b4        0xd CMakeFiles/pusuarios.dir/C_/Program_Files/Raspberry_Pi/Pico_SDK_v1.5.1/pico-sdk/src/rp2_common/hardware_flash/flash.c.obj
 *fill*         0x100092c1        0x3 
 .rodata._hw_endpoint_alloc.str1.4
                0x100092c4       0xd1 CMakeFiles/pusuarios.dir/C_/Program_Files/Raspberry_Pi/Pico_SDK_v1.5.1/pico-sdk/lib/tinyusb/src/portable/raspberrypi/rp2040/dcd_rp2040.c.obj
 *fill*         0x10009395        0x3 
 .rodata.str1.4
                0x10009398       0x14 CMakeFiles/pusuarios.dir/C_/Program_Files/Raspberry_Pi/Pico_SDK_v1.5.1/pico-sdk/lib/tinyusb/src/portable/raspberrypi/rp2040/dcd_rp2040.c.obj
 .rodata.dcd_int_enable.str1.4
                0x100093ac        0xc CMakeFiles/pusuarios.dir/C_/Program_Files/Raspberry_Pi/Pico_SDK_v1.5.1/pico-sdk/lib/tinyusb/src/portable/raspberrypi/rp2040/dcd_rp2040.c.obj
 .rodata.__func__.0
                0x100093b8        0xe CMakeFiles/pusuarios.dir/C_/Program_Files/Raspberry_Pi/Pico_SDK_v1.5.1/pico-sdk/lib/tinyusb/src/portable/raspberrypi/rp2040/dcd_rp2040.c.obj
 *fill*         0x100093c6        0x2 
 .rodata.__func__.1
                0x100093c8        0xe CMakeFiles/pusuarios.dir/C_/Program_Files/Raspberry_Pi/Pico_SDK_v1.5.1/pico-sdk/lib/tinyusb/src/portable/raspberrypi/rp2040/dcd_rp2040.c.obj
 *fill*         0x100093d6        0x2 
 .rodata.__func__.3
                0x100093d8       0x10 CMakeFiles/pusuarios.dir/C_/Program_Files/Raspberry_Pi/Pico_SDK_v1.5.1/pico-sdk/lib/tinyusb/src/portable/raspberrypi/rp2040/dcd_rp2040.c.obj
 .rodata.__func__.5
                0x100093e8        0xf CMakeFiles/pusuarios.dir/C_/Program_Files/Raspberry_Pi/Pico_SDK_v1.5.1/pico-sdk/lib/tinyusb/src/portable/raspberrypi/rp2040/dcd_rp2040.c.obj
 *fill*         0x100093f7        0x1 
 .rodata.__func__.6
                0x100093f8       0x13 CMakeFiles/pusuarios.dir/C_/Program_Files/Raspberry_Pi/Pico_SDK_v1.5.1/pico-sdk/lib/tinyusb/src/portable/raspberrypi/rp2040/dcd_rp2040.c.obj
 *fill*         0x1000940b        0x1 
 .rodata.__func__.7
                0x1000940c        0x9 CMakeFiles/pusuarios.dir/C_/Program_Files/Raspberry_Pi/Pico_SDK_v1.5.1/pico-sdk/lib/tinyusb/src/portable/raspberrypi/rp2040/dcd_rp2040.c.obj
 *fill*         0x10009415        0x3 
 .rodata.str1.4
                0x10009418      0x103 CMakeFiles/pusuarios.dir/C_/Program_Files/Raspberry_Pi/Pico_SDK_v1.5.1/pico-sdk/lib/tinyusb/src/portable/raspberrypi/rp2040/rp2040_usb.c.obj
 *fill*         0x1000951b        0x1 
 .rodata.__func__.0
                0x1000951c        0xf CMakeFiles/pusuarios.dir/C_/Program_Files/Raspberry_Pi/Pico_SDK_v1.5.1/pico-sdk/lib/tinyusb/src/portable/raspberrypi/rp2040/rp2040_usb.c.obj
 *fill*         0x1000952b        0x1 
 .rodata.process_get_descriptor
                0x1000952c       0x40 CMakeFiles/pusuarios.dir/C_/Program_Files/Raspberry_Pi/Pico_SDK_v1.5.1/pico-sdk/lib/tinyusb/src/device/usbd.c.obj
 .rodata.process_control_request
                0x1000956c       0x28 CMakeFiles/pusuarios.dir/C_/Program_Files/Raspberry_Pi/Pico_SDK_v1.5.1/pico-sdk/lib/tinyusb/src/device/usbd.c.obj
 .rodata.tud_task_ext
                0x10009594       0x24 CMakeFiles/pusuarios.dir/C_/Program_Files/Raspberry_Pi/Pico_SDK_v1.5.1/pico-sdk/lib/tinyusb/src/device/usbd.c.obj
 .rodata._usbd_driver
                0x100095b8       0x18 CMakeFiles/pusuarios.dir/C_/Program_Files/Raspberry_Pi/Pico_SDK_v1.5.1/pico-sdk/lib/tinyusb/src/device/usbd.c.obj
                0x100095d0                . = ALIGN (0x4)
 *(SORT_BY_ALIGNMENT(SORT_BY_NAME(.flashdata*)))
                0x100095d0                . = ALIGN (0x4)

.ARM.extab
 *(.ARM.extab* .gnu.linkonce.armextab.*)
                0x100095d0                __exidx_start = .

.ARM.exidx
 *(.ARM.exidx* .gnu.linkonce.armexidx.*)
                0x100095d0                __exidx_end = .
                0x100095d0                . = ALIGN (0x4)
                0x100095d0                __binary_info_start = .

.binary_info    0x100095d0       0x20
 *(.binary_info.keep.*)
 .binary_info.keep.__bi_ptr22
                0x100095d0        0x4 CMakeFiles/pusuarios.dir/C_/Program_Files/Raspberry_Pi/Pico_SDK_v1.5.1/pico-sdk/src/rp2_common/pico_standard_link/binary_info.c.obj
 .binary_info.keep.__bi_ptr30
                0x100095d4        0x4 CMakeFiles/pusuarios.dir/C_/Program_Files/Raspberry_Pi/Pico_SDK_v1.5.1/pico-sdk/src/rp2_common/pico_standard_link/binary_info.c.obj
 .binary_info.keep.__bi_ptr38
                0x100095d8        0x4 CMakeFiles/pusuarios.dir/C_/Program_Files/Raspberry_Pi/Pico_SDK_v1.5.1/pico-sdk/src/rp2_common/pico_standard_link/binary_info.c.obj
 .binary_info.keep.__bi_ptr44
                0x100095dc        0x4 CMakeFiles/pusuarios.dir/C_/Program_Files/Raspberry_Pi/Pico_SDK_v1.5.1/pico-sdk/src/rp2_common/pico_standard_link/binary_info.c.obj
 .binary_info.keep.__bi_ptr50
                0x100095e0        0x4 CMakeFiles/pusuarios.dir/C_/Program_Files/Raspberry_Pi/Pico_SDK_v1.5.1/pico-sdk/src/rp2_common/pico_standard_link/binary_info.c.obj
 .binary_info.keep.__bi_ptr75
                0x100095e4        0x4 CMakeFiles/pusuarios.dir/C_/Program_Files/Raspberry_Pi/Pico_SDK_v1.5.1/pico-sdk/src/rp2_common/pico_standard_link/binary_info.c.obj
 .binary_info.keep.__bi_ptr81
                0x100095e8        0x4 CMakeFiles/pusuarios.dir/C_/Program_Files/Raspberry_Pi/Pico_SDK_v1.5.1/pico-sdk/src/rp2_common/pico_standard_link/binary_info.c.obj
 *(.binary_info.*)
 .binary_info.__bi_ptr182
                0x100095ec        0x4 CMakeFiles/pusuarios.dir/C_/Program_Files/Raspberry_Pi/Pico_SDK_v1.5.1/pico-sdk/src/rp2_common/pico_stdio_usb/stdio_usb.c.obj
                0x100095f0                __binary_info_end = .

.rel.dyn        0x100095f0        0x0
 .rel.iplt      0x100095f0        0x0 c:/progra~1/raspbe~1/picosd~1.1/gcc-ar~1/bin/../lib/gcc/arm-none-eabi/10.3.1/thumb/v6-m/nofp/crtbegin.o